###############################################################################
#                                                                             #
# IAR ELF Linker V1.31.1.50058 for STM8                 30/Mar/2016  15:14:27 #
# Copyright 2010-2012 IAR Systems AB.                                         #
#                                                                             #
#    Output file  =  D:\ProjectPath\GitPath\CH79_A0\Debug\Exe\stm8s003F3.out  #
#    Map file     =  D:\ProjectPath\GitPath\CH79_A0\Debug\List\stm8s003F3.map #
#    Command line =  D:\ProjectPath\GitPath\CH79_A0\Debug\Obj\Afe_bq769x0_use #
#                    r.o D:\ProjectPath\GitPath\CH79_A0\Debug\Obj\bsp_printf. #
#                    o D:\ProjectPath\GitPath\CH79_A0\Debug\Obj\data_def.o    #
#                    D:\ProjectPath\GitPath\CH79_A0\Debug\Obj\main.o          #
#                    D:\ProjectPath\GitPath\CH79_A0\Debug\Obj\soc.o           #
#                    D:\ProjectPath\GitPath\CH79_A0\Debug\Obj\stm8s_awu.o     #
#                    D:\ProjectPath\GitPath\CH79_A0\Debug\Obj\stm8s_clk.o     #
#                    D:\ProjectPath\GitPath\CH79_A0\Debug\Obj\stm8s_exti.o    #
#                    D:\ProjectPath\GitPath\CH79_A0\Debug\Obj\stm8s_gpio.o    #
#                    D:\ProjectPath\GitPath\CH79_A0\Debug\Obj\stm8s_it.o      #
#                    D:\ProjectPath\GitPath\CH79_A0\Debug\Obj\stm8s_tim2.o    #
#                    D:\ProjectPath\GitPath\CH79_A0\Debug\Obj\stm8s_tim4.o    #
#                    D:\ProjectPath\GitPath\CH79_A0\Debug\Obj\stm8s_uart1.o   #
#                    D:\ProjectPath\GitPath\CH79_A0\Debug\Obj\user.o          #
#                    --redirect _Printf=_PrintfSmall --redirect               #
#                    _Scanf=_ScanfSmall -o D:\ProjectPath\GitPath\CH79_A0\Deb #
#                    ug\Exe\stm8s003F3.out --map                              #
#                    D:\ProjectPath\GitPath\CH79_A0\Debug\List\stm8s003F3.map #
#                     --config "C:\Program Files\IAR Systems\Embedded         #
#                    Workbench 6.0 Evaluation\stm8\config\lnkstm8s003f3.icf"  #
#                    --config_def _CSTACK_SIZE=0x100 --config_def             #
#                    _HEAP_SIZE=0x100 --entry __iar_program_start --debug_lib #
#                                                                             #
#                                                                             #
###############################################################################

*******************************************************************************
*** RUNTIME MODEL ATTRIBUTES
***

__SystemLibrary            = DLib
__code_model               = small
__core                     = stm8
__data_model               = medium
__dlib_file_descriptor     = 0
__dlib_full_locale_support = 0
__rt_version               = 4


*******************************************************************************
*** RESERVED RANGES
***

Ranges reserved by absolute symbols:
   [0x0050c7-0x0050c7]
   [0x0050ca-0x0050ca]
   [0x0050e0-0x0050e0]
   [0x0050e2-0x0050e2]
   [0x00521b-0x00521b]
   [0x00530c-0x00530c]
   [0x00530d-0x00530d]
   [0x00530f-0x00530f]
   [0x005310-0x005310]
   [0x005346-0x005346]
   [0x005348-0x005348]
   [0x005404-0x005404]
   [0x005405-0x005405]
   [0x005406-0x005406]
   [0x005407-0x005407]


*******************************************************************************
*** PLACEMENT SUMMARY
***

"A1":  place at start of [0x000000-0x0000ff] { rw section .vregs };
"A2":  place at end of [0x000000-0x0003ff] { block CSTACK };
"P2":  place in [from 0x000000 to 0x0003ff] {
          block HEAP, rw section .far.bss, rw section .far.data,
          rw section .far.noinit, rw section .far_func.textrw,
          rw section .huge.bss, rw section .huge.data, rw section .huge.noinit,
          rw section .huge_func.textrw, rw section .iar.dynexit,
          rw section .near.bss, rw section .near.data, rw section .near.noinit,
          rw section .near_func.textrw };
"A3":  place at start of [0x008000-0x009fff] { block INTVEC };
"P3":  place in [from 0x008000 to 0x009fff] {
          ro section .far.data_init, ro section .far_func.textrw_init,
          ro section .huge.data_init, ro section .huge_func.textrw_init,
          ro section .iar.init_table, ro section .init_array,
          ro section .near.data_init, ro section .near.rodata,
          ro section .near_func.text, ro section .near_func.textrw_init,
          ro section .tiny.data_init, ro section .tiny.rodata_init };

  Section            Kind      Address    Size  Object
  -------            ----      -------    ----  ------
"A1":                                     0x10
  .vregs             uninit   0x000000    0x10  vregs.o [4]
                            - 0x000010    0x10

"P2", part 1 of 2:                        0x21
  P2 s0                       0x000010    0x21  <Init block>
    .near.data       inited   0x000010    0x21  soc.o [1]
                            - 0x000031    0x21

"P2", part 2 of 2:                        0xd3
  .near.bss          zero     0x000031    0x2b  data_def.o [1]
  .near.bss          zero     0x00005c    0x15  data_def.o [1]
  .near.bss          zero     0x000071    0x14  data_def.o [1]
  .near.bss          zero     0x000085    0x14  data_def.o [1]
  .near.bss          zero     0x000099     0x4  data_def.o [1]
  .near.bss          zero     0x00009d     0x4  data_def.o [1]
  .near.bss          zero     0x0000a1     0x3  data_def.o [1]
  .near.bss          zero     0x0000a4     0x2  data_def.o [1]
  .near.bss          zero     0x0000a6     0x2  data_def.o [1]
  .near.bss          zero     0x0000a8     0x2  data_def.o [1]
  .near.bss          zero     0x0000aa     0x2  data_def.o [1]
  .near.bss          zero     0x0000ac     0x2  data_def.o [1]
  .near.bss          zero     0x0000ae     0x2  data_def.o [1]
  .near.bss          zero     0x0000b0     0x2  data_def.o [1]
  .near.bss          zero     0x0000b2     0x2  data_def.o [1]
  .near.bss          zero     0x0000b4     0x2  data_def.o [1]
  .near.bss          zero     0x0000b6     0x2  data_def.o [1]
  .near.bss          zero     0x0000b8     0x2  data_def.o [1]
  .near.bss          zero     0x0000ba     0x2  data_def.o [1]
  .near.bss          zero     0x0000bc     0x2  data_def.o [1]
  .near.bss          zero     0x0000be     0x2  data_def.o [1]
  .near.bss          zero     0x0000c0     0x2  data_def.o [1]
  .near.bss          zero     0x0000c2     0x2  data_def.o [1]
  .near.bss          zero     0x0000c4     0x2  data_def.o [1]
  .near.bss          zero     0x0000c6     0x2  data_def.o [1]
  .near.bss          zero     0x0000c8     0x2  data_def.o [1]
  .near.bss          zero     0x0000ca     0x2  data_def.o [1]
  .near.bss          zero     0x0000cc     0x2  data_def.o [1]
  .near.bss          zero     0x0000ce     0x2  data_def.o [1]
  .near.bss          zero     0x0000d0     0x2  data_def.o [1]
  .near.bss          zero     0x0000d2     0x2  data_def.o [1]
  .near.bss          zero     0x0000d4     0x2  data_def.o [1]
  .near.bss          zero     0x0000d6     0x2  data_def.o [1]
  .near.bss          zero     0x0000d8     0x2  data_def.o [1]
  .near.bss          zero     0x0000da     0x2  data_def.o [1]
  .near.bss          zero     0x0000dc     0x2  data_def.o [1]
  .near.bss          zero     0x0000de     0x2  data_def.o [1]
  .near.bss          zero     0x0000e0     0x2  data_def.o [1]
  .near.bss          zero     0x0000e2     0x2  data_def.o [1]
  .near.bss          zero     0x0000e4     0x2  stm8s_it.o [1]
  .near.bss          zero     0x0000e6     0x1  data_def.o [1]
  .near.bss          zero     0x0000e7     0x1  data_def.o [1]
  .near.bss          zero     0x0000e8     0x1  data_def.o [1]
  .near.bss          zero     0x0000e9     0x1  data_def.o [1]
  .near.bss          zero     0x0000ea     0x1  data_def.o [1]
  .near.bss          zero     0x0000eb     0x1  data_def.o [1]
  .near.bss          zero     0x0000ec     0x1  data_def.o [1]
  .near.bss          zero     0x0000ed     0x1  data_def.o [1]
  .near.bss          zero     0x0000ee     0x1  data_def.o [1]
  .near.bss          zero     0x0000ef     0x1  data_def.o [1]
  .near.bss          zero     0x0000f0     0x1  data_def.o [1]
  .near.bss          zero     0x0000f1     0x1  data_def.o [1]
  .near.bss          zero     0x0000f2     0x1  data_def.o [1]
  .near.bss          zero     0x0000f3     0x1  data_def.o [1]
  .near.bss          zero     0x0000f4     0x1  data_def.o [1]
  .near.bss          zero     0x0000f5     0x1  data_def.o [1]
  .near.bss          zero     0x0000f6     0x1  data_def.o [1]
  .near.bss          zero     0x0000f7     0x1  data_def.o [1]
  .near.bss          zero     0x0000f8     0x1  data_def.o [1]
  .near.bss          zero     0x0000f9     0x1  data_def.o [1]
  .near.bss          zero     0x0000fa     0x1  data_def.o [1]
  .near.bss          zero     0x0000fb     0x1  data_def.o [1]
  .near.bss          zero     0x0000fc     0x1  data_def.o [1]
  .near.bss          zero     0x0000fd     0x1  data_def.o [1]
  .near.bss          zero     0x0000fe     0x1  data_def.o [1]
  .near.bss          zero     0x0000ff     0x1  data_def.o [1]
  .near.bss          zero     0x000100     0x1  data_def.o [1]
  .near.bss          zero     0x000101     0x1  stm8s_it.o [1]
  .near.bss          zero     0x000102     0x1  user.o [1]
  .near.bss          zero     0x000103     0x1  user.o [1]
                            - 0x000104    0xd3

"A2":                                    0x100
  CSTACK                      0x000300   0x100  <Block>
    CSTACK           uninit   0x000300   0x100  <Block tail>
                            - 0x000400   0x100

"A3":                                     0x80
  INTVEC                      0x008000    0x80  <Block>
    .intvec          const    0x008000    0x80  interrupt.o [4]
                            - 0x008080    0x80

"P3":                                   0x18ed
  .near_func.text    ro code  0x008080   0x99a  user.o [1]
  .near_func.text    ro code  0x008a1a   0x1d8  soc.o [1]
  .near_func.text    ro code  0x008bf2   0x1c8  Afe_bq769x0_user.o [1]
  .near_func.text    ro code  0x008dba   0x1c8  long.o [4]
  .near_func.text    ro code  0x008f82   0x189  stm8s_it.o [1]
  .near_func.text    ro code  0x00910b    0xf9  user.o [1]
  .near_func.text    ro code  0x009204    0xf2  vreg_util.o [4]
  .near_func.text    ro code  0x0092f6    0x8e  user.o [1]
  .near_func.text    ro code  0x009384    0x73  soc.o [1]
  .near_func.text    ro code  0x0093f7    0x67  stm8s_gpio.o [1]
  .near_func.text    ro code  0x00945e    0x5f  main.o [1]
  .near_func.text    ro code  0x0094bd    0x56  stm8s_exti.o [1]
  .near_func.text    ro code  0x009513    0x4e  long_util.o [4]
  .near_func.text    ro code  0x009561    0x42  user.o [1]
  .near_func.text    ro code  0x0095a3    0x38  Afe_bq769x0_user.o [1]
  .near_func.text    ro code  0x0095db    0x38  user.o [1]
  .near_func.text    ro code  0x009613    0x36  Afe_bq769x0_user.o [1]
  .near_func.text    ro code  0x009649    0x33  short.o [4]
  .near_func.text    ro code  0x00967c    0x2a  Afe_bq769x0_user.o [1]
  .near_func.text    ro code  0x0096a6    0x29  user.o [1]
  .near_func.text    ro code  0x0096cf    0x28  Afe_bq769x0_user.o [1]
  .near_func.text    ro code  0x0096f7    0x28  init_small.o [4]
  .near_func.text    ro code  0x00971f    0x26  Afe_bq769x0_user.o [1]
  .near_func.text    ro code  0x009745    0x22  Afe_bq769x0_user.o [1]
  .near_func.text    ro code  0x009767    0x21  user.o [1]
  .iar.init_table    const    0x009788    0x12  - Linker created -
  .near_func.text    ro code  0x00979a    0x1f  dc_util.o [4]
  .near_func.text    ro code  0x0097b9    0x1e  init_small.o [4]
  .near_func.text    ro code  0x0097d7    0x17  init.o [4]
  .near_func.text    ro code  0x0097ee    0x14  __dbg_xxexit.o [3]
  .near_func.text    ro code  0x009802    0x13  cstartup.o [4]
  .near_func.text    ro code  0x009815    0x12  Afe_bq769x0_user.o [1]
  .near_func.text    ro code  0x009827    0x12  soc.o [1]
  .near_func.text    ro code  0x009839    0x10  stm8s_it.o [1]
  .near_func.text    ro code  0x009849     0xf  soc.o [1]
  .near_func.text    ro code  0x009858     0xe  soc.o [1]
  .near_func.text    ro code  0x009866     0xe  soc.o [1]
  .near_func.text    ro code  0x009874     0xe  stm8s_it.o [1]
  .near_func.text    ro code  0x009882     0xd  Afe_bq769x0_user.o [1]
  .near_func.text    ro code  0x00988f     0xd  soc.o [1]
  .near_func.text    ro code  0x00989c     0xc  soc.o [1]
  .near_func.text    ro code  0x0098a8     0xc  soc.o [1]
  .near_func.text    ro code  0x0098b4     0xb  Afe_bq769x0_user.o [1]
  .near_func.text    ro code  0x0098bf     0xb  Afe_bq769x0_user.o [1]
  .near_func.text    ro code  0x0098ca     0xb  char.o [4]
  .near_func.text    ro code  0x0098d5     0x9  soc.o [1]
  .near_func.text    ro code  0x0098de     0x9  soc.o [1]
  .near_func.text    ro code  0x0098e7     0x8  Afe_bq769x0_user.o [1]
  .near_func.text    ro code  0x0098ef     0x8  soc.o [1]
  .near_func.text    ro code  0x0098f7     0x8  stm8s_it.o [1]
  .near_func.text    ro code  0x0098ff     0x7  soc.o [1]
  .near_func.text    ro code  0x009906     0x6  Afe_bq769x0_user.o [1]
  .near_func.text    ro code  0x00990c     0x6  soc.o [1]
  .near_func.text    ro code  0x009912     0x6  stm8s_exti.o [1]
  .near_func.text    ro code  0x009918     0x6  stm8s_it.o [1]
  .near_func.text    ro code  0x00991e     0x5  cexit.o [4]
  .near_func.text    ro code  0x009923     0x3  interrupt.o [4]
  .near_func.text    ro code  0x009926     0x3  low_level_init.o [4]
  .near_func.text    ro code  0x009929     0x3  exit.o [4]
  .near_func.text    ro code  0x00992c     0x3  unhandled_exception.o [4]
  .near_func.text    ro code  0x00992f     0x2  stm8s_it.o [1]
  .near_func.text    ro code  0x009931     0x2  stm8s_it.o [1]
  .near_func.text    ro code  0x009933     0x2  stm8s_it.o [1]
  .near_func.text    ro code  0x009935     0x2  stm8s_it.o [1]
  .near_func.text    ro code  0x009937     0x2  stm8s_it.o [1]
  .near_func.text    ro code  0x009939     0x2  stm8s_it.o [1]
  .near_func.text    ro code  0x00993b     0x2  stm8s_it.o [1]
  .near_func.text    ro code  0x00993d     0x2  stm8s_it.o [1]
  .near_func.text    ro code  0x00993f     0x2  stm8s_it.o [1]
  .near_func.text    ro code  0x009941     0x2  stm8s_it.o [1]
  .near_func.text    ro code  0x009943     0x2  stm8s_it.o [1]
  .near_func.text    ro code  0x009945     0x2  stm8s_it.o [1]
  .near_func.text    ro code  0x009947     0x2  stm8s_it.o [1]
  .near_func.text    ro code  0x009949     0x1  stm8s_it.o [1]
  .near_func.text    ro code  0x00994a     0x1  stm8s_it.o [1]
  .near_func.text    ro code  0x00994b     0x1  __dbg_break.o [3]
  Initializer bytes  ro data  0x00994c    0x21  <for P2 s0>
                            - 0x00996d  0x18ed


*******************************************************************************
*** INIT TABLE
***

          Address   Size
          -------   ----
Zero (__iar_zero_init2)
    1 destination range, total size 0xd3:
          0x000031  0xd3

Copy (__iar_copy_init2)
    1 source range, total size 0x21:
          0x00994c  0x21
    1 destination range, total size 0x21:
          0x000010  0x21


*******************************************************************************
*** MODULE SUMMARY
***

    Module                 ro code  ro data  rw data
    ------                 -------  -------  -------
D:\ProjectPath\GitPath\CH79_A0\Debug\Obj: [1]
    Afe_bq769x0_user.o         787
    data_def.o                                   206
    main.o                      95
    soc.o                      724       33       33
    stm8s_exti.o                92
    stm8s_gpio.o               103
    stm8s_it.o                 465                 3
    user.o                   3 045                 2
    ------------------------------------------------
    Total:                   5 311       33      244

command line: [2]
    ------------------------------------------------
    Total:

dbgstm8smd.a: [3]
    __dbg_break.o                1
    __dbg_xxexit.o              20
    ------------------------------------------------
    Total:                      21

dlstm8smn.a: [4]
    cexit.o                      5
    char.o                      11
    cstartup.o                  19
    dc_util.o                   31
    exit.o                       3
    init.o                      23
    init_small.o                70
    interrupt.o                  3      128
    long.o                     456
    long_util.o                 78
    low_level_init.o             3
    short.o                     51
    unhandled_exception.o        3
    vreg_util.o                242
    vregs.o                                       16
    ------------------------------------------------
    Total:                     998      128       16

    Linker created                       18      256
----------------------------------------------------
    Grand Total:             6 330      179      516


*******************************************************************************
*** ENTRY LIST
***

Entry                      Address   Size  Type      Object
-----                      -------   ----  ----      ------
?add32_l0_l0_0x           0x008dca         Code  Gb  long.o [4]
?b0                       0x000000         Data  Gb  vregs.o [4]
?b1                       0x000001         Data  Gb  vregs.o [4]
?b10                      0x00000a         Data  Gb  vregs.o [4]
?b11                      0x00000b         Data  Gb  vregs.o [4]
?b12                      0x00000c         Data  Gb  vregs.o [4]
?b13                      0x00000d         Data  Gb  vregs.o [4]
?b14                      0x00000e         Data  Gb  vregs.o [4]
?b15                      0x00000f         Data  Gb  vregs.o [4]
?b2                       0x000002         Data  Gb  vregs.o [4]
?b3                       0x000003         Data  Gb  vregs.o [4]
?b4                       0x000004         Data  Gb  vregs.o [4]
?b5                       0x000005         Data  Gb  vregs.o [4]
?b6                       0x000006         Data  Gb  vregs.o [4]
?b7                       0x000007         Data  Gb  vregs.o [4]
?b8                       0x000008         Data  Gb  vregs.o [4]
?b9                       0x000009         Data  Gb  vregs.o [4]
?dc32_l1                  0x0097a1         Code  Gb  dc_util.o [4]
?dc32_px                  0x0097ae         Code  Gb  dc_util.o [4]
?dc8_px                   0x00979a         Code  Gb  dc_util.o [4]
?e0                       0x000001         Data  Gb  vregs.o [4]
?e1                       0x000005         Data  Gb  vregs.o [4]
?e2                       0x000009         Data  Gb  vregs.o [4]
?e3                       0x00000d         Data  Gb  vregs.o [4]
?epilogue_l2              0x00929f         Code  Gb  vreg_util.o [4]
?epilogue_l2_l3           0x00929c         Code  Gb  vreg_util.o [4]
?epilogue_w4              0x0092a3         Code  Gb  vreg_util.o [4]
?l0                       0x000000         Data  Gb  vregs.o [4]
?l1                       0x000004         Data  Gb  vregs.o [4]
?l2                       0x000008         Data  Gb  vregs.o [4]
?l3                       0x00000c         Data  Gb  vregs.o [4]
?load32_0x_l0             0x009537         Code  Gb  long_util.o [4]
?load32_0x_l1             0x009545         Code  Gb  long_util.o [4]
?load32_0x_l2             0x009553         Code  Gb  long_util.o [4]
?load32_l0_0x             0x009513         Code  Gb  long_util.o [4]
?load32_l1_0x             0x00951f         Code  Gb  long_util.o [4]
?load32_l2_0x             0x00952b         Code  Gb  long_util.o [4]
?mov_e0_e1                0x0092b8         Code  Gb  vreg_util.o [4]
?mov_e1_e0                0x0092c5         Code  Gb  vreg_util.o [4]
?mov_e1_e2                0x0092d2         Code  Gb  vreg_util.o [4]
?mov_e1_e3                0x0092df         Code  Gb  vreg_util.o [4]
?mov_e2_e0                0x0092ec         Code  Gb  vreg_util.o [4]
?mov_l0_l1                0x0092b5         Code  Gb  vreg_util.o [4]
?mov_l1_l0                0x0092c2         Code  Gb  vreg_util.o [4]
?mov_l1_l2                0x0092cf         Code  Gb  vreg_util.o [4]
?mov_l1_l3                0x0092dc         Code  Gb  vreg_util.o [4]
?mov_l2_l0                0x0092e9         Code  Gb  vreg_util.o [4]
?mov_w1_w3                0x0092bb         Code  Gb  vreg_util.o [4]
?mov_w3_w1                0x0092c8         Code  Gb  vreg_util.o [4]
?mov_w3_w5                0x0092d5         Code  Gb  vreg_util.o [4]
?mov_w3_w7                0x0092e2         Code  Gb  vreg_util.o [4]
?mov_w4_w1                0x0092a7         Code  Gb  vreg_util.o [4]
?mov_w5_w1                0x0092ef         Code  Gb  vreg_util.o [4]
?mov_w7_w0                0x0092ae         Code  Gb  vreg_util.o [4]
?mul16_x_x_w0             0x009649         Code  Gb  short.o [4]
?mul32_l0_l0_0x           0x008e00         Code  Gb  long.o [4]
?mul32_l0_l0_dl           0x008dfd         Code  Gb  long.o [4]
?mul32_l0_l0_l1           0x008e09         Code  Gb  long.o [4]
?neg32_l0_l0              0x008dba         Code  Gb  long.o [4]
?pop_l0                   0x009268         Code  Gb  vreg_util.o [4]
?pop_l1                   0x009273         Code  Gb  vreg_util.o [4]
?pop_l2                   0x00927e         Code  Gb  vreg_util.o [4]
?pop_l3                   0x009289         Code  Gb  vreg_util.o [4]
?pop_w4                   0x009221         Code  Gb  vreg_util.o [4]
?pop_w5                   0x009228         Code  Gb  vreg_util.o [4]
?push_l0                  0x009237         Code  Gb  vreg_util.o [4]
?push_l1                  0x00923c         Code  Gb  vreg_util.o [4]
?push_l2                  0x009241         Code  Gb  vreg_util.o [4]
?push_l3                  0x009246         Code  Gb  vreg_util.o [4]
?push_w4                  0x009204         Code  Gb  vreg_util.o [4]
?push_w5                  0x009209         Code  Gb  vreg_util.o [4]
?scmp32_c_l0_l1           0x008f4b         Code  Gb  long.o [4]
?sdiv32_l0_l0_dl          0x008ef7         Code  Gb  long.o [4]
?sdiv32_l0_l0_l1          0x008efa         Code  Gb  long.o [4]
?sext16_x_a               0x009675         Code  Gb  short.o [4]
?sext32_l0_x              0x008f77         Code  Gb  long.o [4]
?sll16_x_x_a              0x009667         Code  Gb  short.o [4]
?sll32_0x_0x_a            0x008f69         Code  Gb  long.o [4]
?sll32_l0_l0_a            0x008f66         Code  Gb  long.o [4]
?sll32_l0_l0_db           0x008f62         Code  Gb  long.o [4]
?sll8_a_a_5               0x0098cb         Code  Gb  char.o [4]
?sll8_a_a_6               0x0098ca         Code  Gb  char.o [4]
?smod32_l1_l0_l1          0x008efa         Code  Gb  long.o [4]
?srl16_x_x_4              0x009670         Code  Gb  short.o [4]
?srl16_x_x_5              0x00966f         Code  Gb  short.o [4]
?srl8_a_a_5               0x0098d0         Code  Gb  char.o [4]
?sub32_l0_l0_0x           0x008de5         Code  Gb  long.o [4]
?sub32_l0_l0_l1           0x008de2         Code  Gb  long.o [4]
?ucmp32_c_l0_l1           0x008f40         Code  Gb  long.o [4]
?udiv32_l0_l0_dl          0x008e87         Code  Gb  long.o [4]
?udiv32_l0_l0_l1          0x008e8a         Code  Gb  long.o [4]
?umod32_l1_l0_l1          0x008e8a         Code  Gb  long.o [4]
?w0                       0x000000         Data  Gb  vregs.o [4]
?w1                       0x000002         Data  Gb  vregs.o [4]
?w2                       0x000004         Data  Gb  vregs.o [4]
?w3                       0x000006         Data  Gb  vregs.o [4]
?w4                       0x000008         Data  Gb  vregs.o [4]
?w5                       0x00000a         Data  Gb  vregs.o [4]
?w6                       0x00000c         Data  Gb  vregs.o [4]
?w7                       0x00000e         Data  Gb  vregs.o [4]
ADC                       0x008694   0x2f  Code  Gb  user.o [1]
ADC1_IRQHandler           0x009947    0x2  Code  Gb  stm8s_it.o [1]
ADCGain_Val               0x0000b0    0x2  Data  Gb  data_def.o [1]
ADCOffset_Val             0x0000ec    0x1  Data  Gb  data_def.o [1]
ADC_DRH {Abs}           0x00005404    0x1  Data  Wk  user.o [1]
ADC_DRL {Abs}           0x00005405    0x1  Data  Wk  user.o [1]
ADC_TDRH {Abs}          0x00005406    0x1  Data  Wk  user.o [1]
ADC_TDRL {Abs}          0x00005407    0x1  Data  Wk  user.o [1]
ADConverse                0x0086d2   0x7a  Code  Gb  user.o [1]
AWU_IRQHandler            0x0098f7    0x8  Code  Gb  stm8s_it.o [1]
Adc_value                 0x000071   0x14  Data  Gb  data_def.o [1]
Afe_ADC_Enable            0x008d19    0xa  Code  Gb  Afe_bq769x0_user.o [1]
Afe_AbnormalCheck         0x0096cf   0x28  Code  Gb  Afe_bq769x0_user.o [1]
Afe_CC_1Shot_Set          0x009882    0xd  Code  Gb  Afe_bq769x0_user.o [1]
Afe_CC_Disable            0x0098b4    0xb  Code  Gb  Afe_bq769x0_user.o [1]
Afe_CellBalance_Disable
                          0x008d23   0x47  Code  Gb  Afe_bq769x0_user.o [1]
Afe_CellBalance_Enable    0x00971f   0x26  Code  Gb  Afe_bq769x0_user.o [1]
Afe_Device_Init           0x008d6a   0x50  Code  Gb  Afe_bq769x0_user.o [1]
Afe_EnterShipMode         0x009745   0x22  Code  Gb  Afe_bq769x0_user.o [1]
Afe_FET_ChgDis_Cntrl      0x0095b9   0x22  Code  Gb  Afe_bq769x0_user.o [1]
Afe_FET_ChgOff_DisOff     0x0095ae    0xb  Code  Gb  Afe_bq769x0_user.o [1]
Afe_FET_ChgOn_DisOn       0x0095a3    0xb  Code  Gb  Afe_bq769x0_user.o [1]
Afe_Get_Adc               0x009613   0x36  Code  Gb  Afe_bq769x0_user.o [1]
Afe_Get_GainOffset        0x008cc7   0x48  Code  Gb  Afe_bq769x0_user.o [1]
Afe_Get_SysStatus         0x00967c   0x2a  Code  Gb  Afe_bq769x0_user.o [1]
Afe_OCD_Set               0x008cad    0xd  Code  Gb  Afe_bq769x0_user.o [1]
Afe_OV_UV_Delay_Set       0x008c64   0x49  Code  Gb  Afe_bq769x0_user.o [1]
Afe_OV_UV_Threshold_Set
                          0x008bf2   0x55  Code  Gb  Afe_bq769x0_user.o [1]
Afe_SCD_Set               0x008cba    0xd  Code  Gb  Afe_bq769x0_user.o [1]
Afe_Temp_Enable           0x008d0f    0xa  Code  Gb  Afe_bq769x0_user.o [1]
Afe_Volt_Val_Get          0x00844c  0x16f  Code  Gb  user.o [1]
Bits_flag                 0x000100    0x1  Data  Gb  data_def.o [1]
Buf                       0x0000a1    0x3  Data  Gb  data_def.o [1]
CC_AD                     0x0000a4    0x2  Data  Gb  data_def.o [1]
CC_CFG_Last               0x0000f7    0x1  Data  Gb  data_def.o [1]
CC_Val                    0x00009d    0x4  Data  Gb  data_def.o [1]
CC_Volt_Sample_Cnt        0x0000be    0x2  Data  Gb  data_def.o [1]
CELLBAL1_Last             0x0000ee    0x1  Data  Gb  data_def.o [1]
CELLBAL2_Last             0x0000ef    0x1  Data  Gb  data_def.o [1]
CLK_IRQHandler            0x009933    0x2  Code  Gb  stm8s_it.o [1]
CLK_PCKENR1 {Abs}       0x000050c7    0x1  Data  Wk  user.o [1]
CLK_PCKENR2 {Abs}       0x000050ca    0x1  Data  Wk  user.o [1]
CRC8_Caculate             0x009561   0x42  Code  Gb  user.o [1]
CSTACK$$Base              0x000300          --   Gb  - Linker created -
CSTACK$$Limit             0x000400          --   Gb  - Linker created -
CellBal_Cntrl             0x008367   0xc5  Code  Gb  user.o [1]
CellBal_Cntrl_Lock        0x0000f9    0x1  Data  Gb  data_def.o [1]
CellBalance_Cur_Selct     0x0000d4    0x2  Data  Gb  data_def.o [1]
CellBalance_Selct         0x0000dc    0x2  Data  Gb  data_def.o [1]
Cell_Balance_Delay_t      0x0000e0    0x2  Data  Gb  data_def.o [1]
Cell_Volt                 0x000085   0x14  Data  Gb  data_def.o [1]
Cell_Volt_Avg             0x0000aa    0x2  Data  Gb  data_def.o [1]
Cell_Volt_Max             0x0000ac    0x2  Data  Gb  data_def.o [1]
Cell_Volt_Min             0x0000ae    0x2  Data  Gb  data_def.o [1]
Cell_Volt_Sample_Cnt      0x0000bc    0x2  Data  Gb  data_def.o [1]
Cell_Volt_Tol             0x0000a8    0x2  Data  Gb  data_def.o [1]
Check_Val                 0x0000a6    0x2  Data  Gb  data_def.o [1]
ChgCurOv_Re_t             0x0000c4    0x2  Data  Gb  data_def.o [1]
ChgCurOv_t                0x0000c2    0x2  Data  Gb  data_def.o [1]
ChgExchangeMode_Cnt       0x0000e8    0x1  Data  Gb  data_def.o [1]
ChgOv_t                   0x0000c0    0x2  Data  Gb  data_def.o [1]
ClearStatus               0x0085c9   0xbb  Code  Gb  user.o [1]
ClrWdt                    0x008250   0x15  Code  Gb  user.o [1]
CurrentCheck              0x0088be   0x8a  Code  Gb  user.o [1]
Current_Val               0x000099    0x4  Data  Gb  data_def.o [1]
DEVICE_XREADY_Re_t        0x0000d2    0x2  Data  Gb  data_def.o [1]
Delay_ms                  0x008242    0xe  Code  Gb  user.o [1]
Delay_time_t              0x0000da    0x2  Data  Gb  data_def.o [1]
DisCurOv_Re_t             0x0000ce    0x2  Data  Gb  data_def.o [1]
DisCurOv_t                0x0000c8    0x2  Data  Gb  data_def.o [1]
DisCurOv_t1               0x0000ca    0x2  Data  Gb  data_def.o [1]
DisCurOv_t2               0x0000cc    0x2  Data  Gb  data_def.o [1]
DisCurShort_Re_t          0x0000d0    0x2  Data  Gb  data_def.o [1]
DisExchangeMode_Cnt       0x0000e9    0x1  Data  Gb  data_def.o [1]
DisOv_t                   0x0000c6    0x2  Data  Gb  data_def.o [1]
Dis_First_Run_Flag        0x0000e6    0x1  Data  Gb  data_def.o [1]
Dis_First_Run_t           0x0000e7    0x1  Data  Gb  data_def.o [1]
EEPROM_EEC_IRQHandler     0x00994a    0x1  Code  Gb  stm8s_it.o [1]
EXTI_PORTA_IRQHandler     0x009935    0x2  Code  Gb  stm8s_it.o [1]
EXTI_PORTB_IRQHandler     0x009937    0x2  Code  Gb  stm8s_it.o [1]
EXTI_PORTC_IRQHandler     0x009939    0x2  Code  Gb  stm8s_it.o [1]
EXTI_PORTD_IRQHandler     0x009839   0x10  Code  Gb  stm8s_it.o [1]
EXTI_PORTE_IRQHandler     0x00993b    0x2  Code  Gb  stm8s_it.o [1]
EXTI_SetExtIntSensitivity
                          0x0094bd   0x56  Code  Gb  stm8s_exti.o [1]
GPIO_Init                 0x0093f7   0x67  Code  Gb  stm8s_gpio.o [1]
I2C_CCRL {Abs}          0x0000521b    0x1  Data  Wk  user.o [1]
I2C_COM_ERROR_Flag        0x0000eb    0x1  Data  Gb  data_def.o [1]
I2C_IRQHandler            0x009918    0x6  Code  Gb  stm8s_it.o [1]
I2C_Model_Init            0x009767   0x21  Code  Gb  user.o [1]
I2C_Read                  0x00813f   0x9b  Code  Gb  user.o [1]
I2C_Write                 0x008080   0x74  Code  Gb  user.o [1]
INTVEC$$Base              0x008000          --   Gb  - Linker created -
INTVEC$$Limit             0x008080          --   Gb  - Linker created -
IWDG_KR {Abs}           0x000050e0    0x1  Data  Wk  user.o [1]
IWDG_RLR {Abs}          0x000050e2    0x1  Data  Wk  user.o [1]
IdleExchangeMode_Cnt      0x0000ea    0x1  Data  Gb  data_def.o [1]
Init_Soc_Flag             0x0000fa    0x1  Data  Gb  data_def.o [1]
LedFlash_t                0x0000d6    0x2  Data  Gb  data_def.o [1]
LedShow_Cntrl             0x0082a9   0xa7  Code  Gb  user.o [1]
LowPower_Cntrl            0x008295   0x14  Code  Gb  user.o [1]
LowPower_Entry_Delay_t    0x0000de    0x2  Data  Gb  data_def.o [1]
LowPower_MCU_Entry_Flag
                          0x0000fb    0x1  Data  Gb  data_def.o [1]
LowPower_Powerdown_Enter
                          0x008265   0x30  Code  Gb  user.o [1]
ModeCheck                 0x00874c   0x49  Code  Gb  user.o [1]
OV_TRIP_Last              0x0000f5    0x1  Data  Gb  data_def.o [1]
PROTECT1_Last             0x0000f2    0x1  Data  Gb  data_def.o [1]
PROTECT2_Last             0x0000f3    0x1  Data  Gb  data_def.o [1]
PROTECT3_Last             0x0000f4    0x1  Data  Gb  data_def.o [1]
Pack_Volt                 0x0000b2    0x2  Data  Gb  data_def.o [1]
PortInit                  0x00937d    0x7  Code  Gb  user.o [1]
PowerOff_Delay_t          0x0000d8    0x2  Data  Gb  data_def.o [1]
R_TS2_Val                 0x0000b8    0x2  Data  Gb  data_def.o [1]
Region$$Table$$Base       0x009788          --   Gb  - Linker created -
Region$$Table$$Limit      0x00979a          --   Gb  - Linker created -
RevcComData               0x0000e2    0x2  Data  Gb  data_def.o [1]
SOCAhIntergrate           0x009384   0x73  Code  Gb  soc.o [1]
SOCCalculate              0x008b44   0x74  Code  Gb  soc.o [1]
SOCCorrectOCV             0x008a1a   0xe9  Code  Gb  soc.o [1]
SPI_IRQHandler            0x00993d    0x2  Code  Gb  stm8s_it.o [1]
SYS_CTRL1                 0x0000fe    0x1  Data  Gb  data_def.o [1]
SYS_CTRL1_Last            0x0000f0    0x1  Data  Gb  data_def.o [1]
SYS_CTRL2                 0x0000ff    0x1  Data  Gb  data_def.o [1]
SYS_CTRL2_Last            0x0000f1    0x1  Data  Gb  data_def.o [1]
SYS_STAT                  0x0000fd    0x1  Data  Gb  data_def.o [1]
SYS_STAT_Last             0x0000ed    0x1  Data  Gb  data_def.o [1]
Soc2OcvTbl                0x000010   0x21  Data  Gb  soc.o [1]
SocCalc                   0x000031   0x2b  Data  Gb  data_def.o [1]
SocReg                    0x00005c   0x15  Data  Gb  data_def.o [1]
Soc_OCV_CorrectEn_Flag    0x0000f8    0x1  Data  Gb  data_def.o [1]
SysInit                   0x0095db   0x38  Code  Gb  user.o [1]
TIM1_CAP_COM_IRQHandler
                          0x009941    0x2  Code  Gb  stm8s_it.o [1]
TIM1_UPD_OVF_TRG_BRK_IRQHandler
                          0x00993f    0x2  Code  Gb  stm8s_it.o [1]
TIM2_ARRH {Abs}         0x0000530f    0x1  Data  Wk  user.o [1]
TIM2_ARRL {Abs}         0x00005310    0x1  Data  Wk  user.o [1]
TIM2_CAP_COM_IRQHandler
                          0x009943    0x2  Code  Gb  stm8s_it.o [1]
TIM2_CNTRH {Abs}        0x0000530c    0x1  Data  Wk  user.o [1]
TIM2_CNTRL {Abs}        0x0000530d    0x1  Data  Wk  user.o [1]
TIM2_UPD_OVF_BRK_IRQHandler
                          0x008f82  0x189  Code  Gb  stm8s_it.o [1]
TIM4_ARR {Abs}          0x00005348    0x1  Data  Wk  user.o [1]
TIM4_CNTR {Abs}         0x00005346    0x1  Data  Wk  user.o [1]
TIM4_UPD_OVF_IRQHandler
                          0x009874    0xe  Code  Gb  stm8s_it.o [1]
TLI_IRQHandler            0x009931    0x2  Code  Gb  stm8s_it.o [1]
TRAP_IRQHandler           0x00992f    0x2  Code  Gb  stm8s_it.o [1]
TempCheck                 0x008954   0xa7  Code  Gb  user.o [1]
Temp_Val                  0x0000b4    0x2  Data  Gb  data_def.o [1]
Temp_Volt_Sample_Cnt      0x0000ba    0x2  Data  Gb  data_def.o [1]
Timer2Init                0x0096a6   0x29  Code  Gb  user.o [1]
Timer4_Disable            0x008223    0xd  Code  Gb  user.o [1]
Timer4_Init_ms            0x008230   0x12  Code  Gb  user.o [1]
UART1_RX_IRQHandler       0x009949    0x1  Code  Gb  stm8s_it.o [1]
UART1_TX_IRQHandler       0x009945    0x2  Code  Gb  stm8s_it.o [1]
UV_TRIP_Last              0x0000f6    0x1  Data  Gb  data_def.o [1]
V_TS2_Val                 0x0000b6    0x2  Data  Gb  data_def.o [1]
Var_Init                  0x00910b   0xf9  Code  Gb  user.o [1]
VoltCheck                 0x0087dd   0xd8  Code  Gb  user.o [1]
WorkMode                  0x0000fc    0x1  Data  Gb  data_def.o [1]
__DebugBreak              0x00994b    0x1  Code  Gb  __dbg_break.o [3]
__exit                    0x0097ee   0x14  Code  Gb  __dbg_xxexit.o [3]
__iar_copy_init2          0x0096f7         Code  Gb  init_small.o [4]
__iar_data_init2          0x0097d7   0x17  Code  Gb  init.o [4]
__iar_program_start       0x009802         Code  Gb  cstartup.o [4]
__iar_unhandled_exception
                          0x00992c         Code  Gb  unhandled_exception.o [4]
__iar_zero_init2          0x0097b9         Code  Gb  init_small.o [4]
__intvec                  0x008000         Data  Gb  interrupt.o [4]
__low_level_init          0x009926    0x3  Code  Gb  low_level_init.o [4]
_exit                     0x00991e         Code  Gb  cexit.o [4]
_interrupt_1              0x00992f         Code  Gb  stm8s_it.o [1]
_interrupt_10             0x009923         Code  Wk  interrupt.o [4]
_interrupt_11             0x009923         Code  Wk  interrupt.o [4]
_interrupt_12             0x00993d         Code  Gb  stm8s_it.o [1]
_interrupt_13             0x00993f         Code  Gb  stm8s_it.o [1]
_interrupt_14             0x009941         Code  Gb  stm8s_it.o [1]
_interrupt_15             0x008f82         Code  Gb  stm8s_it.o [1]
_interrupt_16             0x009943         Code  Gb  stm8s_it.o [1]
_interrupt_17             0x009923         Code  Wk  interrupt.o [4]
_interrupt_18             0x009923         Code  Wk  interrupt.o [4]
_interrupt_19             0x009945         Code  Gb  stm8s_it.o [1]
_interrupt_2              0x009931         Code  Gb  stm8s_it.o [1]
_interrupt_20             0x009949         Code  Gb  stm8s_it.o [1]
_interrupt_21             0x009918         Code  Gb  stm8s_it.o [1]
_interrupt_22             0x009923         Code  Wk  interrupt.o [4]
_interrupt_23             0x009923         Code  Wk  interrupt.o [4]
_interrupt_24             0x009947         Code  Gb  stm8s_it.o [1]
_interrupt_25             0x009874         Code  Gb  stm8s_it.o [1]
_interrupt_26             0x00994a         Code  Gb  stm8s_it.o [1]
_interrupt_27             0x009923         Code  Wk  interrupt.o [4]
_interrupt_28             0x009923         Code  Wk  interrupt.o [4]
_interrupt_29             0x009923         Code  Wk  interrupt.o [4]
_interrupt_3              0x0098f7         Code  Gb  stm8s_it.o [1]
_interrupt_30             0x009923         Code  Wk  interrupt.o [4]
_interrupt_31             0x009923         Code  Wk  interrupt.o [4]
_interrupt_4              0x009933         Code  Gb  stm8s_it.o [1]
_interrupt_5              0x009935         Code  Gb  stm8s_it.o [1]
_interrupt_6              0x009937         Code  Gb  stm8s_it.o [1]
_interrupt_7              0x009939         Code  Gb  stm8s_it.o [1]
_interrupt_8              0x009839         Code  Gb  stm8s_it.o [1]
_interrupt_9              0x00993b         Code  Gb  stm8s_it.o [1]
exit                      0x009929    0x3  Code  Gb  exit.o [4]
main                      0x00945e   0x5f  Code  Gb  main.o [1]


[1] = D:\ProjectPath\GitPath\CH79_A0\Debug\Obj
[2] = command line
[3] = dbgstm8smd.a
[4] = dlstm8smn.a

  6 330 bytes of readonly  code memory
    179 bytes of readonly  data memory
    516 bytes of readwrite data memory

Errors: none
Warnings: none
