###############################################################################
#                                                                             #
# IAR ELF Linker V1.31.1.50058 for STM8                 11/Apr/2016  08:56:30 #
# Copyright 2010-2012 IAR Systems AB.                                         #
#                                                                             #
#    Output file  =  D:\ProjectPath\STMPath\CH79_A0_C-version\CH79_A0\Debug\E #
#                    xe\stm8s003F3.out                                        #
#    Map file     =  D:\ProjectPath\STMPath\CH79_A0_C-version\CH79_A0\Debug\L #
#                    ist\stm8s003F3.map                                       #
#    Command line =  D:\ProjectPath\STMPath\CH79_A0_C-version\CH79_A0\Debug\O #
#                    bj\Afe_bq769x0_user.o D:\ProjectPath\STMPath\CH79_A0_C-v #
#                    ersion\CH79_A0\Debug\Obj\bsp_printf.o                    #
#                    D:\ProjectPath\STMPath\CH79_A0_C-version\CH79_A0\Debug\O #
#                    bj\data_def.o D:\ProjectPath\STMPath\CH79_A0_C-version\C #
#                    H79_A0\Debug\Obj\main.o D:\ProjectPath\STMPath\CH79_A0_C #
#                    -version\CH79_A0\Debug\Obj\soc.o                         #
#                    D:\ProjectPath\STMPath\CH79_A0_C-version\CH79_A0\Debug\O #
#                    bj\stm8s_awu.o D:\ProjectPath\STMPath\CH79_A0_C-version\ #
#                    CH79_A0\Debug\Obj\stm8s_clk.o                            #
#                    D:\ProjectPath\STMPath\CH79_A0_C-version\CH79_A0\Debug\O #
#                    bj\stm8s_exti.o D:\ProjectPath\STMPath\CH79_A0_C-version #
#                    \CH79_A0\Debug\Obj\stm8s_flash.o                         #
#                    D:\ProjectPath\STMPath\CH79_A0_C-version\CH79_A0\Debug\O #
#                    bj\stm8s_gpio.o D:\ProjectPath\STMPath\CH79_A0_C-version #
#                    \CH79_A0\Debug\Obj\stm8s_it.o                            #
#                    D:\ProjectPath\STMPath\CH79_A0_C-version\CH79_A0\Debug\O #
#                    bj\stm8s_tim2.o D:\ProjectPath\STMPath\CH79_A0_C-version #
#                    \CH79_A0\Debug\Obj\stm8s_tim4.o                          #
#                    D:\ProjectPath\STMPath\CH79_A0_C-version\CH79_A0\Debug\O #
#                    bj\stm8s_uart1.o D:\ProjectPath\STMPath\CH79_A0_C-versio #
#                    n\CH79_A0\Debug\Obj\user.o --redirect                    #
#                    _Printf=_PrintfSmall --redirect _Scanf=_ScanfSmall -o    #
#                    D:\ProjectPath\STMPath\CH79_A0_C-version\CH79_A0\Debug\E #
#                    xe\stm8s003F3.out --map D:\ProjectPath\STMPath\CH79_A0_C #
#                    -version\CH79_A0\Debug\List\stm8s003F3.map --config      #
#                    "C:\Program Files\IAR Systems\Embedded Workbench 6.0     #
#                    Evaluation\stm8\config\lnkstm8s003f3.icf" --config_def   #
#                    _CSTACK_SIZE=0x100 --config_def _HEAP_SIZE=0x100         #
#                    --entry __iar_program_start --debug_lib                  #
#                                                                             #
#                                                                             #
###############################################################################

*******************************************************************************
*** RUNTIME MODEL ATTRIBUTES
***

__SystemLibrary            = DLib
__code_model               = small
__core                     = stm8
__data_model               = medium
__dlib_file_descriptor     = 0
__dlib_full_locale_support = 0
__rt_version               = 4


*******************************************************************************
*** RESERVED RANGES
***

Ranges reserved by absolute symbols:
   [0x0050c7-0x0050c7]
   [0x0050ca-0x0050ca]
   [0x0050e0-0x0050e0]
   [0x0050e2-0x0050e2]
   [0x00521b-0x00521b]
   [0x00530c-0x00530c]
   [0x00530d-0x00530d]
   [0x00530f-0x00530f]
   [0x005310-0x005310]
   [0x005346-0x005346]
   [0x005348-0x005348]
   [0x005404-0x005404]
   [0x005405-0x005405]
   [0x005406-0x005406]
   [0x005407-0x005407]


*******************************************************************************
*** PLACEMENT SUMMARY
***

"A1":  place at start of [0x000000-0x0000ff] { rw section .vregs };
"A2":  place at end of [0x000000-0x0003ff] { block CSTACK };
"P2":  place in [from 0x000000 to 0x0003ff] {
          block HEAP, rw section .far.bss, rw section .far.data,
          rw section .far.noinit, rw section .far_func.textrw,
          rw section .huge.bss, rw section .huge.data, rw section .huge.noinit,
          rw section .huge_func.textrw, rw section .iar.dynexit,
          rw section .near.bss, rw section .near.data, rw section .near.noinit,
          rw section .near_func.textrw };
"A3":  place at start of [0x008000-0x009fff] { block INTVEC };
"P3":  place in [from 0x008000 to 0x009fff] {
          ro section .far.data_init, ro section .far_func.textrw_init,
          ro section .huge.data_init, ro section .huge_func.textrw_init,
          ro section .iar.init_table, ro section .init_array,
          ro section .near.data_init, ro section .near.rodata,
          ro section .near_func.text, ro section .near_func.textrw_init,
          ro section .tiny.data_init, ro section .tiny.rodata_init };

  Section            Kind      Address    Size  Object
  -------            ----      -------    ----  ------
"A1":                                     0x10
  .vregs             uninit   0x000000    0x10  vregs.o [4]
                            - 0x000010    0x10

"P2", part 1 of 2:                        0x21
  P2 s0                       0x000010    0x21  <Init block>
    .near.data       inited   0x000010    0x21  soc.o [1]
                            - 0x000031    0x21

"P2", part 2 of 2:                        0xe7
  .near.bss          zero     0x000031    0x2b  data_def.o [1]
  .near.bss          zero     0x00005c    0x15  data_def.o [1]
  .near.bss          zero     0x000071    0x14  data_def.o [1]
  .near.bss          zero     0x000085    0x14  data_def.o [1]
  .near.bss          zero     0x000099     0x4  data_def.o [1]
  .near.bss          zero     0x00009d     0x4  data_def.o [1]
  .near.bss          zero     0x0000a1     0x3  data_def.o [1]
  .near.bss          zero     0x0000a4     0x2  data_def.o [1]
  .near.bss          zero     0x0000a6     0x2  data_def.o [1]
  .near.bss          zero     0x0000a8     0x2  data_def.o [1]
  .near.bss          zero     0x0000aa     0x2  data_def.o [1]
  .near.bss          zero     0x0000ac     0x2  data_def.o [1]
  .near.bss          zero     0x0000ae     0x2  data_def.o [1]
  .near.bss          zero     0x0000b0     0x2  data_def.o [1]
  .near.bss          zero     0x0000b2     0x2  data_def.o [1]
  .near.bss          zero     0x0000b4     0x2  data_def.o [1]
  .near.bss          zero     0x0000b6     0x2  data_def.o [1]
  .near.bss          zero     0x0000b8     0x2  data_def.o [1]
  .near.bss          zero     0x0000ba     0x2  data_def.o [1]
  .near.bss          zero     0x0000bc     0x2  data_def.o [1]
  .near.bss          zero     0x0000be     0x2  data_def.o [1]
  .near.bss          zero     0x0000c0     0x2  data_def.o [1]
  .near.bss          zero     0x0000c2     0x2  data_def.o [1]
  .near.bss          zero     0x0000c4     0x2  data_def.o [1]
  .near.bss          zero     0x0000c6     0x2  data_def.o [1]
  .near.bss          zero     0x0000c8     0x2  data_def.o [1]
  .near.bss          zero     0x0000ca     0x2  data_def.o [1]
  .near.bss          zero     0x0000cc     0x2  data_def.o [1]
  .near.bss          zero     0x0000ce     0x2  data_def.o [1]
  .near.bss          zero     0x0000d0     0x2  data_def.o [1]
  .near.bss          zero     0x0000d2     0x2  data_def.o [1]
  .near.bss          zero     0x0000d4     0x2  data_def.o [1]
  .near.bss          zero     0x0000d6     0x2  data_def.o [1]
  .near.bss          zero     0x0000d8     0x2  data_def.o [1]
  .near.bss          zero     0x0000da     0x2  data_def.o [1]
  .near.bss          zero     0x0000dc     0x2  data_def.o [1]
  .near.bss          zero     0x0000de     0x2  data_def.o [1]
  .near.bss          zero     0x0000e0     0x2  data_def.o [1]
  .near.bss          zero     0x0000e2     0x2  data_def.o [1]
  .near.bss          zero     0x0000e4     0x2  data_def.o [1]
  .near.bss          zero     0x0000e6     0x2  data_def.o [1]
  .near.bss          zero     0x0000e8     0x2  data_def.o [1]
  .near.bss          zero     0x0000ea     0x2  data_def.o [1]
  .near.bss          zero     0x0000ec     0x2  data_def.o [1]
  .near.bss          zero     0x0000ee     0x2  data_def.o [1]
  .near.bss          zero     0x0000f0     0x2  stm8s_it.o [1]
  .near.bss          zero     0x0000f2     0x1  Afe_bq769x0_user.o [1]
  .near.bss          zero     0x0000f3     0x1  data_def.o [1]
  .near.bss          zero     0x0000f4     0x1  data_def.o [1]
  .near.bss          zero     0x0000f5     0x1  data_def.o [1]
  .near.bss          zero     0x0000f6     0x1  data_def.o [1]
  .near.bss          zero     0x0000f7     0x1  data_def.o [1]
  .near.bss          zero     0x0000f8     0x1  data_def.o [1]
  .near.bss          zero     0x0000f9     0x1  data_def.o [1]
  .near.bss          zero     0x0000fa     0x1  data_def.o [1]
  .near.bss          zero     0x0000fb     0x1  data_def.o [1]
  .near.bss          zero     0x0000fc     0x1  data_def.o [1]
  .near.bss          zero     0x0000fd     0x1  data_def.o [1]
  .near.bss          zero     0x0000fe     0x1  data_def.o [1]
  .near.bss          zero     0x0000ff     0x1  data_def.o [1]
  .near.bss          zero     0x000100     0x1  data_def.o [1]
  .near.bss          zero     0x000101     0x1  data_def.o [1]
  .near.bss          zero     0x000102     0x1  data_def.o [1]
  .near.bss          zero     0x000103     0x1  data_def.o [1]
  .near.bss          zero     0x000104     0x1  data_def.o [1]
  .near.bss          zero     0x000105     0x1  data_def.o [1]
  .near.bss          zero     0x000106     0x1  data_def.o [1]
  .near.bss          zero     0x000107     0x1  data_def.o [1]
  .near.bss          zero     0x000108     0x1  data_def.o [1]
  .near.bss          zero     0x000109     0x1  data_def.o [1]
  .near.bss          zero     0x00010a     0x1  data_def.o [1]
  .near.bss          zero     0x00010b     0x1  data_def.o [1]
  .near.bss          zero     0x00010c     0x1  data_def.o [1]
  .near.bss          zero     0x00010d     0x1  data_def.o [1]
  .near.bss          zero     0x00010e     0x1  data_def.o [1]
  .near.bss          zero     0x00010f     0x1  stm8s_it.o [1]
  .near.bss          zero     0x000110     0x1  user.o [1]
  .near.bss          zero     0x000111     0x1  user.o [1]
  .near.bss          zero     0x000112     0x1  user.o [1]
  .near.bss          zero     0x000113     0x1  user.o [1]
  .near.bss          zero     0x000114     0x1  user.o [1]
  .near.bss          zero     0x000115     0x1  user.o [1]
  .near.bss          zero     0x000116     0x1  user.o [1]
  .near.bss          zero     0x000117     0x1  user.o [1]
                            - 0x000118    0xe7

"A2":                                    0x100
  CSTACK                      0x000300   0x100  <Block>
    CSTACK           uninit   0x000300   0x100  <Block tail>
                            - 0x000400   0x100

"A3":                                     0x80
  INTVEC                      0x008000    0x80  <Block>
    .intvec          const    0x008000    0x80  interrupt.o [4]
                            - 0x008080    0x80

"P3":                                   0x1cec
  .near_func.text    ro code  0x008080   0xa2a  user.o [1]
  .near_func.text    ro code  0x008aaa   0x200  soc.o [1]
  .near_func.text    ro code  0x008caa   0x1ed  long.o [4]
  .near_func.text    ro code  0x008e97   0x19d  stm8s_it.o [1]
  .near_func.text    ro code  0x009034   0x196  Afe_bq769x0_user.o [1]
  .near_func.text    ro code  0x0091ca   0x111  user.o [1]
  .near_func.text    ro code  0x0092db    0xff  vreg_util.o [4]
  .near_func.text    ro code  0x0093da    0xa0  Afe_bq769x0_user.o [1]
  .near_func.text    ro code  0x00947a    0x9b  user.o [1]
  .near_func.text    ro code  0x009515    0x7a  main.o [1]
  .near_func.text    ro code  0x00958f    0x74  user.o [1]
  .near_func.text    ro code  0x009603    0x72  user.o [1]
  .near_func.text    ro code  0x009675    0x67  stm8s_gpio.o [1]
  .near_func.text    ro code  0x0096dc    0x5e  soc.o [1]
  .near_func.text    ro code  0x00973a    0x57  user.o [1]
  .near_func.text    ro code  0x009791    0x56  stm8s_exti.o [1]
  .near_func.text    ro code  0x0097e7    0x4e  long_util.o [4]
  .near_func.text    ro code  0x009835    0x42  user.o [1]
  .near_func.text    ro code  0x009877    0x3c  user.o [1]
  .near_func.text    ro code  0x0098b3    0x38  Afe_bq769x0_user.o [1]
  .near_func.text    ro code  0x0098eb    0x36  Afe_bq769x0_user.o [1]
  .near_func.text    ro code  0x009921    0x33  short.o [4]
  .near_func.text    ro code  0x009954    0x2c  user.o [1]
  .near_func.text    ro code  0x009980    0x2a  Afe_bq769x0_user.o [1]
  .near_func.text    ro code  0x0099aa    0x29  user.o [1]
  .near_func.text    ro code  0x0099d3    0x28  init_small.o [4]
  .near_func.text    ro code  0x0099fb    0x26  Afe_bq769x0_user.o [1]
  .near_func.text    ro code  0x009a21    0x22  Afe_bq769x0_user.o [1]
  .near_func.text    ro code  0x009a43    0x21  user.o [1]
  .iar.init_table    const    0x009a64    0x12  - Linker created -
  .near_func.text    ro code  0x009a76    0x20  user.o [1]
  .near_func.text    ro code  0x009a96    0x1f  dc_util.o [4]
  .near_func.text    ro code  0x009ab5    0x1e  init_small.o [4]
  .near_func.text    ro code  0x009ad3    0x17  Afe_bq769x0_user.o [1]
  .near_func.text    ro code  0x009aea    0x17  init.o [4]
  .near_func.text    ro code  0x009b01    0x16  stm8s_flash.o [1]
  .near_func.text    ro code  0x009b17    0x15  user.o [1]
  .near_func.text    ro code  0x009b2c    0x15  user.o [1]
  .near_func.text    ro code  0x009b41    0x14  __dbg_xxexit.o [3]
  .near_func.text    ro code  0x009b55    0x13  cstartup.o [4]
  .near_func.text    ro code  0x009b68    0x12  soc.o [1]
  .near_func.text    ro code  0x009b7a    0x12  soc.o [1]
  .near_func.text    ro code  0x009b8c    0x10  user.o [1]
  .near_func.text    ro code  0x009b9c     0xe  Afe_bq769x0_user.o [1]
  .near_func.text    ro code  0x009baa     0xe  soc.o [1]
  .near_func.text    ro code  0x009bb8     0xe  stm8s_it.o [1]
  .near_func.text    ro code  0x009bc6     0xe  user.o [1]
  .near_func.text    ro code  0x009bd4     0xd  Afe_bq769x0_user.o [1]
  .near_func.text    ro code  0x009be1     0xd  soc.o [1]
  .near_func.text    ro code  0x009bee     0xc  soc.o [1]
  .near_func.text    ro code  0x009bfa     0xb  Afe_bq769x0_user.o [1]
  .near_func.text    ro code  0x009c05     0xb  Afe_bq769x0_user.o [1]
  .near_func.text    ro code  0x009c10     0xb  user.o [1]
  .near_func.text    ro code  0x009c1b     0xb  user.o [1]
  .near_func.text    ro code  0x009c26     0xb  char.o [4]
  .near_func.text    ro code  0x009c31     0xa  Afe_bq769x0_user.o [1]
  .near_func.text    ro code  0x009c3b     0xa  user.o [1]
  .near_func.text    ro code  0x009c45     0x9  soc.o [1]
  .near_func.text    ro code  0x009c4e     0x9  soc.o [1]
  .near_func.text    ro code  0x009c57     0x9  user.o [1]
  .near_func.text    ro code  0x009c60     0x9  user.o [1]
  .near_func.text    ro code  0x009c69     0x9  user.o [1]
  .near_func.text    ro code  0x009c72     0x8  Afe_bq769x0_user.o [1]
  .near_func.text    ro code  0x009c7a     0x8  Afe_bq769x0_user.o [1]
  .near_func.text    ro code  0x009c82     0x8  soc.o [1]
  .near_func.text    ro code  0x009c8a     0x8  soc.o [1]
  .near_func.text    ro code  0x009c92     0x8  stm8s_it.o [1]
  .near_func.text    ro code  0x009c9a     0x8  stm8s_it.o [1]
  .near_func.text    ro code  0x009ca2     0x8  user.o [1]
  .near_func.text    ro code  0x009caa     0x8  user.o [1]
  .near_func.text    ro code  0x009cb2     0x7  soc.o [1]
  .near_func.text    ro code  0x009cb9     0x7  stm8s_flash.o [1]
  .near_func.text    ro code  0x009cc0     0x7  user.o [1]
  .near_func.text    ro code  0x009cc7     0x7  user.o [1]
  .near_func.text    ro code  0x009cce     0x7  user.o [1]
  .near_func.text    ro code  0x009cd5     0x7  user.o [1]
  .near_func.text    ro code  0x009cdc     0x6  Afe_bq769x0_user.o [1]
  .near_func.text    ro code  0x009ce2     0x6  soc.o [1]
  .near_func.text    ro code  0x009ce8     0x6  stm8s_exti.o [1]
  .near_func.text    ro code  0x009cee     0x6  stm8s_it.o [1]
  .near_func.text    ro code  0x009cf4     0x6  user.o [1]
  .near_func.text    ro code  0x009cfa     0x6  user.o [1]
  .near_func.text    ro code  0x009d00     0x6  user.o [1]
  .near_func.text    ro code  0x009d06     0x5  user.o [1]
  .near_func.text    ro code  0x009d0b     0x5  user.o [1]
  .near_func.text    ro code  0x009d10     0x5  user.o [1]
  .near_func.text    ro code  0x009d15     0x5  cexit.o [4]
  .near_func.text    ro code  0x009d1a     0x4  stm8s_flash.o [1]
  .near_func.text    ro code  0x009d1e     0x4  stm8s_flash.o [1]
  .near_func.text    ro code  0x009d22     0x3  interrupt.o [4]
  .near_func.text    ro code  0x009d25     0x3  low_level_init.o [4]
  .near_func.text    ro code  0x009d28     0x3  exit.o [4]
  .near_func.text    ro code  0x009d2b     0x3  unhandled_exception.o [4]
  .near_func.text    ro code  0x009d2e     0x2  stm8s_it.o [1]
  .near_func.text    ro code  0x009d30     0x2  stm8s_it.o [1]
  .near_func.text    ro code  0x009d32     0x2  stm8s_it.o [1]
  .near_func.text    ro code  0x009d34     0x2  stm8s_it.o [1]
  .near_func.text    ro code  0x009d36     0x2  stm8s_it.o [1]
  .near_func.text    ro code  0x009d38     0x2  stm8s_it.o [1]
  .near_func.text    ro code  0x009d3a     0x2  stm8s_it.o [1]
  .near_func.text    ro code  0x009d3c     0x2  stm8s_it.o [1]
  .near_func.text    ro code  0x009d3e     0x2  stm8s_it.o [1]
  .near_func.text    ro code  0x009d40     0x2  stm8s_it.o [1]
  .near_func.text    ro code  0x009d42     0x2  stm8s_it.o [1]
  .near_func.text    ro code  0x009d44     0x2  stm8s_it.o [1]
  .near_func.text    ro code  0x009d46     0x2  stm8s_it.o [1]
  .near_func.text    ro code  0x009d48     0x1  stm8s_it.o [1]
  .near_func.text    ro code  0x009d49     0x1  stm8s_it.o [1]
  .near_func.text    ro code  0x009d4a     0x1  __dbg_break.o [3]
  Initializer bytes  ro data  0x009d4b    0x21  <for P2 s0>
                            - 0x009d6c  0x1cec


*******************************************************************************
*** INIT TABLE
***

          Address   Size
          -------   ----
Zero (__iar_zero_init2)
    1 destination range, total size 0xe7:
          0x000031  0xe7

Copy (__iar_copy_init2)
    1 source range, total size 0x21:
          0x009d4b  0x21
    1 destination range, total size 0x21:
          0x000010  0x21


*******************************************************************************
*** MODULE SUMMARY
***

    Module                 ro code  ro data  rw data
    ------                 -------  -------  -------
D:\ProjectPath\STMPath\CH79_A0_C-version\CH79_A0\Debug\Obj: [1]
    Afe_bq769x0_user.o         894                 1
    data_def.o                                   219
    main.o                     122
    soc.o                      728       33       33
    stm8s_exti.o                92
    stm8s_flash.o               37
    stm8s_gpio.o               103
    stm8s_it.o                 477                 3
    user.o                   3 831                 8
    ------------------------------------------------
    Total:                   6 284       33      264

command line: [2]
    ------------------------------------------------
    Total:

dbgstm8smd.a: [3]
    __dbg_break.o                1
    __dbg_xxexit.o              20
    ------------------------------------------------
    Total:                      21

dlstm8smn.a: [4]
    cexit.o                      5
    char.o                      11
    cstartup.o                  19
    dc_util.o                   31
    exit.o                       3
    init.o                      23
    init_small.o                70
    interrupt.o                  3      128
    long.o                     493
    long_util.o                 78
    low_level_init.o             3
    short.o                     51
    unhandled_exception.o        3
    vreg_util.o                255
    vregs.o                                       16
    ------------------------------------------------
    Total:                   1 048      128       16

    Linker created                       18      256
----------------------------------------------------
    Grand Total:             7 353      179      536


*******************************************************************************
*** ENTRY LIST
***

Entry                      Address   Size  Type      Object
-----                      -------   ----  ----      ------
?add32_l0_l0_0x           0x008cbd         Code  Gb  long.o [4]
?add32_l0_l0_l1           0x008cba         Code  Gb  long.o [4]
?b0                       0x000000         Data  Gb  vregs.o [4]
?b1                       0x000001         Data  Gb  vregs.o [4]
?b10                      0x00000a         Data  Gb  vregs.o [4]
?b11                      0x00000b         Data  Gb  vregs.o [4]
?b12                      0x00000c         Data  Gb  vregs.o [4]
?b13                      0x00000d         Data  Gb  vregs.o [4]
?b14                      0x00000e         Data  Gb  vregs.o [4]
?b15                      0x00000f         Data  Gb  vregs.o [4]
?b2                       0x000002         Data  Gb  vregs.o [4]
?b3                       0x000003         Data  Gb  vregs.o [4]
?b4                       0x000004         Data  Gb  vregs.o [4]
?b5                       0x000005         Data  Gb  vregs.o [4]
?b6                       0x000006         Data  Gb  vregs.o [4]
?b7                       0x000007         Data  Gb  vregs.o [4]
?b8                       0x000008         Data  Gb  vregs.o [4]
?b9                       0x000009         Data  Gb  vregs.o [4]
?dc32_l1                  0x009a9d         Code  Gb  dc_util.o [4]
?dc32_px                  0x009aaa         Code  Gb  dc_util.o [4]
?dc8_px                   0x009a96         Code  Gb  dc_util.o [4]
?e0                       0x000001         Data  Gb  vregs.o [4]
?e1                       0x000005         Data  Gb  vregs.o [4]
?e2                       0x000009         Data  Gb  vregs.o [4]
?e3                       0x00000d         Data  Gb  vregs.o [4]
?epilogue_l2              0x009376         Code  Gb  vreg_util.o [4]
?epilogue_l2_l3           0x009373         Code  Gb  vreg_util.o [4]
?epilogue_w4              0x00937a         Code  Gb  vreg_util.o [4]
?l0                       0x000000         Data  Gb  vregs.o [4]
?l1                       0x000004         Data  Gb  vregs.o [4]
?l2                       0x000008         Data  Gb  vregs.o [4]
?l3                       0x00000c         Data  Gb  vregs.o [4]
?load32_0x_l0             0x00980b         Code  Gb  long_util.o [4]
?load32_0x_l1             0x009819         Code  Gb  long_util.o [4]
?load32_0x_l2             0x009827         Code  Gb  long_util.o [4]
?load32_l0_0x             0x0097e7         Code  Gb  long_util.o [4]
?load32_l1_0x             0x0097f3         Code  Gb  long_util.o [4]
?load32_l2_0x             0x0097ff         Code  Gb  long_util.o [4]
?mov_e0_e1                0x00938f         Code  Gb  vreg_util.o [4]
?mov_e0_e2                0x00939c         Code  Gb  vreg_util.o [4]
?mov_e1_e0                0x0093a9         Code  Gb  vreg_util.o [4]
?mov_e1_e2                0x0093b6         Code  Gb  vreg_util.o [4]
?mov_e1_e3                0x0093c3         Code  Gb  vreg_util.o [4]
?mov_e2_e0                0x0093d0         Code  Gb  vreg_util.o [4]
?mov_l0_l1                0x00938c         Code  Gb  vreg_util.o [4]
?mov_l0_l2                0x009399         Code  Gb  vreg_util.o [4]
?mov_l1_l0                0x0093a6         Code  Gb  vreg_util.o [4]
?mov_l1_l2                0x0093b3         Code  Gb  vreg_util.o [4]
?mov_l1_l3                0x0093c0         Code  Gb  vreg_util.o [4]
?mov_l2_l0                0x0093cd         Code  Gb  vreg_util.o [4]
?mov_w1_w3                0x009392         Code  Gb  vreg_util.o [4]
?mov_w1_w5                0x00939f         Code  Gb  vreg_util.o [4]
?mov_w3_w1                0x0093ac         Code  Gb  vreg_util.o [4]
?mov_w3_w5                0x0093b9         Code  Gb  vreg_util.o [4]
?mov_w3_w7                0x0093c6         Code  Gb  vreg_util.o [4]
?mov_w4_w1                0x00937e         Code  Gb  vreg_util.o [4]
?mov_w5_w1                0x0093d3         Code  Gb  vreg_util.o [4]
?mov_w7_w0                0x009385         Code  Gb  vreg_util.o [4]
?mul16_x_x_w0             0x009921         Code  Gb  short.o [4]
?mul32_l0_l0_0x           0x008cf3         Code  Gb  long.o [4]
?mul32_l0_l0_dl           0x008cf0         Code  Gb  long.o [4]
?mul32_l0_l0_l1           0x008cfc         Code  Gb  long.o [4]
?neg32_l0_l0              0x008caa         Code  Gb  long.o [4]
?pop_l0                   0x00933f         Code  Gb  vreg_util.o [4]
?pop_l1                   0x00934a         Code  Gb  vreg_util.o [4]
?pop_l2                   0x009355         Code  Gb  vreg_util.o [4]
?pop_l3                   0x009360         Code  Gb  vreg_util.o [4]
?pop_w4                   0x0092f8         Code  Gb  vreg_util.o [4]
?pop_w5                   0x0092ff         Code  Gb  vreg_util.o [4]
?push_l0                  0x00930e         Code  Gb  vreg_util.o [4]
?push_l1                  0x009313         Code  Gb  vreg_util.o [4]
?push_l2                  0x009318         Code  Gb  vreg_util.o [4]
?push_l3                  0x00931d         Code  Gb  vreg_util.o [4]
?push_w4                  0x0092db         Code  Gb  vreg_util.o [4]
?push_w5                  0x0092e0         Code  Gb  vreg_util.o [4]
?scmp32_c_l0_l1           0x008e3e         Code  Gb  long.o [4]
?sdiv32_l0_l0_dl          0x008dea         Code  Gb  long.o [4]
?sdiv32_l0_l0_l1          0x008ded         Code  Gb  long.o [4]
?sext16_x_a               0x00994d         Code  Gb  short.o [4]
?sext32_l0_a              0x008e8a         Code  Gb  long.o [4]
?sext32_l0_x              0x008e7f         Code  Gb  long.o [4]
?sll16_x_x_a              0x00993f         Code  Gb  short.o [4]
?sll32_0x_0x_a            0x008e5c         Code  Gb  long.o [4]
?sll32_l0_l0_a            0x008e59         Code  Gb  long.o [4]
?sll32_l0_l0_db           0x008e55         Code  Gb  long.o [4]
?sll8_a_a_5               0x009c27         Code  Gb  char.o [4]
?sll8_a_a_6               0x009c26         Code  Gb  char.o [4]
?smod32_l1_l0_l1          0x008ded         Code  Gb  long.o [4]
?srl16_x_x_4              0x009948         Code  Gb  short.o [4]
?srl16_x_x_5              0x009947         Code  Gb  short.o [4]
?srl32_0x_0x_a            0x008e71         Code  Gb  long.o [4]
?srl32_l0_l0_a            0x008e6e         Code  Gb  long.o [4]
?srl32_l0_l0_db           0x008e6a         Code  Gb  long.o [4]
?srl8_a_a_5               0x009c2c         Code  Gb  char.o [4]
?sub32_l0_l0_0x           0x008cd8         Code  Gb  long.o [4]
?sub32_l0_l0_l1           0x008cd5         Code  Gb  long.o [4]
?ucmp32_c_l0_l1           0x008e33         Code  Gb  long.o [4]
?udiv32_l0_l0_dl          0x008d7a         Code  Gb  long.o [4]
?udiv32_l0_l0_l1          0x008d7d         Code  Gb  long.o [4]
?umod32_l1_l0_l1          0x008d7d         Code  Gb  long.o [4]
?w0                       0x000000         Data  Gb  vregs.o [4]
?w1                       0x000002         Data  Gb  vregs.o [4]
?w2                       0x000004         Data  Gb  vregs.o [4]
?w3                       0x000006         Data  Gb  vregs.o [4]
?w4                       0x000008         Data  Gb  vregs.o [4]
?w5                       0x00000a         Data  Gb  vregs.o [4]
?w6                       0x00000c         Data  Gb  vregs.o [4]
?w7                       0x00000e         Data  Gb  vregs.o [4]
ADC                       0x008629   0x2f  Code  Gb  user.o [1]
ADC1_IRQHandler           0x009d46    0x2  Code  Gb  stm8s_it.o [1]
ADCGain_Val               0x0000ba    0x2  Data  Gb  data_def.o [1]
ADCOffset_Val             0x0000f9    0x1  Data  Gb  data_def.o [1]
ADC_DRH {Abs}           0x00005404    0x1  Data  Wk  user.o [1]
ADC_DRL {Abs}           0x00005405    0x1  Data  Wk  user.o [1]
ADC_TDRH {Abs}          0x00005406    0x1  Data  Wk  user.o [1]
ADC_TDRL {Abs}          0x00005407    0x1  Data  Wk  user.o [1]
ADConverse                0x008667   0x7a  Code  Gb  user.o [1]
AWU_IRQHandler            0x009c92    0x8  Code  Gb  stm8s_it.o [1]
Adc_value                 0x000071   0x14  Data  Gb  data_def.o [1]
AfeErr_t                  0x0000dc    0x2  Data  Gb  data_def.o [1]
Afe_ADC_Enable            0x009112    0xa  Code  Gb  Afe_bq769x0_user.o [1]
Afe_CC_1Shot_Set          0x009bd4    0xd  Code  Gb  Afe_bq769x0_user.o [1]
Afe_CC_Disable            0x009bfa    0xb  Code  Gb  Afe_bq769x0_user.o [1]
Afe_CellBalance_Disable
                          0x00911c   0x47  Code  Gb  Afe_bq769x0_user.o [1]
Afe_CellBalance_Enable    0x0099fb   0x26  Code  Gb  Afe_bq769x0_user.o [1]
Afe_Device_Init           0x009163   0x67  Code  Gb  Afe_bq769x0_user.o [1]
Afe_EnterShipMode         0x009a21   0x22  Code  Gb  Afe_bq769x0_user.o [1]
Afe_FET_ChgDis_Cntrl      0x0098c9   0x22  Code  Gb  Afe_bq769x0_user.o [1]
Afe_FET_ChgOff_DisOff     0x0098be    0xb  Code  Gb  Afe_bq769x0_user.o [1]
Afe_FET_ChgOn_DisOn       0x0098b3    0xb  Code  Gb  Afe_bq769x0_user.o [1]
Afe_Get_Adc               0x0098eb   0x36  Code  Gb  Afe_bq769x0_user.o [1]
Afe_Get_GainOffset        0x0090c0   0x48  Code  Gb  Afe_bq769x0_user.o [1]
Afe_Get_SysStatus         0x009980   0x2a  Code  Gb  Afe_bq769x0_user.o [1]
Afe_OCD_Set               0x0090a6    0xd  Code  Gb  Afe_bq769x0_user.o [1]
Afe_OV_UV_Delay_Set       0x00909b    0xb  Code  Gb  Afe_bq769x0_user.o [1]
Afe_OV_UV_Threshold_Set
                          0x009034   0x4a  Code  Gb  Afe_bq769x0_user.o [1]
Afe_SCD_Set               0x0090b3    0xd  Code  Gb  Afe_bq769x0_user.o [1]
Afe_Temp_Disable          0x009c31    0xa  Code  Gb  Afe_bq769x0_user.o [1]
Afe_Temp_Enable           0x009108    0xa  Code  Gb  Afe_bq769x0_user.o [1]
Afe_Volt_Val_Get          0x008402  0x18f  Code  Gb  user.o [1]
Bits_flag                 0x00010e    0x1  Data  Gb  data_def.o [1]
Buf                       0x0000a1    0x3  Data  Gb  data_def.o [1]
CC_AD                     0x0000ae    0x2  Data  Gb  data_def.o [1]
CC_CFG_Last               0x000105    0x1  Data  Gb  data_def.o [1]
CC_Val                    0x00009d    0x4  Data  Gb  data_def.o [1]
CC_Volt_Sample_Cnt        0x0000c8    0x2  Data  Gb  data_def.o [1]
CELLBAL1_Last             0x0000fc    0x1  Data  Gb  data_def.o [1]
CELLBAL2_Last             0x0000fd    0x1  Data  Gb  data_def.o [1]
CLK_IRQHandler            0x009d32    0x2  Code  Gb  stm8s_it.o [1]
CLK_PCKENR1 {Abs}       0x000050c7    0x1  Data  Wk  user.o [1]
CLK_PCKENR2 {Abs}       0x000050ca    0x1  Data  Wk  user.o [1]
CRC8_Caculate             0x009835   0x42  Code  Gb  user.o [1]
CSTACK$$Base              0x000300          --   Gb  - Linker created -
CSTACK$$Limit             0x000400          --   Gb  - Linker created -
CellBal_Cntrl             0x00831c   0xc7  Code  Gb  user.o [1]
CellBal_Cntrl_Lock        0x000107    0x1  Data  Gb  data_def.o [1]
CellBalance_Cur_Selct     0x0000de    0x2  Data  Gb  data_def.o [1]
CellBalance_Selct         0x0000e8    0x2  Data  Gb  data_def.o [1]
Cell_Balance_Delay_t      0x0000ec    0x2  Data  Gb  data_def.o [1]
Cell_Volt                 0x000085   0x14  Data  Gb  data_def.o [1]
Cell_Volt_Avg             0x0000b4    0x2  Data  Gb  data_def.o [1]
Cell_Volt_Max             0x0000b6    0x2  Data  Gb  data_def.o [1]
Cell_Volt_Min             0x0000b8    0x2  Data  Gb  data_def.o [1]
Cell_Volt_Sample_Cnt      0x0000c6    0x2  Data  Gb  data_def.o [1]
Cell_Volt_Tol             0x0000b2    0x2  Data  Gb  data_def.o [1]
Check_Val                 0x0000b0    0x2  Data  Gb  data_def.o [1]
ChgCurOv_Re_t             0x0000ce    0x2  Data  Gb  data_def.o [1]
ChgCurOv_t                0x0000cc    0x2  Data  Gb  data_def.o [1]
ChgDis_AbnormalCheck      0x0093da   0xa0  Code  Gb  Afe_bq769x0_user.o [1]
ChgExchangeMode_Cnt       0x0000f5    0x1  Data  Gb  data_def.o [1]
ChgOv_t                   0x0000ca    0x2  Data  Gb  data_def.o [1]
ChgTemp_cnt               0x0000a6    0x2  Data  Gb  data_def.o [1]
Chg_Current_Val_Small_Errer_t
                          0x0000a4    0x2  Data  Gb  data_def.o [1]
ClearStatus               0x0085ad   0x73  Code  Gb  user.o [1]
ClrWdt                    0x009b17   0x15  Code  Gb  user.o [1]
CurrentCheck              0x008947   0xa2  Code  Gb  user.o [1]
Current_Val               0x000099    0x4  Data  Gb  data_def.o [1]
Delay_ms                  0x00809f    0xe  Code  Gb  user.o [1]
Delay_time_t              0x0000e6    0x2  Data  Gb  data_def.o [1]
DisCurOv_Re_t             0x0000d8    0x2  Data  Gb  data_def.o [1]
DisCurOv_t                0x0000d2    0x2  Data  Gb  data_def.o [1]
DisCurOv_t1               0x0000d4    0x2  Data  Gb  data_def.o [1]
DisCurOv_t2               0x0000d6    0x2  Data  Gb  data_def.o [1]
DisCurShort_Re_t          0x0000da    0x2  Data  Gb  data_def.o [1]
DisExchangeMode_Cnt       0x0000f6    0x1  Data  Gb  data_def.o [1]
DisOv_t                   0x0000d0    0x2  Data  Gb  data_def.o [1]
DisTemp_Lock_Cnt          0x0000aa    0x2  Data  Gb  data_def.o [1]
DisTemp_cnt               0x0000a8    0x2  Data  Gb  data_def.o [1]
Dis_First_Run_Flag        0x0000f3    0x1  Data  Gb  data_def.o [1]
Dis_First_Run_t           0x0000f4    0x1  Data  Gb  data_def.o [1]
EEPROM_EEC_IRQHandler     0x009d49    0x1  Code  Gb  stm8s_it.o [1]
EXTI_PORTA_IRQHandler     0x009d34    0x2  Code  Gb  stm8s_it.o [1]
EXTI_PORTB_IRQHandler     0x009d36    0x2  Code  Gb  stm8s_it.o [1]
EXTI_PORTC_IRQHandler     0x009d38    0x2  Code  Gb  stm8s_it.o [1]
EXTI_PORTD_IRQHandler     0x009c9a    0x8  Code  Gb  stm8s_it.o [1]
EXTI_PORTE_IRQHandler     0x009d3a    0x2  Code  Gb  stm8s_it.o [1]
EXTI_SetExtIntSensitivity
                          0x009791   0x56  Code  Gb  stm8s_exti.o [1]
FLASH_Lock                0x009cb9    0x7  Code  Gb  stm8s_flash.o [1]
FLASH_ProgramByte         0x009d1a    0x4  Code  Gb  stm8s_flash.o [1]
FLASH_ReadByte            0x009d1e    0x4  Code  Gb  stm8s_flash.o [1]
FLASH_Unlock              0x009b01   0x16  Code  Gb  stm8s_flash.o [1]
GPIO_Init                 0x009675   0x67  Code  Gb  stm8s_gpio.o [1]
I2C_CCRL {Abs}          0x0000521b    0x1  Data  Wk  user.o [1]
I2C_COM_ERROR_Flag        0x0000f8    0x1  Data  Gb  data_def.o [1]
I2C_IRQHandler            0x009cee    0x6  Code  Gb  stm8s_it.o [1]
I2C_Model_Init            0x009a43   0x21  Code  Gb  user.o [1]
I2C_Read                  0x00947a   0x9b  Code  Gb  user.o [1]
I2C_Write                 0x00958f   0x74  Code  Gb  user.o [1]
INTVEC$$Base              0x008000          --   Gb  - Linker created -
INTVEC$$Limit             0x008080          --   Gb  - Linker created -
IWDG_KR {Abs}           0x000050e0    0x1  Data  Wk  user.o [1]
IWDG_RLR {Abs}          0x000050e2    0x1  Data  Wk  user.o [1]
IdleExchangeMode_Cnt      0x0000f7    0x1  Data  Gb  data_def.o [1]
Init_Soc_Flag             0x000108    0x1  Data  Gb  data_def.o [1]
LedFlash_Off_t            0x0000e2    0x2  Data  Gb  data_def.o [1]
LedFlash_t                0x0000e0    0x2  Data  Gb  data_def.o [1]
LedShow_Cntrl             0x0081a2  0x15c  Code  Gb  user.o [1]
LowPower_Cntrl            0x008127   0x7b  Code  Gb  user.o [1]
LowPower_Entry_Delay_t    0x0000ea    0x2  Data  Gb  data_def.o [1]
LowPower_MCU_Entry_Flag
                          0x000109    0x1  Data  Gb  data_def.o [1]
LowPower_Powerdown_Enter
                          0x0080ad   0x6f  Code  Gb  user.o [1]
ModeCheck                 0x0086e1  0x133  Code  Gb  user.o [1]
OV_TRIP_Last              0x000103    0x1  Data  Gb  data_def.o [1]
PROTECT1_Last             0x000100    0x1  Data  Gb  data_def.o [1]
PROTECT2_Last             0x000101    0x1  Data  Gb  data_def.o [1]
PROTECT3_Last             0x000102    0x1  Data  Gb  data_def.o [1]
Pack_Volt                 0x0000bc    0x2  Data  Gb  data_def.o [1]
PortInit                  0x009603   0x72  Code  Gb  user.o [1]
PowerOff_Delay_t          0x0000e4    0x2  Data  Gb  data_def.o [1]
R_TS2_Val                 0x0000c2    0x2  Data  Gb  data_def.o [1]
Region$$Table$$Base       0x009a64          --   Gb  - Linker created -
Region$$Table$$Limit      0x009a76          --   Gb  - Linker created -
RevcComData               0x0000ee    0x2  Data  Gb  data_def.o [1]
SOCAhIntergrate           0x0096dc   0x5e  Code  Gb  soc.o [1]
SOCCalculate              0x008bd4   0x9c  Code  Gb  soc.o [1]
SOCCorrectOCV             0x008aaa   0xe9  Code  Gb  soc.o [1]
SOC_Init                  0x00973a   0x57  Code  Gb  user.o [1]
SOC_SavedtoEEPROM         0x009954   0x2c  Code  Gb  user.o [1]
SPI_IRQHandler            0x009d3c    0x2  Code  Gb  stm8s_it.o [1]
SYS_CTRL1                 0x00010c    0x1  Data  Gb  data_def.o [1]
SYS_CTRL1_Last            0x0000fe    0x1  Data  Gb  data_def.o [1]
SYS_CTRL2                 0x00010d    0x1  Data  Gb  data_def.o [1]
SYS_CTRL2_Last            0x0000ff    0x1  Data  Gb  data_def.o [1]
SYS_STAT                  0x00010b    0x1  Data  Gb  data_def.o [1]
SYS_STAT_Last             0x0000fb    0x1  Data  Gb  data_def.o [1]
SYS_STAT_Last_tmp         0x0000fa    0x1  Data  Gb  data_def.o [1]
Soc2OcvTbl                0x000010   0x21  Data  Gb  soc.o [1]
SocCalc                   0x000031   0x2b  Data  Gb  data_def.o [1]
SocReg                    0x00005c   0x15  Data  Gb  data_def.o [1]
Soc_OCV_CorrectEn_Flag    0x000106    0x1  Data  Gb  data_def.o [1]
SysInit                   0x009877   0x3c  Code  Gb  user.o [1]
TIM1_CAP_COM_IRQHandler
                          0x009d40    0x2  Code  Gb  stm8s_it.o [1]
TIM1_UPD_OVF_TRG_BRK_IRQHandler
                          0x009d3e    0x2  Code  Gb  stm8s_it.o [1]
TIM2_ARRH {Abs}         0x0000530f    0x1  Data  Wk  user.o [1]
TIM2_ARRL {Abs}         0x00005310    0x1  Data  Wk  user.o [1]
TIM2_CAP_COM_IRQHandler
                          0x009d42    0x2  Code  Gb  stm8s_it.o [1]
TIM2_CNTRH {Abs}        0x0000530c    0x1  Data  Wk  user.o [1]
TIM2_CNTRL {Abs}        0x0000530d    0x1  Data  Wk  user.o [1]
TIM2_UPD_OVF_BRK_IRQHandler
                          0x008e97  0x19d  Code  Gb  stm8s_it.o [1]
TIM4_ARR {Abs}          0x00005348    0x1  Data  Wk  user.o [1]
TIM4_CNTR {Abs}         0x00005346    0x1  Data  Wk  user.o [1]
TIM4_UPD_OVF_IRQHandler
                          0x009bb8    0xe  Code  Gb  stm8s_it.o [1]
TLI_IRQHandler            0x009d30    0x2  Code  Gb  stm8s_it.o [1]
TRAP_IRQHandler           0x009d2e    0x2  Code  Gb  stm8s_it.o [1]
TempCheck                 0x0089f5   0x96  Code  Gb  user.o [1]
Temp_Protect_Delay_t      0x0000ac    0x2  Data  Gb  data_def.o [1]
Temp_Val                  0x0000be    0x2  Data  Gb  data_def.o [1]
Temp_Volt_Sample_Cnt      0x0000c4    0x2  Data  Gb  data_def.o [1]
Timer2Init                0x0099aa   0x29  Code  Gb  user.o [1]
Timer4_Disable            0x008080    0xd  Code  Gb  user.o [1]
Timer4_Init_ms            0x00808d   0x12  Code  Gb  user.o [1]
UART1_RX_IRQHandler       0x009d48    0x1  Code  Gb  stm8s_it.o [1]
UART1_TX_IRQHandler       0x009d44    0x2  Code  Gb  stm8s_it.o [1]
UV_TRIP_Last              0x000104    0x1  Data  Gb  data_def.o [1]
V_TS2_Val                 0x0000c0    0x2  Data  Gb  data_def.o [1]
Var_Init                  0x0091ca  0x111  Code  Gb  user.o [1]
VoltCheck                 0x008864   0xdd  Code  Gb  user.o [1]
WorkMode                  0x00010a    0x1  Data  Gb  data_def.o [1]
__DebugBreak              0x009d4a    0x1  Code  Gb  __dbg_break.o [3]
__exit                    0x009b41   0x14  Code  Gb  __dbg_xxexit.o [3]
__iar_copy_init2          0x0099d3         Code  Gb  init_small.o [4]
__iar_data_init2          0x009aea   0x17  Code  Gb  init.o [4]
__iar_program_start       0x009b55         Code  Gb  cstartup.o [4]
__iar_unhandled_exception
                          0x009d2b         Code  Gb  unhandled_exception.o [4]
__iar_zero_init2          0x009ab5         Code  Gb  init_small.o [4]
__intvec                  0x008000         Data  Gb  interrupt.o [4]
__low_level_init          0x009d25    0x3  Code  Gb  low_level_init.o [4]
_exit                     0x009d15         Code  Gb  cexit.o [4]
_interrupt_1              0x009d2e         Code  Gb  stm8s_it.o [1]
_interrupt_10             0x009d22         Code  Wk  interrupt.o [4]
_interrupt_11             0x009d22         Code  Wk  interrupt.o [4]
_interrupt_12             0x009d3c         Code  Gb  stm8s_it.o [1]
_interrupt_13             0x009d3e         Code  Gb  stm8s_it.o [1]
_interrupt_14             0x009d40         Code  Gb  stm8s_it.o [1]
_interrupt_15             0x008e97         Code  Gb  stm8s_it.o [1]
_interrupt_16             0x009d42         Code  Gb  stm8s_it.o [1]
_interrupt_17             0x009d22         Code  Wk  interrupt.o [4]
_interrupt_18             0x009d22         Code  Wk  interrupt.o [4]
_interrupt_19             0x009d44         Code  Gb  stm8s_it.o [1]
_interrupt_2              0x009d30         Code  Gb  stm8s_it.o [1]
_interrupt_20             0x009d48         Code  Gb  stm8s_it.o [1]
_interrupt_21             0x009cee         Code  Gb  stm8s_it.o [1]
_interrupt_22             0x009d22         Code  Wk  interrupt.o [4]
_interrupt_23             0x009d22         Code  Wk  interrupt.o [4]
_interrupt_24             0x009d46         Code  Gb  stm8s_it.o [1]
_interrupt_25             0x009bb8         Code  Gb  stm8s_it.o [1]
_interrupt_26             0x009d49         Code  Gb  stm8s_it.o [1]
_interrupt_27             0x009d22         Code  Wk  interrupt.o [4]
_interrupt_28             0x009d22         Code  Wk  interrupt.o [4]
_interrupt_29             0x009d22         Code  Wk  interrupt.o [4]
_interrupt_3              0x009c92         Code  Gb  stm8s_it.o [1]
_interrupt_30             0x009d22         Code  Wk  interrupt.o [4]
_interrupt_31             0x009d22         Code  Wk  interrupt.o [4]
_interrupt_4              0x009d32         Code  Gb  stm8s_it.o [1]
_interrupt_5              0x009d34         Code  Gb  stm8s_it.o [1]
_interrupt_6              0x009d36         Code  Gb  stm8s_it.o [1]
_interrupt_7              0x009d38         Code  Gb  stm8s_it.o [1]
_interrupt_8              0x009c9a         Code  Gb  stm8s_it.o [1]
_interrupt_9              0x009d3a         Code  Gb  stm8s_it.o [1]
exit                      0x009d28    0x3  Code  Gb  exit.o [4]
main                      0x009515   0x7a  Code  Gb  main.o [1]


[1] = D:\ProjectPath\STMPath\CH79_A0_C-version\CH79_A0\Debug\Obj
[2] = command line
[3] = dbgstm8smd.a
[4] = dlstm8smn.a

  7 353 bytes of readonly  code memory
    179 bytes of readonly  data memory
    536 bytes of readwrite data memory

Errors: none
Warnings: none
