###############################################################################
#                                                                             #
# IAR ELF Linker V1.31.1.50058 for STM8                 08/Apr/2016  14:50:02 #
# Copyright 2010-2012 IAR Systems AB.                                         #
#                                                                             #
#    Output file  =  D:\ProjectPath\STMPath\CH79_A0_C-version\CH79_A0\Debug\E #
#                    xe\stm8s003F3.out                                        #
#    Map file     =  D:\ProjectPath\STMPath\CH79_A0_C-version\CH79_A0\Debug\L #
#                    ist\stm8s003F3.map                                       #
#    Command line =  D:\ProjectPath\STMPath\CH79_A0_C-version\CH79_A0\Debug\O #
#                    bj\Afe_bq769x0_user.o D:\ProjectPath\STMPath\CH79_A0_C-v #
#                    ersion\CH79_A0\Debug\Obj\bsp_printf.o                    #
#                    D:\ProjectPath\STMPath\CH79_A0_C-version\CH79_A0\Debug\O #
#                    bj\data_def.o D:\ProjectPath\STMPath\CH79_A0_C-version\C #
#                    H79_A0\Debug\Obj\main.o D:\ProjectPath\STMPath\CH79_A0_C #
#                    -version\CH79_A0\Debug\Obj\soc.o                         #
#                    D:\ProjectPath\STMPath\CH79_A0_C-version\CH79_A0\Debug\O #
#                    bj\stm8s_awu.o D:\ProjectPath\STMPath\CH79_A0_C-version\ #
#                    CH79_A0\Debug\Obj\stm8s_clk.o                            #
#                    D:\ProjectPath\STMPath\CH79_A0_C-version\CH79_A0\Debug\O #
#                    bj\stm8s_exti.o D:\ProjectPath\STMPath\CH79_A0_C-version #
#                    \CH79_A0\Debug\Obj\stm8s_flash.o                         #
#                    D:\ProjectPath\STMPath\CH79_A0_C-version\CH79_A0\Debug\O #
#                    bj\stm8s_gpio.o D:\ProjectPath\STMPath\CH79_A0_C-version #
#                    \CH79_A0\Debug\Obj\stm8s_it.o                            #
#                    D:\ProjectPath\STMPath\CH79_A0_C-version\CH79_A0\Debug\O #
#                    bj\stm8s_tim2.o D:\ProjectPath\STMPath\CH79_A0_C-version #
#                    \CH79_A0\Debug\Obj\stm8s_tim4.o                          #
#                    D:\ProjectPath\STMPath\CH79_A0_C-version\CH79_A0\Debug\O #
#                    bj\stm8s_uart1.o D:\ProjectPath\STMPath\CH79_A0_C-versio #
#                    n\CH79_A0\Debug\Obj\user.o --redirect                    #
#                    _Printf=_PrintfSmall --redirect _Scanf=_ScanfSmall -o    #
#                    D:\ProjectPath\STMPath\CH79_A0_C-version\CH79_A0\Debug\E #
#                    xe\stm8s003F3.out --map D:\ProjectPath\STMPath\CH79_A0_C #
#                    -version\CH79_A0\Debug\List\stm8s003F3.map --config      #
#                    "C:\Program Files\IAR Systems\Embedded Workbench 6.0     #
#                    Evaluation\stm8\config\lnkstm8s003f3.icf" --config_def   #
#                    _CSTACK_SIZE=0x100 --config_def _HEAP_SIZE=0x100         #
#                    --entry __iar_program_start --debug_lib                  #
#                                                                             #
#                                                                             #
###############################################################################

*******************************************************************************
*** RUNTIME MODEL ATTRIBUTES
***

__SystemLibrary            = DLib
__code_model               = small
__core                     = stm8
__data_model               = medium
__dlib_file_descriptor     = 0
__dlib_full_locale_support = 0
__rt_version               = 4


*******************************************************************************
*** RESERVED RANGES
***

Ranges reserved by absolute symbols:
   [0x0050c7-0x0050c7]
   [0x0050ca-0x0050ca]
   [0x0050e0-0x0050e0]
   [0x0050e2-0x0050e2]
   [0x00521b-0x00521b]
   [0x005231-0x005231]
   [0x005232-0x005232]
   [0x005233-0x005233]
   [0x00530c-0x00530c]
   [0x00530d-0x00530d]
   [0x00530f-0x00530f]
   [0x005310-0x005310]
   [0x005346-0x005346]
   [0x005348-0x005348]
   [0x005404-0x005404]
   [0x005405-0x005405]
   [0x005406-0x005406]
   [0x005407-0x005407]


*******************************************************************************
*** PLACEMENT SUMMARY
***

"A1":  place at start of [0x000000-0x0000ff] { rw section .vregs };
"A2":  place at end of [0x000000-0x0003ff] { block CSTACK };
"P2":  place in [from 0x000000 to 0x0003ff] {
          block HEAP, rw section .far.bss, rw section .far.data,
          rw section .far.noinit, rw section .far_func.textrw,
          rw section .huge.bss, rw section .huge.data, rw section .huge.noinit,
          rw section .huge_func.textrw, rw section .iar.dynexit,
          rw section .near.bss, rw section .near.data, rw section .near.noinit,
          rw section .near_func.textrw };
"A3":  place at start of [0x008000-0x009fff] { block INTVEC };
"P3":  place in [from 0x008000 to 0x009fff] {
          ro section .far.data_init, ro section .far_func.textrw_init,
          ro section .huge.data_init, ro section .huge_func.textrw_init,
          ro section .iar.init_table, ro section .init_array,
          ro section .near.data_init, ro section .near.rodata,
          ro section .near_func.text, ro section .near_func.textrw_init,
          ro section .tiny.data_init, ro section .tiny.rodata_init };

  Section            Kind      Address    Size  Object
  -------            ----      -------    ----  ------
"A1":                                     0x10
  .vregs             uninit   0x000000    0x10  vregs.o [4]
                            - 0x000010    0x10

"P2", part 1 of 2:                        0x21
  P2 s0                       0x000010    0x21  <Init block>
    .near.data       inited   0x000010    0x21  soc.o [1]
                            - 0x000031    0x21

"P2", part 2 of 2:                        0xf5
  .near.bss          zero     0x000031    0x2b  data_def.o [1]
  .near.bss          zero     0x00005c    0x15  data_def.o [1]
  .near.bss          zero     0x000071    0x15  user.o [1]
  .near.bss          zero     0x000086    0x14  data_def.o [1]
  .near.bss          zero     0x00009a    0x14  data_def.o [1]
  .near.bss          zero     0x0000ae     0x4  data_def.o [1]
  .near.bss          zero     0x0000b2     0x4  data_def.o [1]
  .near.bss          zero     0x0000b6     0x3  data_def.o [1]
  .near.bss          zero     0x0000b9     0x2  data_def.o [1]
  .near.bss          zero     0x0000bb     0x2  data_def.o [1]
  .near.bss          zero     0x0000bd     0x2  data_def.o [1]
  .near.bss          zero     0x0000bf     0x2  data_def.o [1]
  .near.bss          zero     0x0000c1     0x2  data_def.o [1]
  .near.bss          zero     0x0000c3     0x2  data_def.o [1]
  .near.bss          zero     0x0000c5     0x2  data_def.o [1]
  .near.bss          zero     0x0000c7     0x2  data_def.o [1]
  .near.bss          zero     0x0000c9     0x2  data_def.o [1]
  .near.bss          zero     0x0000cb     0x2  data_def.o [1]
  .near.bss          zero     0x0000cd     0x2  data_def.o [1]
  .near.bss          zero     0x0000cf     0x2  data_def.o [1]
  .near.bss          zero     0x0000d1     0x2  data_def.o [1]
  .near.bss          zero     0x0000d3     0x2  data_def.o [1]
  .near.bss          zero     0x0000d5     0x2  data_def.o [1]
  .near.bss          zero     0x0000d7     0x2  data_def.o [1]
  .near.bss          zero     0x0000d9     0x2  data_def.o [1]
  .near.bss          zero     0x0000db     0x2  data_def.o [1]
  .near.bss          zero     0x0000dd     0x2  data_def.o [1]
  .near.bss          zero     0x0000df     0x2  data_def.o [1]
  .near.bss          zero     0x0000e1     0x2  data_def.o [1]
  .near.bss          zero     0x0000e3     0x2  data_def.o [1]
  .near.bss          zero     0x0000e5     0x2  data_def.o [1]
  .near.bss          zero     0x0000e7     0x2  data_def.o [1]
  .near.bss          zero     0x0000e9     0x2  data_def.o [1]
  .near.bss          zero     0x0000eb     0x2  data_def.o [1]
  .near.bss          zero     0x0000ed     0x2  data_def.o [1]
  .near.bss          zero     0x0000ef     0x2  data_def.o [1]
  .near.bss          zero     0x0000f1     0x2  data_def.o [1]
  .near.bss          zero     0x0000f3     0x2  data_def.o [1]
  .near.bss          zero     0x0000f5     0x2  data_def.o [1]
  .near.bss          zero     0x0000f7     0x2  data_def.o [1]
  .near.bss          zero     0x0000f9     0x2  data_def.o [1]
  .near.bss          zero     0x0000fb     0x2  data_def.o [1]
  .near.bss          zero     0x0000fd     0x2  data_def.o [1]
  .near.bss          zero     0x0000ff     0x2  data_def.o [1]
  .near.bss          zero     0x000101     0x2  data_def.o [1]
  .near.bss          zero     0x000103     0x2  stm8s_it.o [1]
  .near.bss          zero     0x000105     0x1  Afe_bq769x0_user.o [1]
  .near.bss          zero     0x000106     0x1  data_def.o [1]
  .near.bss          zero     0x000107     0x1  data_def.o [1]
  .near.bss          zero     0x000108     0x1  data_def.o [1]
  .near.bss          zero     0x000109     0x1  data_def.o [1]
  .near.bss          zero     0x00010a     0x1  data_def.o [1]
  .near.bss          zero     0x00010b     0x1  data_def.o [1]
  .near.bss          zero     0x00010c     0x1  data_def.o [1]
  .near.bss          zero     0x00010d     0x1  data_def.o [1]
  .near.bss          zero     0x00010e     0x1  data_def.o [1]
  .near.bss          zero     0x00010f     0x1  data_def.o [1]
  .near.bss          zero     0x000110     0x1  data_def.o [1]
  .near.bss          zero     0x000111     0x1  data_def.o [1]
  .near.bss          zero     0x000112     0x1  data_def.o [1]
  .near.bss          zero     0x000113     0x1  data_def.o [1]
  .near.bss          zero     0x000114     0x1  data_def.o [1]
  .near.bss          zero     0x000115     0x1  data_def.o [1]
  .near.bss          zero     0x000116     0x1  data_def.o [1]
  .near.bss          zero     0x000117     0x1  data_def.o [1]
  .near.bss          zero     0x000118     0x1  data_def.o [1]
  .near.bss          zero     0x000119     0x1  data_def.o [1]
  .near.bss          zero     0x00011a     0x1  data_def.o [1]
  .near.bss          zero     0x00011b     0x1  data_def.o [1]
  .near.bss          zero     0x00011c     0x1  data_def.o [1]
  .near.bss          zero     0x00011d     0x1  data_def.o [1]
  .near.bss          zero     0x00011e     0x1  data_def.o [1]
  .near.bss          zero     0x00011f     0x1  data_def.o [1]
  .near.bss          zero     0x000120     0x1  data_def.o [1]
  .near.bss          zero     0x000121     0x1  stm8s_it.o [1]
  .near.bss          zero     0x000122     0x1  user.o [1]
  .near.bss          zero     0x000123     0x1  user.o [1]
  .near.bss          zero     0x000124     0x1  user.o [1]
  .near.bss          zero     0x000125     0x1  user.o [1]
                            - 0x000126    0xf5

"A2":                                    0x100
  CSTACK                      0x000300   0x100  <Block>
    CSTACK           uninit   0x000300   0x100  <Block tail>
                            - 0x000400   0x100

"A3":                                     0x80
  INTVEC                      0x008000    0x80  <Block>
    .intvec          const    0x008000    0x80  interrupt.o [4]
                            - 0x008080    0x80

"P3":                                   0x1f6e
  .near_func.text    ro code  0x008080   0xba6  user.o [1]
  .near_func.text    ro code  0x008c26   0x201  soc.o [1]
  .near_func.text    ro code  0x008e27   0x1ed  long.o [4]
  .near_func.text    ro code  0x009014   0x1c9  stm8s_it.o [1]
  .near_func.text    ro code  0x0091dd   0x18f  Afe_bq769x0_user.o [1]
  .near_func.text    ro code  0x00936c   0x113  main.o [1]
  .near_func.text    ro code  0x00947f   0x10d  vreg_util.o [4]
  .near_func.text    ro code  0x00958c   0x107  user.o [1]
  .near_func.text    ro code  0x009693    0x8f  Afe_bq769x0_user.o [1]
  .near_func.text    ro code  0x009722    0x70  user.o [1]
  .near_func.text    ro code  0x009792    0x6e  user.o [1]
  .near_func.text    ro code  0x009800    0x67  stm8s_gpio.o [1]
  .near_func.text    ro code  0x009867    0x5e  soc.o [1]
  .near_func.text    ro code  0x0098c5    0x5c  short.o [4]
  .near_func.text    ro code  0x009921    0x56  stm8s_exti.o [1]
  .near_func.text    ro code  0x009977    0x4e  long_util.o [4]
  .near_func.text    ro code  0x0099c5    0x44  user.o [1]
  .near_func.text    ro code  0x009a09    0x42  user.o [1]
  .near_func.text    ro code  0x009a4b    0x3c  user.o [1]
  .near_func.text    ro code  0x009a87    0x39  user.o [1]
  .near_func.text    ro code  0x009ac0    0x38  Afe_bq769x0_user.o [1]
  .near_func.text    ro code  0x009af8    0x36  Afe_bq769x0_user.o [1]
  .near_func.text    ro code  0x009b2e    0x2a  Afe_bq769x0_user.o [1]
  .near_func.text    ro code  0x009b58    0x29  user.o [1]
  .near_func.text    ro code  0x009b81    0x28  init_small.o [4]
  .near_func.text    ro code  0x009ba9    0x26  Afe_bq769x0_user.o [1]
  .near_func.text    ro code  0x009bcf    0x26  user.o [1]
  .near_func.text    ro code  0x009bf5    0x22  Afe_bq769x0_user.o [1]
  .near_func.text    ro code  0x009c17    0x21  user.o [1]
  .iar.init_table    const    0x009c38    0x12  - Linker created -
  .near_func.text    ro code  0x009c4a    0x1f  dc_util.o [4]
  .near_func.text    ro code  0x009c69    0x1e  init_small.o [4]
  .near_func.text    ro code  0x009c87    0x1d  user.o [1]
  .near_func.text    ro code  0x009ca4    0x1d  user.o [1]
  .near_func.text    ro code  0x009cc1    0x19  user.o [1]
  .near_func.text    ro code  0x009cda    0x17  init.o [4]
  .near_func.text    ro code  0x009cf1    0x16  stm8s_flash.o [1]
  .near_func.text    ro code  0x009d07    0x15  Afe_bq769x0_user.o [1]
  .near.rodata       const    0x009d1c    0x14  user.o [1]
  .near_func.text    ro code  0x009d30    0x14  __dbg_xxexit.o [3]
  .near_func.text    ro code  0x009d44    0x13  cstartup.o [4]
  .near_func.text    ro code  0x009d57    0x12  soc.o [1]
  .near_func.text    ro code  0x009d69    0x12  soc.o [1]
  .near_func.text    ro code  0x009d7b    0x12  strlen.o [4]
  .near.rodata       const    0x009d8d     0xf  main.o [1]
  .near.rodata       const    0x009d9c     0xf  main.o [1]
  .near_func.text    ro code  0x009dab     0xf  user.o [1]
  .near.rodata       const    0x009dba     0xe  main.o [1]
  .near.rodata       const    0x009dc8     0xe  main.o [1]
  .near.rodata       const    0x009dd6     0xe  main.o [1]
  .near_func.text    ro code  0x009de4     0xe  Afe_bq769x0_user.o [1]
  .near_func.text    ro code  0x009df2     0xe  soc.o [1]
  .near_func.text    ro code  0x009e00     0xe  soc.o [1]
  .near_func.text    ro code  0x009e0e     0xe  stm8s_it.o [1]
  .near.rodata       const    0x009e1c     0xd  main.o [1]
  .near.rodata       const    0x009e29     0xd  main.o [1]
  .near_func.text    ro code  0x009e36     0xd  Afe_bq769x0_user.o [1]
  .near_func.text    ro code  0x009e43     0xd  soc.o [1]
  .near_func.text    ro code  0x009e50     0xd  move.o [4]
  .near.rodata       const    0x009e5d     0xc  main.o [1]
  .near.rodata       const    0x009e69     0xc  main.o [1]
  .near.rodata       const    0x009e75     0xc  main.o [1]
  .near_func.text    ro code  0x009e81     0xc  soc.o [1]
  .near_func.text    ro code  0x009e8d     0xc  soc.o [1]
  .near_func.text    ro code  0x009e99     0xb  Afe_bq769x0_user.o [1]
  .near_func.text    ro code  0x009ea4     0xb  Afe_bq769x0_user.o [1]
  .near_func.text    ro code  0x009eaf     0xb  char.o [4]
  .near.rodata       const    0x009eba     0xa  main.o [1]
  .near_func.text    ro code  0x009ec4     0xa  Afe_bq769x0_user.o [1]
  .near_func.text    ro code  0x009ece     0x9  soc.o [1]
  .near_func.text    ro code  0x009ed7     0x9  soc.o [1]
  .near_func.text    ro code  0x009ee0     0x9  user.o [1]
  .near_func.text    ro code  0x009ee9     0x8  Afe_bq769x0_user.o [1]
  .near_func.text    ro code  0x009ef1     0x8  main.o [1]
  .near_func.text    ro code  0x009ef9     0x8  main.o [1]
  .near_func.text    ro code  0x009f01     0x8  main.o [1]
  .near_func.text    ro code  0x009f09     0x8  soc.o [1]
  .near_func.text    ro code  0x009f11     0x8  stm8s_it.o [1]
  .near_func.text    ro code  0x009f19     0x8  stm8s_it.o [1]
  .near_func.text    ro code  0x009f21     0x8  user.o [1]
  .near_func.text    ro code  0x009f29     0x8  user.o [1]
  .near.rodata       const    0x009f31     0x7  main.o [1]
  .near.rodata       const    0x009f38     0x7  main.o [1]
  .near.rodata       const    0x009f3f     0x7  user.o [1]
  .near_func.text    ro code  0x009f46     0x7  soc.o [1]
  .near_func.text    ro code  0x009f4d     0x7  stm8s_flash.o [1]
  .near_func.text    ro code  0x009f54     0x7  user.o [1]
  .near_func.text    ro code  0x009f5b     0x7  user.o [1]
  .near_func.text    ro code  0x009f62     0x7  user.o [1]
  .near.rodata       const    0x009f69     0x6  main.o [1]
  .near_func.text    ro code  0x009f6f     0x6  soc.o [1]
  .near_func.text    ro code  0x009f75     0x6  stm8s_exti.o [1]
  .near_func.text    ro code  0x009f7b     0x6  stm8s_it.o [1]
  .near_func.text    ro code  0x009f81     0x6  user.o [1]
  .near_func.text    ro code  0x009f87     0x5  main.o [1]
  .near_func.text    ro code  0x009f8c     0x5  user.o [1]
  .near_func.text    ro code  0x009f91     0x5  cexit.o [4]
  .near_func.text    ro code  0x009f96     0x4  stm8s_flash.o [1]
  .near_func.text    ro code  0x009f9a     0x4  stm8s_flash.o [1]
  .near.rodata       const    0x009f9e     0x3  main.o [1]
  .near.rodata       const    0x009fa1     0x3  user.o [1]
  .near_func.text    ro code  0x009fa4     0x3  interrupt.o [4]
  .near_func.text    ro code  0x009fa7     0x3  low_level_init.o [4]
  .near_func.text    ro code  0x009faa     0x3  exit.o [4]
  .near_func.text    ro code  0x009fad     0x3  unhandled_exception.o [4]
  .near_func.text    ro code  0x009fb0     0x2  stm8s_it.o [1]
  .near_func.text    ro code  0x009fb2     0x2  stm8s_it.o [1]
  .near_func.text    ro code  0x009fb4     0x2  stm8s_it.o [1]
  .near_func.text    ro code  0x009fb6     0x2  stm8s_it.o [1]
  .near_func.text    ro code  0x009fb8     0x2  stm8s_it.o [1]
  .near_func.text    ro code  0x009fba     0x2  stm8s_it.o [1]
  .near_func.text    ro code  0x009fbc     0x2  stm8s_it.o [1]
  .near_func.text    ro code  0x009fbe     0x2  stm8s_it.o [1]
  .near_func.text    ro code  0x009fc0     0x2  stm8s_it.o [1]
  .near_func.text    ro code  0x009fc2     0x2  stm8s_it.o [1]
  .near_func.text    ro code  0x009fc4     0x2  stm8s_it.o [1]
  .near_func.text    ro code  0x009fc6     0x2  stm8s_it.o [1]
  .near_func.text    ro code  0x009fc8     0x2  stm8s_it.o [1]
  .near_func.text    ro code  0x009fca     0x1  stm8s_it.o [1]
  .near_func.text    ro code  0x009fcb     0x1  stm8s_it.o [1]
  .near_func.text    ro code  0x009fcc     0x1  __dbg_break.o [3]
  Initializer bytes  ro data  0x009fcd    0x21  <for P2 s0>
                            - 0x009fee  0x1f6e


*******************************************************************************
*** INIT TABLE
***

          Address   Size
          -------   ----
Zero (__iar_zero_init2)
    1 destination range, total size 0xf5:
          0x000031  0xf5

Copy (__iar_copy_init2)
    1 source range, total size 0x21:
          0x009fcd  0x21
    1 destination range, total size 0x21:
          0x000010  0x21


*******************************************************************************
*** MODULE SUMMARY
***

    Module                 ro code  ro data  rw data
    ------                 -------  -------  -------
D:\ProjectPath\STMPath\CH79_A0_C-version\CH79_A0\Debug\Obj: [1]
    Afe_bq769x0_user.o         854                 1
    data_def.o                                   216
    main.o                     304      167
    soc.o                      747       33       33
    stm8s_exti.o                92
    stm8s_flash.o               37
    stm8s_gpio.o               103
    stm8s_it.o                 521                 3
    user.o                   3 985       30       25
    ------------------------------------------------
    Total:                   6 643      230      278

command line: [2]
    ------------------------------------------------
    Total:

dbgstm8smd.a: [3]
    __dbg_break.o                1
    __dbg_xxexit.o              20
    ------------------------------------------------
    Total:                      21

dlstm8smn.a: [4]
    cexit.o                      5
    char.o                      11
    cstartup.o                  19
    dc_util.o                   31
    exit.o                       3
    init.o                      23
    init_small.o                70
    interrupt.o                  3      128
    long.o                     493
    long_util.o                 78
    low_level_init.o             3
    move.o                      13
    short.o                     92
    strlen.o                    18
    unhandled_exception.o        3
    vreg_util.o                269
    vregs.o                                       16
    ------------------------------------------------
    Total:                   1 134      128       16

    Linker created                       18      256
----------------------------------------------------
    Grand Total:             7 798      376      550


*******************************************************************************
*** ENTRY LIST
***

Entry                      Address   Size  Type      Object
-----                      -------   ----  ----      ------
?add32_l0_l0_0x           0x008e3a         Code  Gb  long.o [4]
?add32_l0_l0_l1           0x008e37         Code  Gb  long.o [4]
?b0                       0x000000         Data  Gb  vregs.o [4]
?b1                       0x000001         Data  Gb  vregs.o [4]
?b10                      0x00000a         Data  Gb  vregs.o [4]
?b11                      0x00000b         Data  Gb  vregs.o [4]
?b12                      0x00000c         Data  Gb  vregs.o [4]
?b13                      0x00000d         Data  Gb  vregs.o [4]
?b14                      0x00000e         Data  Gb  vregs.o [4]
?b15                      0x00000f         Data  Gb  vregs.o [4]
?b2                       0x000002         Data  Gb  vregs.o [4]
?b3                       0x000003         Data  Gb  vregs.o [4]
?b4                       0x000004         Data  Gb  vregs.o [4]
?b5                       0x000005         Data  Gb  vregs.o [4]
?b6                       0x000006         Data  Gb  vregs.o [4]
?b7                       0x000007         Data  Gb  vregs.o [4]
?b8                       0x000008         Data  Gb  vregs.o [4]
?b9                       0x000009         Data  Gb  vregs.o [4]
?dc32_l1                  0x009c51         Code  Gb  dc_util.o [4]
?dc32_px                  0x009c5e         Code  Gb  dc_util.o [4]
?dc8_px                   0x009c4a         Code  Gb  dc_util.o [4]
?e0                       0x000001         Data  Gb  vregs.o [4]
?e1                       0x000005         Data  Gb  vregs.o [4]
?e2                       0x000009         Data  Gb  vregs.o [4]
?e3                       0x00000d         Data  Gb  vregs.o [4]
?epilogue_l2              0x00951a         Code  Gb  vreg_util.o [4]
?epilogue_l2_l3           0x009517         Code  Gb  vreg_util.o [4]
?epilogue_w4              0x00951e         Code  Gb  vreg_util.o [4]
?l0                       0x000000         Data  Gb  vregs.o [4]
?l1                       0x000004         Data  Gb  vregs.o [4]
?l2                       0x000008         Data  Gb  vregs.o [4]
?l3                       0x00000c         Data  Gb  vregs.o [4]
?load32_0x_l0             0x00999b         Code  Gb  long_util.o [4]
?load32_0x_l1             0x0099a9         Code  Gb  long_util.o [4]
?load32_0x_l2             0x0099b7         Code  Gb  long_util.o [4]
?load32_l0_0x             0x009977         Code  Gb  long_util.o [4]
?load32_l1_0x             0x009983         Code  Gb  long_util.o [4]
?load32_l2_0x             0x00998f         Code  Gb  long_util.o [4]
?mov_e0_e1                0x009541         Code  Gb  vreg_util.o [4]
?mov_e0_e2                0x00954e         Code  Gb  vreg_util.o [4]
?mov_e1_e0                0x00955b         Code  Gb  vreg_util.o [4]
?mov_e1_e2                0x009568         Code  Gb  vreg_util.o [4]
?mov_e1_e3                0x009575         Code  Gb  vreg_util.o [4]
?mov_e2_e0                0x009582         Code  Gb  vreg_util.o [4]
?mov_l0_l1                0x00953e         Code  Gb  vreg_util.o [4]
?mov_l0_l2                0x00954b         Code  Gb  vreg_util.o [4]
?mov_l1_l0                0x009558         Code  Gb  vreg_util.o [4]
?mov_l1_l2                0x009565         Code  Gb  vreg_util.o [4]
?mov_l1_l3                0x009572         Code  Gb  vreg_util.o [4]
?mov_l2_l0                0x00957f         Code  Gb  vreg_util.o [4]
?mov_w0_w4                0x009522         Code  Gb  vreg_util.o [4]
?mov_w1_w3                0x009544         Code  Gb  vreg_util.o [4]
?mov_w1_w5                0x009551         Code  Gb  vreg_util.o [4]
?mov_w2_w0                0x009529         Code  Gb  vreg_util.o [4]
?mov_w3_w1                0x00955e         Code  Gb  vreg_util.o [4]
?mov_w3_w5                0x00956b         Code  Gb  vreg_util.o [4]
?mov_w3_w7                0x009578         Code  Gb  vreg_util.o [4]
?mov_w4_w1                0x009530         Code  Gb  vreg_util.o [4]
?mov_w5_w1                0x009585         Code  Gb  vreg_util.o [4]
?mov_w7_w0                0x009537         Code  Gb  vreg_util.o [4]
?move1616_v_x_y_a         0x009e50         Code  Gb  move.o [4]
?mul16_x_x_w0             0x0098c5         Code  Gb  short.o [4]
?mul32_l0_l0_0x           0x008e70         Code  Gb  long.o [4]
?mul32_l0_l0_dl           0x008e6d         Code  Gb  long.o [4]
?mul32_l0_l0_l1           0x008e79         Code  Gb  long.o [4]
?neg32_l0_l0              0x008e27         Code  Gb  long.o [4]
?pop_l0                   0x0094e3         Code  Gb  vreg_util.o [4]
?pop_l1                   0x0094ee         Code  Gb  vreg_util.o [4]
?pop_l2                   0x0094f9         Code  Gb  vreg_util.o [4]
?pop_l3                   0x009504         Code  Gb  vreg_util.o [4]
?pop_w4                   0x00949c         Code  Gb  vreg_util.o [4]
?pop_w5                   0x0094a3         Code  Gb  vreg_util.o [4]
?push_l0                  0x0094b2         Code  Gb  vreg_util.o [4]
?push_l1                  0x0094b7         Code  Gb  vreg_util.o [4]
?push_l2                  0x0094bc         Code  Gb  vreg_util.o [4]
?push_l3                  0x0094c1         Code  Gb  vreg_util.o [4]
?push_w4                  0x00947f         Code  Gb  vreg_util.o [4]
?push_w5                  0x009484         Code  Gb  vreg_util.o [4]
?scmp32_c_l0_l1           0x008fbb         Code  Gb  long.o [4]
?sdiv16_x_x_y             0x0098e3         Code  Gb  short.o [4]
?sdiv32_l0_l0_dl          0x008f67         Code  Gb  long.o [4]
?sdiv32_l0_l0_l1          0x008f6a         Code  Gb  long.o [4]
?sext16_x_a               0x00991a         Code  Gb  short.o [4]
?sext32_l0_a              0x009007         Code  Gb  long.o [4]
?sext32_l0_x              0x008ffc         Code  Gb  long.o [4]
?sll16_x_x_a              0x00990c         Code  Gb  short.o [4]
?sll32_0x_0x_a            0x008fd9         Code  Gb  long.o [4]
?sll32_l0_l0_a            0x008fd6         Code  Gb  long.o [4]
?sll32_l0_l0_db           0x008fd2         Code  Gb  long.o [4]
?sll8_a_a_5               0x009eb0         Code  Gb  char.o [4]
?sll8_a_a_6               0x009eaf         Code  Gb  char.o [4]
?smod16_y_x_y             0x0098fc         Code  Gb  short.o [4]
?smod32_l1_l0_l1          0x008f6a         Code  Gb  long.o [4]
?srl16_x_x_4              0x009915         Code  Gb  short.o [4]
?srl16_x_x_5              0x009914         Code  Gb  short.o [4]
?srl32_0x_0x_a            0x008fee         Code  Gb  long.o [4]
?srl32_l0_l0_a            0x008feb         Code  Gb  long.o [4]
?srl32_l0_l0_db           0x008fe7         Code  Gb  long.o [4]
?srl8_a_a_5               0x009eb5         Code  Gb  char.o [4]
?sub32_l0_l0_0x           0x008e55         Code  Gb  long.o [4]
?sub32_l0_l0_l1           0x008e52         Code  Gb  long.o [4]
?ucmp32_c_l0_l1           0x008fb0         Code  Gb  long.o [4]
?udiv32_l0_l0_dl          0x008ef7         Code  Gb  long.o [4]
?udiv32_l0_l0_l1          0x008efa         Code  Gb  long.o [4]
?umod32_l1_l0_l1          0x008efa         Code  Gb  long.o [4]
?w0                       0x000000         Data  Gb  vregs.o [4]
?w1                       0x000002         Data  Gb  vregs.o [4]
?w2                       0x000004         Data  Gb  vregs.o [4]
?w3                       0x000006         Data  Gb  vregs.o [4]
?w4                       0x000008         Data  Gb  vregs.o [4]
?w5                       0x00000a         Data  Gb  vregs.o [4]
?w6                       0x00000c         Data  Gb  vregs.o [4]
?w7                       0x00000e         Data  Gb  vregs.o [4]
ADC                       0x0087b5   0x2f  Code  Gb  user.o [1]
ADC1_IRQHandler           0x009fc8    0x2  Code  Gb  stm8s_it.o [1]
ADCGain_Val               0x0000cd    0x2  Data  Gb  data_def.o [1]
ADCOffset_Val             0x00010c    0x1  Data  Gb  data_def.o [1]
ADC_DRH {Abs}           0x00005404    0x1  Data  Wk  user.o [1]
ADC_DRL {Abs}           0x00005405    0x1  Data  Wk  user.o [1]
ADC_TDRH {Abs}          0x00005406    0x1  Data  Wk  user.o [1]
ADC_TDRL {Abs}          0x00005407    0x1  Data  Wk  user.o [1]
ADConverse                0x0087f3   0x7a  Code  Gb  user.o [1]
AWU_IRQHandler            0x009f11    0x8  Code  Gb  stm8s_it.o [1]
Adc_value                 0x000086   0x14  Data  Gb  data_def.o [1]
AfeErr_t                  0x0000ef    0x2  Data  Gb  data_def.o [1]
Afe_ADC_Enable            0x0092bb    0xa  Code  Gb  Afe_bq769x0_user.o [1]
Afe_CC_1Shot_Set          0x009e36    0xd  Code  Gb  Afe_bq769x0_user.o [1]
Afe_CC_Disable            0x009e99    0xb  Code  Gb  Afe_bq769x0_user.o [1]
Afe_CellBalance_Disable
                          0x0092c5   0x47  Code  Gb  Afe_bq769x0_user.o [1]
Afe_CellBalance_Enable    0x009ba9   0x26  Code  Gb  Afe_bq769x0_user.o [1]
Afe_Device_Init           0x00930c   0x60  Code  Gb  Afe_bq769x0_user.o [1]
Afe_EnterShipMode         0x009bf5   0x22  Code  Gb  Afe_bq769x0_user.o [1]
Afe_FET_ChgDis_Cntrl      0x009ad6   0x22  Code  Gb  Afe_bq769x0_user.o [1]
Afe_FET_ChgOff_DisOff     0x009acb    0xb  Code  Gb  Afe_bq769x0_user.o [1]
Afe_FET_ChgOn_DisOn       0x009ac0    0xb  Code  Gb  Afe_bq769x0_user.o [1]
Afe_Get_Adc               0x009af8   0x36  Code  Gb  Afe_bq769x0_user.o [1]
Afe_Get_GainOffset        0x009269   0x48  Code  Gb  Afe_bq769x0_user.o [1]
Afe_Get_SysStatus         0x009b2e   0x2a  Code  Gb  Afe_bq769x0_user.o [1]
Afe_OCD_Set               0x00924f    0xd  Code  Gb  Afe_bq769x0_user.o [1]
Afe_OV_UV_Delay_Set       0x009244    0xb  Code  Gb  Afe_bq769x0_user.o [1]
Afe_OV_UV_Threshold_Set
                          0x0091dd   0x4a  Code  Gb  Afe_bq769x0_user.o [1]
Afe_SCD_Set               0x00925c    0xd  Code  Gb  Afe_bq769x0_user.o [1]
Afe_Temp_Disable          0x009ec4    0xa  Code  Gb  Afe_bq769x0_user.o [1]
Afe_Temp_Enable           0x0092b1    0xa  Code  Gb  Afe_bq769x0_user.o [1]
Afe_Volt_Val_Get          0x00854f  0x182  Code  Gb  user.o [1]
Bits_flag                 0x000120    0x1  Data  Gb  data_def.o [1]
Buf                       0x0000b6    0x3  Data  Gb  data_def.o [1]
CC_AD                     0x0000c1    0x2  Data  Gb  data_def.o [1]
CC_CFG_Last               0x000117    0x1  Data  Gb  data_def.o [1]
CC_Val                    0x0000b2    0x4  Data  Gb  data_def.o [1]
CC_Volt_Sample_Cnt        0x0000db    0x2  Data  Gb  data_def.o [1]
CELLBAL1_Last             0x00010e    0x1  Data  Gb  data_def.o [1]
CELLBAL2_Last             0x00010f    0x1  Data  Gb  data_def.o [1]
CLK_IRQHandler            0x009fb4    0x2  Code  Gb  stm8s_it.o [1]
CLK_PCKENR1 {Abs}       0x000050c7    0x1  Data  Wk  user.o [1]
CLK_PCKENR2 {Abs}       0x000050ca    0x1  Data  Wk  user.o [1]
CRC8_Caculate             0x009a09   0x42  Code  Gb  user.o [1]
CSTACK$$Base              0x000300          --   Gb  - Linker created -
CSTACK$$Limit             0x000400          --   Gb  - Linker created -
CellBal_Cntrl             0x00846a   0xc5  Code  Gb  user.o [1]
CellBal_Cntrl_Lock        0x000119    0x1  Data  Gb  data_def.o [1]
CellBalance_Cur_Selct     0x0000f1    0x2  Data  Gb  data_def.o [1]
CellBalance_Selct         0x0000fb    0x2  Data  Gb  data_def.o [1]
Cell_Balance_Delay_t      0x0000ff    0x2  Data  Gb  data_def.o [1]
Cell_Volt                 0x00009a   0x14  Data  Gb  data_def.o [1]
Cell_Volt_Avg             0x0000c7    0x2  Data  Gb  data_def.o [1]
Cell_Volt_Max             0x0000c9    0x2  Data  Gb  data_def.o [1]
Cell_Volt_Min             0x0000cb    0x2  Data  Gb  data_def.o [1]
Cell_Volt_Sample_Cnt      0x0000d9    0x2  Data  Gb  data_def.o [1]
Cell_Volt_Tol             0x0000c5    0x2  Data  Gb  data_def.o [1]
Check_Val                 0x0000c3    0x2  Data  Gb  data_def.o [1]
ChgCurOv_Re_t             0x0000e1    0x2  Data  Gb  data_def.o [1]
ChgCurOv_t                0x0000df    0x2  Data  Gb  data_def.o [1]
ChgDis_AbnormalCheck      0x009693   0x8f  Code  Gb  Afe_bq769x0_user.o [1]
ChgExchangeMode_Cnt       0x000108    0x1  Data  Gb  data_def.o [1]
ChgOv_t                   0x0000dd    0x2  Data  Gb  data_def.o [1]
ChgTemp_cnt               0x0000b9    0x2  Data  Gb  data_def.o [1]
ClearStatus               0x0086e3   0xc3  Code  Gb  user.o [1]
ClrWdt                    0x008250   0x15  Code  Gb  user.o [1]
CurrentCheck              0x008adb   0x8a  Code  Gb  user.o [1]
Current_Val               0x0000ae    0x4  Data  Gb  data_def.o [1]
Delay_ms                  0x008242    0xe  Code  Gb  user.o [1]
Delay_time_t              0x0000f9    0x2  Data  Gb  data_def.o [1]
DisCurOv_Re_t             0x0000eb    0x2  Data  Gb  data_def.o [1]
DisCurOv_t                0x0000e5    0x2  Data  Gb  data_def.o [1]
DisCurOv_t1               0x0000e7    0x2  Data  Gb  data_def.o [1]
DisCurOv_t2               0x0000e9    0x2  Data  Gb  data_def.o [1]
DisCurShort_Re_t          0x0000ed    0x2  Data  Gb  data_def.o [1]
DisExchangeMode_Cnt       0x000109    0x1  Data  Gb  data_def.o [1]
DisOv_t                   0x0000e3    0x2  Data  Gb  data_def.o [1]
DisTemp_Lock_Cnt          0x0000bd    0x2  Data  Gb  data_def.o [1]
DisTemp_cnt               0x0000bb    0x2  Data  Gb  data_def.o [1]
Dis_First_Run_Flag        0x000106    0x1  Data  Gb  data_def.o [1]
Dis_First_Run_t           0x000107    0x1  Data  Gb  data_def.o [1]
EEPROM_EEC_IRQHandler     0x009fcb    0x1  Code  Gb  stm8s_it.o [1]
EXTI_PORTA_IRQHandler     0x009fb6    0x2  Code  Gb  stm8s_it.o [1]
EXTI_PORTB_IRQHandler     0x009fb8    0x2  Code  Gb  stm8s_it.o [1]
EXTI_PORTC_IRQHandler     0x009fba    0x2  Code  Gb  stm8s_it.o [1]
EXTI_PORTD_IRQHandler     0x009f19    0x8  Code  Gb  stm8s_it.o [1]
EXTI_PORTE_IRQHandler     0x009fbc    0x2  Code  Gb  stm8s_it.o [1]
EXTI_SetExtIntSensitivity
                          0x009921   0x56  Code  Gb  stm8s_exti.o [1]
FLASH_Lock                0x009f4d    0x7  Code  Gb  stm8s_flash.o [1]
FLASH_ProgramByte         0x009f96    0x4  Code  Gb  stm8s_flash.o [1]
FLASH_ReadByte            0x009f9a    0x4  Code  Gb  stm8s_flash.o [1]
FLASH_Unlock              0x009cf1   0x16  Code  Gb  stm8s_flash.o [1]
GPIO_Init                 0x009800   0x67  Code  Gb  stm8s_gpio.o [1]
I2C_CCRL {Abs}          0x0000521b    0x1  Data  Wk  user.o [1]
I2C_COM_ERROR_Flag        0x00010b    0x1  Data  Gb  data_def.o [1]
I2C_IRQHandler            0x009f7b    0x6  Code  Gb  stm8s_it.o [1]
I2C_Model_Init            0x009c17   0x21  Code  Gb  user.o [1]
I2C_Read                  0x00813f   0x9b  Code  Gb  user.o [1]
I2C_Write                 0x008080   0x74  Code  Gb  user.o [1]
INTVEC$$Base              0x008000          --   Gb  - Linker created -
INTVEC$$Limit             0x008080          --   Gb  - Linker created -
IWDG_KR {Abs}           0x000050e0    0x1  Data  Wk  user.o [1]
IWDG_RLR {Abs}          0x000050e2    0x1  Data  Wk  user.o [1]
IdleExchangeMode_Cnt      0x00010a    0x1  Data  Gb  data_def.o [1]
Init_Soc_Flag             0x00011a    0x1  Data  Gb  data_def.o [1]
LedFlash_Off_t            0x0000f5    0x2  Data  Gb  data_def.o [1]
LedFlash_t                0x0000f3    0x2  Data  Gb  data_def.o [1]
LedShow_Cntrl             0x008307  0x145  Code  Gb  user.o [1]
LowPower_Cntrl            0x0082c8   0x3f  Code  Gb  user.o [1]
LowPower_Entry_Delay_t    0x0000fd    0x2  Data  Gb  data_def.o [1]
LowPower_MCU_Entry_Flag
                          0x00011b    0x1  Data  Gb  data_def.o [1]
LowPower_Powerdown_Enter
                          0x008265   0x63  Code  Gb  user.o [1]
ModeCheck                 0x00886d  0x133  Code  Gb  user.o [1]
OV_TRIP_Last              0x000115    0x1  Data  Gb  data_def.o [1]
PROTECT1_Last             0x000112    0x1  Data  Gb  data_def.o [1]
PROTECT2_Last             0x000113    0x1  Data  Gb  data_def.o [1]
PROTECT3_Last             0x000114    0x1  Data  Gb  data_def.o [1]
Pack_Volt                 0x0000cf    0x2  Data  Gb  data_def.o [1]
PortInit                  0x009722   0x70  Code  Gb  user.o [1]
PowerOff_Delay_t          0x0000f7    0x2  Data  Gb  data_def.o [1]
R_TS2_Val                 0x0000d5    0x2  Data  Gb  data_def.o [1]
Region$$Table$$Base       0x009c38          --   Gb  - Linker created -
Region$$Table$$Limit      0x009c4a          --   Gb  - Linker created -
RevcComData               0x000101    0x2  Data  Gb  data_def.o [1]
SOCAhIntergrate           0x009867   0x5e  Code  Gb  soc.o [1]
SOCCalculate              0x008d50   0x9d  Code  Gb  soc.o [1]
SOCCorrectOCV             0x008c26   0xe9  Code  Gb  soc.o [1]
SOC_Init                  0x0099c5   0x44  Code  Gb  user.o [1]
SOC_SavedtoEEPROM         0x009ca4   0x1d  Code  Gb  user.o [1]
SPI_IRQHandler            0x009fbe    0x2  Code  Gb  stm8s_it.o [1]
SYS_CTRL1                 0x00011e    0x1  Data  Gb  data_def.o [1]
SYS_CTRL1_Last            0x000110    0x1  Data  Gb  data_def.o [1]
SYS_CTRL2                 0x00011f    0x1  Data  Gb  data_def.o [1]
SYS_CTRL2_Last            0x000111    0x1  Data  Gb  data_def.o [1]
SYS_STAT                  0x00011d    0x1  Data  Gb  data_def.o [1]
SYS_STAT_Last             0x00010d    0x1  Data  Gb  data_def.o [1]
Soc2OcvTbl                0x000010   0x21  Data  Gb  soc.o [1]
SocCalc                   0x000031   0x2b  Data  Gb  data_def.o [1]
SocReg                    0x00005c   0x15  Data  Gb  data_def.o [1]
Soc_OCV_CorrectEn_Flag    0x000118    0x1  Data  Gb  data_def.o [1]
SysInit                   0x009a4b   0x3c  Code  Gb  user.o [1]
TIM1_CAP_COM_IRQHandler
                          0x009fc2    0x2  Code  Gb  stm8s_it.o [1]
TIM1_UPD_OVF_TRG_BRK_IRQHandler
                          0x009fc0    0x2  Code  Gb  stm8s_it.o [1]
TIM2_ARRH {Abs}         0x0000530f    0x1  Data  Wk  user.o [1]
TIM2_ARRL {Abs}         0x00005310    0x1  Data  Wk  user.o [1]
TIM2_CAP_COM_IRQHandler
                          0x009fc4    0x2  Code  Gb  stm8s_it.o [1]
TIM2_CNTRH {Abs}        0x0000530c    0x1  Data  Wk  user.o [1]
TIM2_CNTRL {Abs}        0x0000530d    0x1  Data  Wk  user.o [1]
TIM2_UPD_OVF_BRK_IRQHandler
                          0x009014  0x1c9  Code  Gb  stm8s_it.o [1]
TIM4_ARR {Abs}          0x00005348    0x1  Data  Wk  user.o [1]
TIM4_CNTR {Abs}         0x00005346    0x1  Data  Wk  user.o [1]
TIM4_UPD_OVF_IRQHandler
                          0x009e0e    0xe  Code  Gb  stm8s_it.o [1]
TLI_IRQHandler            0x009fb2    0x2  Code  Gb  stm8s_it.o [1]
TRAP_IRQHandler           0x009fb0    0x2  Code  Gb  stm8s_it.o [1]
TempCheck                 0x008b71   0x96  Code  Gb  user.o [1]
Temp_Protect_Delay_t      0x0000bf    0x2  Data  Gb  data_def.o [1]
Temp_Val                  0x0000d1    0x2  Data  Gb  data_def.o [1]
Temp_Volt_Sample_Cnt      0x0000d7    0x2  Data  Gb  data_def.o [1]
Timer2Init                0x009b58   0x29  Code  Gb  user.o [1]
Timer4_Disable            0x008223    0xd  Code  Gb  user.o [1]
Timer4_Init_ms            0x008230   0x12  Code  Gb  user.o [1]
UART1_BRR1 {Abs}        0x00005232    0x1  Data  Wk  user.o [1]
UART1_BRR2 {Abs}        0x00005233    0x1  Data  Wk  user.o [1]
UART1_DR {Abs}          0x00005231    0x1  Data  Wk  user.o [1]
UART1_RX_IRQHandler       0x009fca    0x1  Code  Gb  stm8s_it.o [1]
UART1_TX_IRQHandler       0x009fc6    0x2  Code  Gb  stm8s_it.o [1]
UV_TRIP_Last              0x000116    0x1  Data  Gb  data_def.o [1]
Uart_Model_Init           0x009c87   0x1d  Code  Gb  user.o [1]
Uart_SendByte             0x009cc1   0x19  Code  Gb  user.o [1]
Uart_SendData             0x009a87   0x39  Code  Gb  user.o [1]
Uart_SendStr              0x009bcf   0x26  Code  Gb  user.o [1]
V_TS2_Val                 0x0000d3    0x2  Data  Gb  data_def.o [1]
Var_Init                  0x00958c  0x107  Code  Gb  user.o [1]
VoltCheck                 0x0089fd   0xd5  Code  Gb  user.o [1]
WorkMode                  0x00011c    0x1  Data  Gb  data_def.o [1]
__DebugBreak              0x009fcc    0x1  Code  Gb  __dbg_break.o [3]
__exit                    0x009d30   0x14  Code  Gb  __dbg_xxexit.o [3]
__iar_copy_init2          0x009b81         Code  Gb  init_small.o [4]
__iar_data_init2          0x009cda   0x17  Code  Gb  init.o [4]
__iar_program_start       0x009d44         Code  Gb  cstartup.o [4]
__iar_unhandled_exception
                          0x009fad         Code  Gb  unhandled_exception.o [4]
__iar_zero_init2          0x009c69         Code  Gb  init_small.o [4]
__intvec                  0x008000         Data  Gb  interrupt.o [4]
__low_level_init          0x009fa7    0x3  Code  Gb  low_level_init.o [4]
_exit                     0x009f91         Code  Gb  cexit.o [4]
_interrupt_1              0x009fb0         Code  Gb  stm8s_it.o [1]
_interrupt_10             0x009fa4         Code  Wk  interrupt.o [4]
_interrupt_11             0x009fa4         Code  Wk  interrupt.o [4]
_interrupt_12             0x009fbe         Code  Gb  stm8s_it.o [1]
_interrupt_13             0x009fc0         Code  Gb  stm8s_it.o [1]
_interrupt_14             0x009fc2         Code  Gb  stm8s_it.o [1]
_interrupt_15             0x009014         Code  Gb  stm8s_it.o [1]
_interrupt_16             0x009fc4         Code  Gb  stm8s_it.o [1]
_interrupt_17             0x009fa4         Code  Wk  interrupt.o [4]
_interrupt_18             0x009fa4         Code  Wk  interrupt.o [4]
_interrupt_19             0x009fc6         Code  Gb  stm8s_it.o [1]
_interrupt_2              0x009fb2         Code  Gb  stm8s_it.o [1]
_interrupt_20             0x009fca         Code  Gb  stm8s_it.o [1]
_interrupt_21             0x009f7b         Code  Gb  stm8s_it.o [1]
_interrupt_22             0x009fa4         Code  Wk  interrupt.o [4]
_interrupt_23             0x009fa4         Code  Wk  interrupt.o [4]
_interrupt_24             0x009fc8         Code  Gb  stm8s_it.o [1]
_interrupt_25             0x009e0e         Code  Gb  stm8s_it.o [1]
_interrupt_26             0x009fcb         Code  Gb  stm8s_it.o [1]
_interrupt_27             0x009fa4         Code  Wk  interrupt.o [4]
_interrupt_28             0x009fa4         Code  Wk  interrupt.o [4]
_interrupt_29             0x009fa4         Code  Wk  interrupt.o [4]
_interrupt_3              0x009f11         Code  Gb  stm8s_it.o [1]
_interrupt_30             0x009fa4         Code  Wk  interrupt.o [4]
_interrupt_31             0x009fa4         Code  Wk  interrupt.o [4]
_interrupt_4              0x009fb4         Code  Gb  stm8s_it.o [1]
_interrupt_5              0x009fb6         Code  Gb  stm8s_it.o [1]
_interrupt_6              0x009fb8         Code  Gb  stm8s_it.o [1]
_interrupt_7              0x009fba         Code  Gb  stm8s_it.o [1]
_interrupt_8              0x009f19         Code  Gb  stm8s_it.o [1]
_interrupt_9              0x009fbc         Code  Gb  stm8s_it.o [1]
exit                      0x009faa    0x3  Code  Gb  exit.o [4]
itoa                      0x009792   0x6e  Code  Gb  user.o [1]
main                      0x00936c  0x113  Code  Gb  main.o [1]
strlen                    0x009d7b   0x12  Code  Gb  strlen.o [4]


[1] = D:\ProjectPath\STMPath\CH79_A0_C-version\CH79_A0\Debug\Obj
[2] = command line
[3] = dbgstm8smd.a
[4] = dlstm8smn.a

  7 798 bytes of readonly  code memory
    376 bytes of readonly  data memory
    550 bytes of readwrite data memory

Errors: none
Warnings: none
