###############################################################################
#                                                                             #
# IAR ELF Linker V1.31.1.50058 for STM8                 31/Mar/2016  14:52:22 #
# Copyright 2010-2012 IAR Systems AB.                                         #
#                                                                             #
#    Output file  =  D:\ProjectPath\STMPath\CH79_A0_3nd_Changed\CH79_A0\Debug #
#                    \Exe\stm8s003F3.out                                      #
#    Map file     =  D:\ProjectPath\STMPath\CH79_A0_3nd_Changed\CH79_A0\Debug #
#                    \List\stm8s003F3.map                                     #
#    Command line =  D:\ProjectPath\STMPath\CH79_A0_3nd_Changed\CH79_A0\Debug #
#                    \Obj\Afe_bq769x0_user.o D:\ProjectPath\STMPath\CH79_A0_3 #
#                    nd_Changed\CH79_A0\Debug\Obj\bsp_printf.o                #
#                    D:\ProjectPath\STMPath\CH79_A0_3nd_Changed\CH79_A0\Debug #
#                    \Obj\data_def.o D:\ProjectPath\STMPath\CH79_A0_3nd_Chang #
#                    ed\CH79_A0\Debug\Obj\main.o                              #
#                    D:\ProjectPath\STMPath\CH79_A0_3nd_Changed\CH79_A0\Debug #
#                    \Obj\soc.o D:\ProjectPath\STMPath\CH79_A0_3nd_Changed\CH #
#                    79_A0\Debug\Obj\stm8s_awu.o                              #
#                    D:\ProjectPath\STMPath\CH79_A0_3nd_Changed\CH79_A0\Debug #
#                    \Obj\stm8s_clk.o D:\ProjectPath\STMPath\CH79_A0_3nd_Chan #
#                    ged\CH79_A0\Debug\Obj\stm8s_exti.o                       #
#                    D:\ProjectPath\STMPath\CH79_A0_3nd_Changed\CH79_A0\Debug #
#                    \Obj\stm8s_flash.o D:\ProjectPath\STMPath\CH79_A0_3nd_Ch #
#                    anged\CH79_A0\Debug\Obj\stm8s_gpio.o                     #
#                    D:\ProjectPath\STMPath\CH79_A0_3nd_Changed\CH79_A0\Debug #
#                    \Obj\stm8s_it.o D:\ProjectPath\STMPath\CH79_A0_3nd_Chang #
#                    ed\CH79_A0\Debug\Obj\stm8s_tim2.o                        #
#                    D:\ProjectPath\STMPath\CH79_A0_3nd_Changed\CH79_A0\Debug #
#                    \Obj\stm8s_tim4.o D:\ProjectPath\STMPath\CH79_A0_3nd_Cha #
#                    nged\CH79_A0\Debug\Obj\stm8s_uart1.o                     #
#                    D:\ProjectPath\STMPath\CH79_A0_3nd_Changed\CH79_A0\Debug #
#                    \Obj\user.o --redirect _Printf=_PrintfSmall --redirect   #
#                    _Scanf=_ScanfSmall -o D:\ProjectPath\STMPath\CH79_A0_3nd #
#                    _Changed\CH79_A0\Debug\Exe\stm8s003F3.out --map          #
#                    D:\ProjectPath\STMPath\CH79_A0_3nd_Changed\CH79_A0\Debug #
#                    \List\stm8s003F3.map --config "C:\Program Files\IAR      #
#                    Systems\Embedded Workbench 6.0                           #
#                    Evaluation\stm8\config\lnkstm8s003f3.icf" --config_def   #
#                    _CSTACK_SIZE=0x100 --config_def _HEAP_SIZE=0x100         #
#                    --entry __iar_program_start --debug_lib                  #
#                                                                             #
#                                                                             #
###############################################################################

*******************************************************************************
*** RUNTIME MODEL ATTRIBUTES
***

__SystemLibrary            = DLib
__code_model               = small
__core                     = stm8
__data_model               = medium
__dlib_file_descriptor     = 0
__dlib_full_locale_support = 0
__rt_version               = 4


*******************************************************************************
*** RESERVED RANGES
***

Ranges reserved by absolute symbols:
   [0x0050c7-0x0050c7]
   [0x0050ca-0x0050ca]
   [0x0050e0-0x0050e0]
   [0x0050e2-0x0050e2]
   [0x00521b-0x00521b]
   [0x00530c-0x00530c]
   [0x00530d-0x00530d]
   [0x00530f-0x00530f]
   [0x005310-0x005310]
   [0x005346-0x005346]
   [0x005348-0x005348]
   [0x005404-0x005404]
   [0x005405-0x005405]
   [0x005406-0x005406]
   [0x005407-0x005407]


*******************************************************************************
*** PLACEMENT SUMMARY
***

"A1":  place at start of [0x000000-0x0000ff] { rw section .vregs };
"A2":  place at end of [0x000000-0x0003ff] { block CSTACK };
"P2":  place in [from 0x000000 to 0x0003ff] {
          block HEAP, rw section .far.bss, rw section .far.data,
          rw section .far.noinit, rw section .far_func.textrw,
          rw section .huge.bss, rw section .huge.data, rw section .huge.noinit,
          rw section .huge_func.textrw, rw section .iar.dynexit,
          rw section .near.bss, rw section .near.data, rw section .near.noinit,
          rw section .near_func.textrw };
"A3":  place at start of [0x008000-0x009fff] { block INTVEC };
"P3":  place in [from 0x008000 to 0x009fff] {
          ro section .far.data_init, ro section .far_func.textrw_init,
          ro section .huge.data_init, ro section .huge_func.textrw_init,
          ro section .iar.init_table, ro section .init_array,
          ro section .near.data_init, ro section .near.rodata,
          ro section .near_func.text, ro section .near_func.textrw_init,
          ro section .tiny.data_init, ro section .tiny.rodata_init };

  Section            Kind      Address    Size  Object
  -------            ----      -------    ----  ------
"A1":                                     0x10
  .vregs             uninit   0x000000    0x10  vregs.o [4]
                            - 0x000010    0x10

"P2", part 1 of 2:                        0x21
  P2 s0                       0x000010    0x21  <Init block>
    .near.data       inited   0x000010    0x21  soc.o [1]
                            - 0x000031    0x21

"P2", part 2 of 2:                        0xda
  .near.bss          zero     0x000031    0x2b  data_def.o [1]
  .near.bss          zero     0x00005c    0x15  data_def.o [1]
  .near.bss          zero     0x000071    0x14  data_def.o [1]
  .near.bss          zero     0x000085    0x14  data_def.o [1]
  .near.bss          zero     0x000099     0x4  data_def.o [1]
  .near.bss          zero     0x00009d     0x4  data_def.o [1]
  .near.bss          zero     0x0000a1     0x3  data_def.o [1]
  .near.bss          zero     0x0000a4     0x2  data_def.o [1]
  .near.bss          zero     0x0000a6     0x2  data_def.o [1]
  .near.bss          zero     0x0000a8     0x2  data_def.o [1]
  .near.bss          zero     0x0000aa     0x2  data_def.o [1]
  .near.bss          zero     0x0000ac     0x2  data_def.o [1]
  .near.bss          zero     0x0000ae     0x2  data_def.o [1]
  .near.bss          zero     0x0000b0     0x2  data_def.o [1]
  .near.bss          zero     0x0000b2     0x2  data_def.o [1]
  .near.bss          zero     0x0000b4     0x2  data_def.o [1]
  .near.bss          zero     0x0000b6     0x2  data_def.o [1]
  .near.bss          zero     0x0000b8     0x2  data_def.o [1]
  .near.bss          zero     0x0000ba     0x2  data_def.o [1]
  .near.bss          zero     0x0000bc     0x2  data_def.o [1]
  .near.bss          zero     0x0000be     0x2  data_def.o [1]
  .near.bss          zero     0x0000c0     0x2  data_def.o [1]
  .near.bss          zero     0x0000c2     0x2  data_def.o [1]
  .near.bss          zero     0x0000c4     0x2  data_def.o [1]
  .near.bss          zero     0x0000c6     0x2  data_def.o [1]
  .near.bss          zero     0x0000c8     0x2  data_def.o [1]
  .near.bss          zero     0x0000ca     0x2  data_def.o [1]
  .near.bss          zero     0x0000cc     0x2  data_def.o [1]
  .near.bss          zero     0x0000ce     0x2  data_def.o [1]
  .near.bss          zero     0x0000d0     0x2  data_def.o [1]
  .near.bss          zero     0x0000d2     0x2  data_def.o [1]
  .near.bss          zero     0x0000d4     0x2  data_def.o [1]
  .near.bss          zero     0x0000d6     0x2  data_def.o [1]
  .near.bss          zero     0x0000d8     0x2  data_def.o [1]
  .near.bss          zero     0x0000da     0x2  data_def.o [1]
  .near.bss          zero     0x0000dc     0x2  data_def.o [1]
  .near.bss          zero     0x0000de     0x2  data_def.o [1]
  .near.bss          zero     0x0000e0     0x2  data_def.o [1]
  .near.bss          zero     0x0000e2     0x2  data_def.o [1]
  .near.bss          zero     0x0000e4     0x2  data_def.o [1]
  .near.bss          zero     0x0000e6     0x2  data_def.o [1]
  .near.bss          zero     0x0000e8     0x2  stm8s_it.o [1]
  .near.bss          zero     0x0000ea     0x1  Afe_bq769x0_user.o [1]
  .near.bss          zero     0x0000eb     0x1  data_def.o [1]
  .near.bss          zero     0x0000ec     0x1  data_def.o [1]
  .near.bss          zero     0x0000ed     0x1  data_def.o [1]
  .near.bss          zero     0x0000ee     0x1  data_def.o [1]
  .near.bss          zero     0x0000ef     0x1  data_def.o [1]
  .near.bss          zero     0x0000f0     0x1  data_def.o [1]
  .near.bss          zero     0x0000f1     0x1  data_def.o [1]
  .near.bss          zero     0x0000f2     0x1  data_def.o [1]
  .near.bss          zero     0x0000f3     0x1  data_def.o [1]
  .near.bss          zero     0x0000f4     0x1  data_def.o [1]
  .near.bss          zero     0x0000f5     0x1  data_def.o [1]
  .near.bss          zero     0x0000f6     0x1  data_def.o [1]
  .near.bss          zero     0x0000f7     0x1  data_def.o [1]
  .near.bss          zero     0x0000f8     0x1  data_def.o [1]
  .near.bss          zero     0x0000f9     0x1  data_def.o [1]
  .near.bss          zero     0x0000fa     0x1  data_def.o [1]
  .near.bss          zero     0x0000fb     0x1  data_def.o [1]
  .near.bss          zero     0x0000fc     0x1  data_def.o [1]
  .near.bss          zero     0x0000fd     0x1  data_def.o [1]
  .near.bss          zero     0x0000fe     0x1  data_def.o [1]
  .near.bss          zero     0x0000ff     0x1  data_def.o [1]
  .near.bss          zero     0x000100     0x1  data_def.o [1]
  .near.bss          zero     0x000101     0x1  data_def.o [1]
  .near.bss          zero     0x000102     0x1  data_def.o [1]
  .near.bss          zero     0x000103     0x1  data_def.o [1]
  .near.bss          zero     0x000104     0x1  data_def.o [1]
  .near.bss          zero     0x000105     0x1  data_def.o [1]
  .near.bss          zero     0x000106     0x1  stm8s_it.o [1]
  .near.bss          zero     0x000107     0x1  user.o [1]
  .near.bss          zero     0x000108     0x1  user.o [1]
  .near.bss          zero     0x000109     0x1  user.o [1]
  .near.bss          zero     0x00010a     0x1  user.o [1]
                            - 0x00010b    0xda

"A2":                                    0x100
  CSTACK                      0x000300   0x100  <Block>
    CSTACK           uninit   0x000300   0x100  <Block tail>
                            - 0x000400   0x100

"A3":                                     0x80
  INTVEC                      0x008000    0x80  <Block>
    .intvec          const    0x008000    0x80  interrupt.o [4]
                            - 0x008080    0x80

"P3":                                   0x1a80
  .near_func.text    ro code  0x008080   0xa70  user.o [1]
  .near_func.text    ro code  0x008af0   0x2ac  Afe_bq769x0_user.o [1]
  .near_func.text    ro code  0x008d9c   0x1d8  soc.o [1]
  .near_func.text    ro code  0x008f74   0x1c8  long.o [4]
  .near_func.text    ro code  0x00913c   0x1a9  stm8s_it.o [1]
  .near_func.text    ro code  0x0092e5    0xfd  user.o [1]
  .near_func.text    ro code  0x0093e2    0xf2  vreg_util.o [4]
  .near_func.text    ro code  0x0094d4    0x76  user.o [1]
  .near_func.text    ro code  0x00954a    0x73  soc.o [1]
  .near_func.text    ro code  0x0095bd    0x67  stm8s_gpio.o [1]
  .near_func.text    ro code  0x009624    0x56  main.o [1]
  .near_func.text    ro code  0x00967a    0x56  stm8s_exti.o [1]
  .near_func.text    ro code  0x0096d0    0x4e  long_util.o [4]
  .near_func.text    ro code  0x00971e    0x42  Afe_bq769x0_user.o [1]
  .near_func.text    ro code  0x009760    0x42  user.o [1]
  .near_func.text    ro code  0x0097a2    0x3c  user.o [1]
  .near_func.text    ro code  0x0097de    0x36  Afe_bq769x0_user.o [1]
  .near_func.text    ro code  0x009814    0x33  short.o [4]
  .near_func.text    ro code  0x009847    0x2a  Afe_bq769x0_user.o [1]
  .near_func.text    ro code  0x009871    0x29  user.o [1]
  .near_func.text    ro code  0x00989a    0x28  init_small.o [4]
  .near_func.text    ro code  0x0098c2    0x26  Afe_bq769x0_user.o [1]
  .near_func.text    ro code  0x0098e8    0x21  user.o [1]
  .near_func.text    ro code  0x009909    0x1f  dc_util.o [4]
  .iar.init_table    const    0x009928    0x12  - Linker created -
  .near_func.text    ro code  0x00993a    0x1e  init_small.o [4]
  .near_func.text    ro code  0x009958    0x17  init.o [4]
  .near_func.text    ro code  0x00996f    0x14  __dbg_xxexit.o [3]
  .near_func.text    ro code  0x009983    0x13  cstartup.o [4]
  .near_func.text    ro code  0x009996    0x12  Afe_bq769x0_user.o [1]
  .near_func.text    ro code  0x0099a8    0x12  soc.o [1]
  .near_func.text    ro code  0x0099ba     0xf  soc.o [1]
  .near_func.text    ro code  0x0099c9     0xe  soc.o [1]
  .near_func.text    ro code  0x0099d7     0xe  soc.o [1]
  .near_func.text    ro code  0x0099e5     0xe  stm8s_it.o [1]
  .near_func.text    ro code  0x0099f3     0xd  Afe_bq769x0_user.o [1]
  .near_func.text    ro code  0x009a00     0xd  soc.o [1]
  .near_func.text    ro code  0x009a0d     0xc  soc.o [1]
  .near_func.text    ro code  0x009a19     0xc  soc.o [1]
  .near_func.text    ro code  0x009a25     0xb  Afe_bq769x0_user.o [1]
  .near_func.text    ro code  0x009a30     0xb  Afe_bq769x0_user.o [1]
  .near_func.text    ro code  0x009a3b     0xb  char.o [4]
  .near_func.text    ro code  0x009a46     0x9  soc.o [1]
  .near_func.text    ro code  0x009a4f     0x9  soc.o [1]
  .near_func.text    ro code  0x009a58     0x8  soc.o [1]
  .near_func.text    ro code  0x009a60     0x8  stm8s_it.o [1]
  .near_func.text    ro code  0x009a68     0x8  stm8s_it.o [1]
  .near_func.text    ro code  0x009a70     0x8  user.o [1]
  .near_func.text    ro code  0x009a78     0x7  soc.o [1]
  .near_func.text    ro code  0x009a7f     0x7  user.o [1]
  .near_func.text    ro code  0x009a86     0x7  user.o [1]
  .near_func.text    ro code  0x009a8d     0x6  Afe_bq769x0_user.o [1]
  .near_func.text    ro code  0x009a93     0x6  soc.o [1]
  .near_func.text    ro code  0x009a99     0x6  stm8s_exti.o [1]
  .near_func.text    ro code  0x009a9f     0x6  stm8s_it.o [1]
  .near_func.text    ro code  0x009aa5     0x6  user.o [1]
  .near_func.text    ro code  0x009aab     0x6  user.o [1]
  .near_func.text    ro code  0x009ab1     0x5  cexit.o [4]
  .near_func.text    ro code  0x009ab6     0x3  interrupt.o [4]
  .near_func.text    ro code  0x009ab9     0x3  low_level_init.o [4]
  .near_func.text    ro code  0x009abc     0x3  exit.o [4]
  .near_func.text    ro code  0x009abf     0x3  unhandled_exception.o [4]
  .near_func.text    ro code  0x009ac2     0x2  stm8s_it.o [1]
  .near_func.text    ro code  0x009ac4     0x2  stm8s_it.o [1]
  .near_func.text    ro code  0x009ac6     0x2  stm8s_it.o [1]
  .near_func.text    ro code  0x009ac8     0x2  stm8s_it.o [1]
  .near_func.text    ro code  0x009aca     0x2  stm8s_it.o [1]
  .near_func.text    ro code  0x009acc     0x2  stm8s_it.o [1]
  .near_func.text    ro code  0x009ace     0x2  stm8s_it.o [1]
  .near_func.text    ro code  0x009ad0     0x2  stm8s_it.o [1]
  .near_func.text    ro code  0x009ad2     0x2  stm8s_it.o [1]
  .near_func.text    ro code  0x009ad4     0x2  stm8s_it.o [1]
  .near_func.text    ro code  0x009ad6     0x2  stm8s_it.o [1]
  .near_func.text    ro code  0x009ad8     0x2  stm8s_it.o [1]
  .near_func.text    ro code  0x009ada     0x2  stm8s_it.o [1]
  .near_func.text    ro code  0x009adc     0x1  stm8s_it.o [1]
  .near_func.text    ro code  0x009add     0x1  stm8s_it.o [1]
  .near_func.text    ro code  0x009ade     0x1  __dbg_break.o [3]
  Initializer bytes  ro data  0x009adf    0x21  <for P2 s0>
                            - 0x009b00  0x1a80


*******************************************************************************
*** INIT TABLE
***

          Address   Size
          -------   ----
Zero (__iar_zero_init2)
    1 destination range, total size 0xda:
          0x000031  0xda

Copy (__iar_copy_init2)
    1 source range, total size 0x21:
          0x009adf  0x21
    1 destination range, total size 0x21:
          0x000010  0x21


*******************************************************************************
*** MODULE SUMMARY
***

    Module                 ro code  ro data  rw data
    ------                 -------  -------  -------
D:\ProjectPath\STMPath\CH79_A0_3nd_Changed\CH79_A0\Debug\Obj: [1]
    Afe_bq769x0_user.o         943                 1
    data_def.o                                   210
    main.o                      86
    soc.o                      724       33       33
    stm8s_exti.o                92
    stm8s_gpio.o               103
    stm8s_it.o                 489                 3
    user.o                   3 277                 4
    ------------------------------------------------
    Total:                   5 714       33      251

command line: [2]
    ------------------------------------------------
    Total:

dbgstm8smd.a: [3]
    __dbg_break.o                1
    __dbg_xxexit.o              20
    ------------------------------------------------
    Total:                      21

dlstm8smn.a: [4]
    cexit.o                      5
    char.o                      11
    cstartup.o                  19
    dc_util.o                   31
    exit.o                       3
    init.o                      23
    init_small.o                70
    interrupt.o                  3      128
    long.o                     456
    long_util.o                 78
    low_level_init.o             3
    short.o                     51
    unhandled_exception.o        3
    vreg_util.o                242
    vregs.o                                       16
    ------------------------------------------------
    Total:                     998      128       16

    Linker created                       18      256
----------------------------------------------------
    Grand Total:             6 733      179      523


*******************************************************************************
*** ENTRY LIST
***

Entry                      Address   Size  Type      Object
-----                      -------   ----  ----      ------
?add32_l0_l0_0x           0x008f84         Code  Gb  long.o [4]
?b0                       0x000000         Data  Gb  vregs.o [4]
?b1                       0x000001         Data  Gb  vregs.o [4]
?b10                      0x00000a         Data  Gb  vregs.o [4]
?b11                      0x00000b         Data  Gb  vregs.o [4]
?b12                      0x00000c         Data  Gb  vregs.o [4]
?b13                      0x00000d         Data  Gb  vregs.o [4]
?b14                      0x00000e         Data  Gb  vregs.o [4]
?b15                      0x00000f         Data  Gb  vregs.o [4]
?b2                       0x000002         Data  Gb  vregs.o [4]
?b3                       0x000003         Data  Gb  vregs.o [4]
?b4                       0x000004         Data  Gb  vregs.o [4]
?b5                       0x000005         Data  Gb  vregs.o [4]
?b6                       0x000006         Data  Gb  vregs.o [4]
?b7                       0x000007         Data  Gb  vregs.o [4]
?b8                       0x000008         Data  Gb  vregs.o [4]
?b9                       0x000009         Data  Gb  vregs.o [4]
?dc32_l1                  0x009910         Code  Gb  dc_util.o [4]
?dc32_px                  0x00991d         Code  Gb  dc_util.o [4]
?dc8_px                   0x009909         Code  Gb  dc_util.o [4]
?e0                       0x000001         Data  Gb  vregs.o [4]
?e1                       0x000005         Data  Gb  vregs.o [4]
?e2                       0x000009         Data  Gb  vregs.o [4]
?e3                       0x00000d         Data  Gb  vregs.o [4]
?epilogue_l2              0x00947d         Code  Gb  vreg_util.o [4]
?epilogue_l2_l3           0x00947a         Code  Gb  vreg_util.o [4]
?epilogue_w4              0x009481         Code  Gb  vreg_util.o [4]
?l0                       0x000000         Data  Gb  vregs.o [4]
?l1                       0x000004         Data  Gb  vregs.o [4]
?l2                       0x000008         Data  Gb  vregs.o [4]
?l3                       0x00000c         Data  Gb  vregs.o [4]
?load32_0x_l0             0x0096f4         Code  Gb  long_util.o [4]
?load32_0x_l1             0x009702         Code  Gb  long_util.o [4]
?load32_0x_l2             0x009710         Code  Gb  long_util.o [4]
?load32_l0_0x             0x0096d0         Code  Gb  long_util.o [4]
?load32_l1_0x             0x0096dc         Code  Gb  long_util.o [4]
?load32_l2_0x             0x0096e8         Code  Gb  long_util.o [4]
?mov_e0_e1                0x009496         Code  Gb  vreg_util.o [4]
?mov_e1_e0                0x0094a3         Code  Gb  vreg_util.o [4]
?mov_e1_e2                0x0094b0         Code  Gb  vreg_util.o [4]
?mov_e1_e3                0x0094bd         Code  Gb  vreg_util.o [4]
?mov_e2_e0                0x0094ca         Code  Gb  vreg_util.o [4]
?mov_l0_l1                0x009493         Code  Gb  vreg_util.o [4]
?mov_l1_l0                0x0094a0         Code  Gb  vreg_util.o [4]
?mov_l1_l2                0x0094ad         Code  Gb  vreg_util.o [4]
?mov_l1_l3                0x0094ba         Code  Gb  vreg_util.o [4]
?mov_l2_l0                0x0094c7         Code  Gb  vreg_util.o [4]
?mov_w1_w3                0x009499         Code  Gb  vreg_util.o [4]
?mov_w3_w1                0x0094a6         Code  Gb  vreg_util.o [4]
?mov_w3_w5                0x0094b3         Code  Gb  vreg_util.o [4]
?mov_w3_w7                0x0094c0         Code  Gb  vreg_util.o [4]
?mov_w4_w1                0x009485         Code  Gb  vreg_util.o [4]
?mov_w5_w1                0x0094cd         Code  Gb  vreg_util.o [4]
?mov_w7_w0                0x00948c         Code  Gb  vreg_util.o [4]
?mul16_x_x_w0             0x009814         Code  Gb  short.o [4]
?mul32_l0_l0_0x           0x008fba         Code  Gb  long.o [4]
?mul32_l0_l0_dl           0x008fb7         Code  Gb  long.o [4]
?mul32_l0_l0_l1           0x008fc3         Code  Gb  long.o [4]
?neg32_l0_l0              0x008f74         Code  Gb  long.o [4]
?pop_l0                   0x009446         Code  Gb  vreg_util.o [4]
?pop_l1                   0x009451         Code  Gb  vreg_util.o [4]
?pop_l2                   0x00945c         Code  Gb  vreg_util.o [4]
?pop_l3                   0x009467         Code  Gb  vreg_util.o [4]
?pop_w4                   0x0093ff         Code  Gb  vreg_util.o [4]
?pop_w5                   0x009406         Code  Gb  vreg_util.o [4]
?push_l0                  0x009415         Code  Gb  vreg_util.o [4]
?push_l1                  0x00941a         Code  Gb  vreg_util.o [4]
?push_l2                  0x00941f         Code  Gb  vreg_util.o [4]
?push_l3                  0x009424         Code  Gb  vreg_util.o [4]
?push_w4                  0x0093e2         Code  Gb  vreg_util.o [4]
?push_w5                  0x0093e7         Code  Gb  vreg_util.o [4]
?scmp32_c_l0_l1           0x009105         Code  Gb  long.o [4]
?sdiv32_l0_l0_dl          0x0090b1         Code  Gb  long.o [4]
?sdiv32_l0_l0_l1          0x0090b4         Code  Gb  long.o [4]
?sext16_x_a               0x009840         Code  Gb  short.o [4]
?sext32_l0_x              0x009131         Code  Gb  long.o [4]
?sll16_x_x_a              0x009832         Code  Gb  short.o [4]
?sll32_0x_0x_a            0x009123         Code  Gb  long.o [4]
?sll32_l0_l0_a            0x009120         Code  Gb  long.o [4]
?sll32_l0_l0_db           0x00911c         Code  Gb  long.o [4]
?sll8_a_a_5               0x009a3c         Code  Gb  char.o [4]
?sll8_a_a_6               0x009a3b         Code  Gb  char.o [4]
?smod32_l1_l0_l1          0x0090b4         Code  Gb  long.o [4]
?srl16_x_x_4              0x00983b         Code  Gb  short.o [4]
?srl16_x_x_5              0x00983a         Code  Gb  short.o [4]
?srl8_a_a_5               0x009a41         Code  Gb  char.o [4]
?sub32_l0_l0_0x           0x008f9f         Code  Gb  long.o [4]
?sub32_l0_l0_l1           0x008f9c         Code  Gb  long.o [4]
?ucmp32_c_l0_l1           0x0090fa         Code  Gb  long.o [4]
?udiv32_l0_l0_dl          0x009041         Code  Gb  long.o [4]
?udiv32_l0_l0_l1          0x009044         Code  Gb  long.o [4]
?umod32_l1_l0_l1          0x009044         Code  Gb  long.o [4]
?w0                       0x000000         Data  Gb  vregs.o [4]
?w1                       0x000002         Data  Gb  vregs.o [4]
?w2                       0x000004         Data  Gb  vregs.o [4]
?w3                       0x000006         Data  Gb  vregs.o [4]
?w4                       0x000008         Data  Gb  vregs.o [4]
?w5                       0x00000a         Data  Gb  vregs.o [4]
?w6                       0x00000c         Data  Gb  vregs.o [4]
?w7                       0x00000e         Data  Gb  vregs.o [4]
ADC                       0x008765   0x2f  Code  Gb  user.o [1]
ADC1_IRQHandler           0x009ada    0x2  Code  Gb  stm8s_it.o [1]
ADCGain_Val               0x0000b0    0x2  Data  Gb  data_def.o [1]
ADCOffset_Val             0x0000f1    0x1  Data  Gb  data_def.o [1]
ADC_DRH {Abs}           0x00005404    0x1  Data  Wk  user.o [1]
ADC_DRL {Abs}           0x00005405    0x1  Data  Wk  user.o [1]
ADC_TDRH {Abs}          0x00005406    0x1  Data  Wk  user.o [1]
ADC_TDRL {Abs}          0x00005407    0x1  Data  Wk  user.o [1]
ADConverse                0x0087a3   0x7a  Code  Gb  user.o [1]
AWU_IRQHandler            0x009a60    0x8  Code  Gb  stm8s_it.o [1]
Adc_value                 0x000071   0x14  Data  Gb  data_def.o [1]
AfeErr_t                  0x0000d4    0x2  Data  Gb  data_def.o [1]
Afe_ADC_Enable            0x008c17    0xa  Code  Gb  Afe_bq769x0_user.o [1]
Afe_CC_1Shot_Set          0x0099f3    0xd  Code  Gb  Afe_bq769x0_user.o [1]
Afe_CC_Disable            0x009a25    0xb  Code  Gb  Afe_bq769x0_user.o [1]
Afe_CellBalance_Disable
                          0x008c21   0x47  Code  Gb  Afe_bq769x0_user.o [1]
Afe_CellBalance_Enable    0x0098c2   0x26  Code  Gb  Afe_bq769x0_user.o [1]
Afe_Device_Init           0x008c68   0x5f  Code  Gb  Afe_bq769x0_user.o [1]
Afe_EnterShipMode         0x008ccf   0x20  Code  Gb  Afe_bq769x0_user.o [1]
Afe_FET_ChgDis_Cntrl      0x009734   0x2c  Code  Gb  Afe_bq769x0_user.o [1]
Afe_FET_ChgOff_DisOff     0x009729    0xb  Code  Gb  Afe_bq769x0_user.o [1]
Afe_FET_ChgOn_DisOn       0x00971e    0xb  Code  Gb  Afe_bq769x0_user.o [1]
Afe_Get_Adc               0x0097de   0x36  Code  Gb  Afe_bq769x0_user.o [1]
Afe_Get_GainOffset        0x008bc5   0x48  Code  Gb  Afe_bq769x0_user.o [1]
Afe_Get_SysStatus         0x009847   0x2a  Code  Gb  Afe_bq769x0_user.o [1]
Afe_OCD_Set               0x008bab    0xd  Code  Gb  Afe_bq769x0_user.o [1]
Afe_OV_UV_Delay_Set       0x008b62   0x49  Code  Gb  Afe_bq769x0_user.o [1]
Afe_OV_UV_Threshold_Set
                          0x008af0   0x55  Code  Gb  Afe_bq769x0_user.o [1]
Afe_SCD_Set               0x008bb8    0xd  Code  Gb  Afe_bq769x0_user.o [1]
Afe_Temp_Enable           0x008c0d    0xa  Code  Gb  Afe_bq769x0_user.o [1]
Afe_Volt_Val_Get          0x008515  0x177  Code  Gb  user.o [1]
Bits_flag                 0x000105    0x1  Data  Gb  data_def.o [1]
Buf                       0x0000a1    0x3  Data  Gb  data_def.o [1]
CC_AD                     0x0000a4    0x2  Data  Gb  data_def.o [1]
CC_CFG_Last               0x0000fc    0x1  Data  Gb  data_def.o [1]
CC_Val                    0x00009d    0x4  Data  Gb  data_def.o [1]
CC_Volt_Sample_Cnt        0x0000be    0x2  Data  Gb  data_def.o [1]
CELLBAL1_Last             0x0000f3    0x1  Data  Gb  data_def.o [1]
CELLBAL2_Last             0x0000f4    0x1  Data  Gb  data_def.o [1]
CLK_IRQHandler            0x009ac6    0x2  Code  Gb  stm8s_it.o [1]
CLK_PCKENR1 {Abs}       0x000050c7    0x1  Data  Wk  user.o [1]
CLK_PCKENR2 {Abs}       0x000050ca    0x1  Data  Wk  user.o [1]
CRC8_Caculate             0x009760   0x42  Code  Gb  user.o [1]
CSTACK$$Base              0x000300          --   Gb  - Linker created -
CSTACK$$Limit             0x000400          --   Gb  - Linker created -
CellBal_Cntrl             0x00842f   0xc7  Code  Gb  user.o [1]
CellBal_Cntrl_Lock        0x0000fe    0x1  Data  Gb  data_def.o [1]
CellBalance_Cur_Selct     0x0000d6    0x2  Data  Gb  data_def.o [1]
CellBalance_Selct         0x0000e0    0x2  Data  Gb  data_def.o [1]
Cell_Balance_Delay_t      0x0000e4    0x2  Data  Gb  data_def.o [1]
Cell_Volt                 0x000085   0x14  Data  Gb  data_def.o [1]
Cell_Volt_Avg             0x0000aa    0x2  Data  Gb  data_def.o [1]
Cell_Volt_Max             0x0000ac    0x2  Data  Gb  data_def.o [1]
Cell_Volt_Min             0x0000ae    0x2  Data  Gb  data_def.o [1]
Cell_Volt_Sample_Cnt      0x0000bc    0x2  Data  Gb  data_def.o [1]
Cell_Volt_Tol             0x0000a8    0x2  Data  Gb  data_def.o [1]
Check_Val                 0x0000a6    0x2  Data  Gb  data_def.o [1]
ChgCurOv_Re_t             0x0000c4    0x2  Data  Gb  data_def.o [1]
ChgCurOv_t                0x0000c2    0x2  Data  Gb  data_def.o [1]
ChgDis_AbnormalCheck      0x008cef   0x7d  Code  Gb  Afe_bq769x0_user.o [1]
ChgExchangeMode_Cnt       0x0000ed    0x1  Data  Gb  data_def.o [1]
ChgOv_t                   0x0000c0    0x2  Data  Gb  data_def.o [1]
ClearStatus               0x00869a   0xbb  Code  Gb  user.o [1]
ClrWdt                    0x008250   0x15  Code  Gb  user.o [1]
CurrentCheck              0x008994   0x8a  Code  Gb  user.o [1]
Current_Val               0x000099    0x4  Data  Gb  data_def.o [1]
DEVICE_XREADY_Re_t        0x0000d2    0x2  Data  Gb  data_def.o [1]
Delay_ms                  0x008242    0xe  Code  Gb  user.o [1]
Delay_time_t              0x0000de    0x2  Data  Gb  data_def.o [1]
DisCurOv_Re_t             0x0000ce    0x2  Data  Gb  data_def.o [1]
DisCurOv_t                0x0000c8    0x2  Data  Gb  data_def.o [1]
DisCurOv_t1               0x0000ca    0x2  Data  Gb  data_def.o [1]
DisCurOv_t2               0x0000cc    0x2  Data  Gb  data_def.o [1]
DisCurShort_Re_t          0x0000d0    0x2  Data  Gb  data_def.o [1]
DisExchangeMode_Cnt       0x0000ee    0x1  Data  Gb  data_def.o [1]
DisOv_t                   0x0000c6    0x2  Data  Gb  data_def.o [1]
Dis_First_Run_Flag        0x0000eb    0x1  Data  Gb  data_def.o [1]
Dis_First_Run_t           0x0000ec    0x1  Data  Gb  data_def.o [1]
EEPROM_EEC_IRQHandler     0x009add    0x1  Code  Gb  stm8s_it.o [1]
EXTI_PORTA_IRQHandler     0x009ac8    0x2  Code  Gb  stm8s_it.o [1]
EXTI_PORTB_IRQHandler     0x009aca    0x2  Code  Gb  stm8s_it.o [1]
EXTI_PORTC_IRQHandler     0x009acc    0x2  Code  Gb  stm8s_it.o [1]
EXTI_PORTD_IRQHandler     0x009a68    0x8  Code  Gb  stm8s_it.o [1]
EXTI_PORTE_IRQHandler     0x009ace    0x2  Code  Gb  stm8s_it.o [1]
EXTI_SetExtIntSensitivity
                          0x00967a   0x56  Code  Gb  stm8s_exti.o [1]
GPIO_Init                 0x0095bd   0x67  Code  Gb  stm8s_gpio.o [1]
I2C_CCRL {Abs}          0x0000521b    0x1  Data  Wk  user.o [1]
I2C_COM_ERROR_Flag        0x0000f0    0x1  Data  Gb  data_def.o [1]
I2C_IRQHandler            0x009a9f    0x6  Code  Gb  stm8s_it.o [1]
I2C_Model_Init            0x0098e8   0x21  Code  Gb  user.o [1]
I2C_Read                  0x00813f   0x9b  Code  Gb  user.o [1]
I2C_Write                 0x008080   0x74  Code  Gb  user.o [1]
INTVEC$$Base              0x008000          --   Gb  - Linker created -
INTVEC$$Limit             0x008080          --   Gb  - Linker created -
IWDG_KR {Abs}           0x000050e0    0x1  Data  Wk  user.o [1]
IWDG_RLR {Abs}          0x000050e2    0x1  Data  Wk  user.o [1]
IdleExchangeMode_Cnt      0x0000ef    0x1  Data  Gb  data_def.o [1]
Init_Soc_Flag             0x0000ff    0x1  Data  Gb  data_def.o [1]
LedFlash_Off_t            0x0000da    0x2  Data  Gb  data_def.o [1]
LedFlash_t                0x0000d8    0x2  Data  Gb  data_def.o [1]
LedShow_Cntrl             0x0082b9  0x14c  Code  Gb  user.o [1]
LowPower_Cntrl            0x00829d   0x1c  Code  Gb  user.o [1]
LowPower_Entry_Delay_t    0x0000e2    0x2  Data  Gb  data_def.o [1]
LowPower_MCU_Entry_Flag
                          0x000100    0x1  Data  Gb  data_def.o [1]
LowPower_Powerdown_Enter
                          0x008265   0x38  Code  Gb  user.o [1]
ModeCheck                 0x00881d   0x4e  Code  Gb  user.o [1]
OV_TRIP_Last              0x0000fa    0x1  Data  Gb  data_def.o [1]
PROTECT1_Last             0x0000f7    0x1  Data  Gb  data_def.o [1]
PROTECT2_Last             0x0000f8    0x1  Data  Gb  data_def.o [1]
PROTECT3_Last             0x0000f9    0x1  Data  Gb  data_def.o [1]
Pack_Volt                 0x0000b2    0x2  Data  Gb  data_def.o [1]
PortInit                  0x0094d4   0x76  Code  Gb  user.o [1]
PowerOff_Delay_t          0x0000dc    0x2  Data  Gb  data_def.o [1]
R_TS2_Val                 0x0000b8    0x2  Data  Gb  data_def.o [1]
Region$$Table$$Base       0x009928          --   Gb  - Linker created -
Region$$Table$$Limit      0x00993a          --   Gb  - Linker created -
RevcComData               0x0000e6    0x2  Data  Gb  data_def.o [1]
SOCAhIntergrate           0x00954a   0x73  Code  Gb  soc.o [1]
SOCCalculate              0x008ec6   0x74  Code  Gb  soc.o [1]
SOCCorrectOCV             0x008d9c   0xe9  Code  Gb  soc.o [1]
SPI_IRQHandler            0x009ad0    0x2  Code  Gb  stm8s_it.o [1]
SYS_CTRL1                 0x000103    0x1  Data  Gb  data_def.o [1]
SYS_CTRL1_Last            0x0000f5    0x1  Data  Gb  data_def.o [1]
SYS_CTRL2                 0x000104    0x1  Data  Gb  data_def.o [1]
SYS_CTRL2_Last            0x0000f6    0x1  Data  Gb  data_def.o [1]
SYS_STAT                  0x000102    0x1  Data  Gb  data_def.o [1]
SYS_STAT_Last             0x0000f2    0x1  Data  Gb  data_def.o [1]
Soc2OcvTbl                0x000010   0x21  Data  Gb  soc.o [1]
SocCalc                   0x000031   0x2b  Data  Gb  data_def.o [1]
SocReg                    0x00005c   0x15  Data  Gb  data_def.o [1]
Soc_OCV_CorrectEn_Flag    0x0000fd    0x1  Data  Gb  data_def.o [1]
SysInit                   0x0097a2   0x3c  Code  Gb  user.o [1]
TIM1_CAP_COM_IRQHandler
                          0x009ad4    0x2  Code  Gb  stm8s_it.o [1]
TIM1_UPD_OVF_TRG_BRK_IRQHandler
                          0x009ad2    0x2  Code  Gb  stm8s_it.o [1]
TIM2_ARRH {Abs}         0x0000530f    0x1  Data  Wk  user.o [1]
TIM2_ARRL {Abs}         0x00005310    0x1  Data  Wk  user.o [1]
TIM2_CAP_COM_IRQHandler
                          0x009ad6    0x2  Code  Gb  stm8s_it.o [1]
TIM2_CNTRH {Abs}        0x0000530c    0x1  Data  Wk  user.o [1]
TIM2_CNTRL {Abs}        0x0000530d    0x1  Data  Wk  user.o [1]
TIM2_UPD_OVF_BRK_IRQHandler
                          0x00913c  0x1a9  Code  Gb  stm8s_it.o [1]
TIM4_ARR {Abs}          0x00005348    0x1  Data  Wk  user.o [1]
TIM4_CNTR {Abs}         0x00005346    0x1  Data  Wk  user.o [1]
TIM4_UPD_OVF_IRQHandler
                          0x0099e5    0xe  Code  Gb  stm8s_it.o [1]
TLI_IRQHandler            0x009ac4    0x2  Code  Gb  stm8s_it.o [1]
TRAP_IRQHandler           0x009ac2    0x2  Code  Gb  stm8s_it.o [1]
TempCheck                 0x008a2a   0xa7  Code  Gb  user.o [1]
Temp_Val                  0x0000b4    0x2  Data  Gb  data_def.o [1]
Temp_Volt_Sample_Cnt      0x0000ba    0x2  Data  Gb  data_def.o [1]
Timer2Init                0x009871   0x29  Code  Gb  user.o [1]
Timer4_Disable            0x008223    0xd  Code  Gb  user.o [1]
Timer4_Init_ms            0x008230   0x12  Code  Gb  user.o [1]
UART1_RX_IRQHandler       0x009adc    0x1  Code  Gb  stm8s_it.o [1]
UART1_TX_IRQHandler       0x009ad8    0x2  Code  Gb  stm8s_it.o [1]
UV_TRIP_Last              0x0000fb    0x1  Data  Gb  data_def.o [1]
V_TS2_Val                 0x0000b6    0x2  Data  Gb  data_def.o [1]
Var_Init                  0x0092e5   0xfd  Code  Gb  user.o [1]
VoltCheck                 0x0088b3   0xd8  Code  Gb  user.o [1]
WorkMode                  0x000101    0x1  Data  Gb  data_def.o [1]
__DebugBreak              0x009ade    0x1  Code  Gb  __dbg_break.o [3]
__exit                    0x00996f   0x14  Code  Gb  __dbg_xxexit.o [3]
__iar_copy_init2          0x00989a         Code  Gb  init_small.o [4]
__iar_data_init2          0x009958   0x17  Code  Gb  init.o [4]
__iar_program_start       0x009983         Code  Gb  cstartup.o [4]
__iar_unhandled_exception
                          0x009abf         Code  Gb  unhandled_exception.o [4]
__iar_zero_init2          0x00993a         Code  Gb  init_small.o [4]
__intvec                  0x008000         Data  Gb  interrupt.o [4]
__low_level_init          0x009ab9    0x3  Code  Gb  low_level_init.o [4]
_exit                     0x009ab1         Code  Gb  cexit.o [4]
_interrupt_1              0x009ac2         Code  Gb  stm8s_it.o [1]
_interrupt_10             0x009ab6         Code  Wk  interrupt.o [4]
_interrupt_11             0x009ab6         Code  Wk  interrupt.o [4]
_interrupt_12             0x009ad0         Code  Gb  stm8s_it.o [1]
_interrupt_13             0x009ad2         Code  Gb  stm8s_it.o [1]
_interrupt_14             0x009ad4         Code  Gb  stm8s_it.o [1]
_interrupt_15             0x00913c         Code  Gb  stm8s_it.o [1]
_interrupt_16             0x009ad6         Code  Gb  stm8s_it.o [1]
_interrupt_17             0x009ab6         Code  Wk  interrupt.o [4]
_interrupt_18             0x009ab6         Code  Wk  interrupt.o [4]
_interrupt_19             0x009ad8         Code  Gb  stm8s_it.o [1]
_interrupt_2              0x009ac4         Code  Gb  stm8s_it.o [1]
_interrupt_20             0x009adc         Code  Gb  stm8s_it.o [1]
_interrupt_21             0x009a9f         Code  Gb  stm8s_it.o [1]
_interrupt_22             0x009ab6         Code  Wk  interrupt.o [4]
_interrupt_23             0x009ab6         Code  Wk  interrupt.o [4]
_interrupt_24             0x009ada         Code  Gb  stm8s_it.o [1]
_interrupt_25             0x0099e5         Code  Gb  stm8s_it.o [1]
_interrupt_26             0x009add         Code  Gb  stm8s_it.o [1]
_interrupt_27             0x009ab6         Code  Wk  interrupt.o [4]
_interrupt_28             0x009ab6         Code  Wk  interrupt.o [4]
_interrupt_29             0x009ab6         Code  Wk  interrupt.o [4]
_interrupt_3              0x009a60         Code  Gb  stm8s_it.o [1]
_interrupt_30             0x009ab6         Code  Wk  interrupt.o [4]
_interrupt_31             0x009ab6         Code  Wk  interrupt.o [4]
_interrupt_4              0x009ac6         Code  Gb  stm8s_it.o [1]
_interrupt_5              0x009ac8         Code  Gb  stm8s_it.o [1]
_interrupt_6              0x009aca         Code  Gb  stm8s_it.o [1]
_interrupt_7              0x009acc         Code  Gb  stm8s_it.o [1]
_interrupt_8              0x009a68         Code  Gb  stm8s_it.o [1]
_interrupt_9              0x009ace         Code  Gb  stm8s_it.o [1]
exit                      0x009abc    0x3  Code  Gb  exit.o [4]
main                      0x009624   0x56  Code  Gb  main.o [1]


[1] = D:\ProjectPath\STMPath\CH79_A0_3nd_Changed\CH79_A0\Debug\Obj
[2] = command line
[3] = dbgstm8smd.a
[4] = dlstm8smn.a

  6 733 bytes of readonly  code memory
    179 bytes of readonly  data memory
    523 bytes of readwrite data memory

Errors: none
Warnings: none
