###############################################################################
#                                                                             #
# IAR ELF Linker V1.31.1.50058 for STM8                 11/Apr/2016  19:24:52 #
# Copyright 2010-2012 IAR Systems AB.                                         #
#                                                                             #
#    Output file  =  D:\ProjectPath\STMPath\CH79_A0_C-version\CH79_A0\Debug\E #
#                    xe\stm8s003F3.out                                        #
#    Map file     =  D:\ProjectPath\STMPath\CH79_A0_C-version\CH79_A0\Debug\L #
#                    ist\stm8s003F3.map                                       #
#    Command line =  D:\ProjectPath\STMPath\CH79_A0_C-version\CH79_A0\Debug\O #
#                    bj\Afe_bq769x0_user.o D:\ProjectPath\STMPath\CH79_A0_C-v #
#                    ersion\CH79_A0\Debug\Obj\bsp_printf.o                    #
#                    D:\ProjectPath\STMPath\CH79_A0_C-version\CH79_A0\Debug\O #
#                    bj\data_def.o D:\ProjectPath\STMPath\CH79_A0_C-version\C #
#                    H79_A0\Debug\Obj\main.o D:\ProjectPath\STMPath\CH79_A0_C #
#                    -version\CH79_A0\Debug\Obj\soc.o                         #
#                    D:\ProjectPath\STMPath\CH79_A0_C-version\CH79_A0\Debug\O #
#                    bj\stm8s_awu.o D:\ProjectPath\STMPath\CH79_A0_C-version\ #
#                    CH79_A0\Debug\Obj\stm8s_clk.o                            #
#                    D:\ProjectPath\STMPath\CH79_A0_C-version\CH79_A0\Debug\O #
#                    bj\stm8s_exti.o D:\ProjectPath\STMPath\CH79_A0_C-version #
#                    \CH79_A0\Debug\Obj\stm8s_flash.o                         #
#                    D:\ProjectPath\STMPath\CH79_A0_C-version\CH79_A0\Debug\O #
#                    bj\stm8s_gpio.o D:\ProjectPath\STMPath\CH79_A0_C-version #
#                    \CH79_A0\Debug\Obj\stm8s_it.o                            #
#                    D:\ProjectPath\STMPath\CH79_A0_C-version\CH79_A0\Debug\O #
#                    bj\stm8s_tim2.o D:\ProjectPath\STMPath\CH79_A0_C-version #
#                    \CH79_A0\Debug\Obj\stm8s_tim4.o                          #
#                    D:\ProjectPath\STMPath\CH79_A0_C-version\CH79_A0\Debug\O #
#                    bj\stm8s_uart1.o D:\ProjectPath\STMPath\CH79_A0_C-versio #
#                    n\CH79_A0\Debug\Obj\user.o --redirect                    #
#                    _Printf=_PrintfSmall --redirect _Scanf=_ScanfSmall -o    #
#                    D:\ProjectPath\STMPath\CH79_A0_C-version\CH79_A0\Debug\E #
#                    xe\stm8s003F3.out --map D:\ProjectPath\STMPath\CH79_A0_C #
#                    -version\CH79_A0\Debug\List\stm8s003F3.map --config      #
#                    "C:\Program Files\IAR Systems\Embedded Workbench 6.0     #
#                    Evaluation\stm8\config\lnkstm8s003f3.icf" --config_def   #
#                    _CSTACK_SIZE=0x100 --config_def _HEAP_SIZE=0x100         #
#                    --entry __iar_program_start --debug_lib                  #
#                                                                             #
#                                                                             #
###############################################################################

*******************************************************************************
*** RUNTIME MODEL ATTRIBUTES
***

__SystemLibrary            = DLib
__code_model               = small
__core                     = stm8
__data_model               = medium
__dlib_file_descriptor     = 0
__dlib_full_locale_support = 0
__rt_version               = 4


*******************************************************************************
*** RESERVED RANGES
***

Ranges reserved by absolute symbols:
   [0x0050c7-0x0050c7]
   [0x0050ca-0x0050ca]
   [0x0050e0-0x0050e0]
   [0x0050e2-0x0050e2]
   [0x00521b-0x00521b]
   [0x00530c-0x00530c]
   [0x00530d-0x00530d]
   [0x00530f-0x00530f]
   [0x005310-0x005310]
   [0x005346-0x005346]
   [0x005348-0x005348]
   [0x005404-0x005404]
   [0x005405-0x005405]
   [0x005406-0x005406]
   [0x005407-0x005407]


*******************************************************************************
*** PLACEMENT SUMMARY
***

"A1":  place at start of [0x000000-0x0000ff] { rw section .vregs };
"A2":  place at end of [0x000000-0x0003ff] { block CSTACK };
"P2":  place in [from 0x000000 to 0x0003ff] {
          block HEAP, rw section .far.bss, rw section .far.data,
          rw section .far.noinit, rw section .far_func.textrw,
          rw section .huge.bss, rw section .huge.data, rw section .huge.noinit,
          rw section .huge_func.textrw, rw section .iar.dynexit,
          rw section .near.bss, rw section .near.data, rw section .near.noinit,
          rw section .near_func.textrw };
"A3":  place at start of [0x008000-0x009fff] { block INTVEC };
"P3":  place in [from 0x008000 to 0x009fff] {
          ro section .far.data_init, ro section .far_func.textrw_init,
          ro section .huge.data_init, ro section .huge_func.textrw_init,
          ro section .iar.init_table, ro section .init_array,
          ro section .near.data_init, ro section .near.rodata,
          ro section .near_func.text, ro section .near_func.textrw_init,
          ro section .tiny.data_init, ro section .tiny.rodata_init };

  Section            Kind      Address    Size  Object
  -------            ----      -------    ----  ------
"A1":                                     0x10
  .vregs             uninit   0x000000    0x10  vregs.o [4]
                            - 0x000010    0x10

"P2", part 1 of 2:                        0x21
  P2 s0                       0x000010    0x21  <Init block>
    .near.data       inited   0x000010    0x21  soc.o [1]
                            - 0x000031    0x21

"P2", part 2 of 2:                        0xe9
  .near.bss          zero     0x000031    0x2b  data_def.o [1]
  .near.bss          zero     0x00005c    0x15  data_def.o [1]
  .near.bss          zero     0x000071    0x14  data_def.o [1]
  .near.bss          zero     0x000085    0x14  data_def.o [1]
  .near.bss          zero     0x000099     0x4  data_def.o [1]
  .near.bss          zero     0x00009d     0x4  data_def.o [1]
  .near.bss          zero     0x0000a1     0x4  data_def.o [1]
  .near.bss          zero     0x0000a5     0x3  data_def.o [1]
  .near.bss          zero     0x0000a8     0x2  data_def.o [1]
  .near.bss          zero     0x0000aa     0x2  data_def.o [1]
  .near.bss          zero     0x0000ac     0x2  data_def.o [1]
  .near.bss          zero     0x0000ae     0x2  data_def.o [1]
  .near.bss          zero     0x0000b0     0x2  data_def.o [1]
  .near.bss          zero     0x0000b2     0x2  data_def.o [1]
  .near.bss          zero     0x0000b4     0x2  data_def.o [1]
  .near.bss          zero     0x0000b6     0x2  data_def.o [1]
  .near.bss          zero     0x0000b8     0x2  data_def.o [1]
  .near.bss          zero     0x0000ba     0x2  data_def.o [1]
  .near.bss          zero     0x0000bc     0x2  data_def.o [1]
  .near.bss          zero     0x0000be     0x2  data_def.o [1]
  .near.bss          zero     0x0000c0     0x2  data_def.o [1]
  .near.bss          zero     0x0000c2     0x2  data_def.o [1]
  .near.bss          zero     0x0000c4     0x2  data_def.o [1]
  .near.bss          zero     0x0000c6     0x2  data_def.o [1]
  .near.bss          zero     0x0000c8     0x2  data_def.o [1]
  .near.bss          zero     0x0000ca     0x2  data_def.o [1]
  .near.bss          zero     0x0000cc     0x2  data_def.o [1]
  .near.bss          zero     0x0000ce     0x2  data_def.o [1]
  .near.bss          zero     0x0000d0     0x2  data_def.o [1]
  .near.bss          zero     0x0000d2     0x2  data_def.o [1]
  .near.bss          zero     0x0000d4     0x2  data_def.o [1]
  .near.bss          zero     0x0000d6     0x2  data_def.o [1]
  .near.bss          zero     0x0000d8     0x2  data_def.o [1]
  .near.bss          zero     0x0000da     0x2  data_def.o [1]
  .near.bss          zero     0x0000dc     0x2  data_def.o [1]
  .near.bss          zero     0x0000de     0x2  data_def.o [1]
  .near.bss          zero     0x0000e0     0x2  data_def.o [1]
  .near.bss          zero     0x0000e2     0x2  data_def.o [1]
  .near.bss          zero     0x0000e4     0x2  data_def.o [1]
  .near.bss          zero     0x0000e6     0x2  data_def.o [1]
  .near.bss          zero     0x0000e8     0x2  data_def.o [1]
  .near.bss          zero     0x0000ea     0x2  data_def.o [1]
  .near.bss          zero     0x0000ec     0x2  data_def.o [1]
  .near.bss          zero     0x0000ee     0x2  data_def.o [1]
  .near.bss          zero     0x0000f0     0x2  data_def.o [1]
  .near.bss          zero     0x0000f2     0x2  stm8s_it.o [1]
  .near.bss          zero     0x0000f4     0x1  Afe_bq769x0_user.o [1]
  .near.bss          zero     0x0000f5     0x1  data_def.o [1]
  .near.bss          zero     0x0000f6     0x1  data_def.o [1]
  .near.bss          zero     0x0000f7     0x1  data_def.o [1]
  .near.bss          zero     0x0000f8     0x1  data_def.o [1]
  .near.bss          zero     0x0000f9     0x1  data_def.o [1]
  .near.bss          zero     0x0000fa     0x1  data_def.o [1]
  .near.bss          zero     0x0000fb     0x1  data_def.o [1]
  .near.bss          zero     0x0000fc     0x1  data_def.o [1]
  .near.bss          zero     0x0000fd     0x1  data_def.o [1]
  .near.bss          zero     0x0000fe     0x1  data_def.o [1]
  .near.bss          zero     0x0000ff     0x1  data_def.o [1]
  .near.bss          zero     0x000100     0x1  data_def.o [1]
  .near.bss          zero     0x000101     0x1  data_def.o [1]
  .near.bss          zero     0x000102     0x1  data_def.o [1]
  .near.bss          zero     0x000103     0x1  data_def.o [1]
  .near.bss          zero     0x000104     0x1  data_def.o [1]
  .near.bss          zero     0x000105     0x1  data_def.o [1]
  .near.bss          zero     0x000106     0x1  data_def.o [1]
  .near.bss          zero     0x000107     0x1  data_def.o [1]
  .near.bss          zero     0x000108     0x1  data_def.o [1]
  .near.bss          zero     0x000109     0x1  data_def.o [1]
  .near.bss          zero     0x00010a     0x1  data_def.o [1]
  .near.bss          zero     0x00010b     0x1  data_def.o [1]
  .near.bss          zero     0x00010c     0x1  data_def.o [1]
  .near.bss          zero     0x00010d     0x1  data_def.o [1]
  .near.bss          zero     0x00010e     0x1  data_def.o [1]
  .near.bss          zero     0x00010f     0x1  data_def.o [1]
  .near.bss          zero     0x000110     0x1  data_def.o [1]
  .near.bss          zero     0x000111     0x1  stm8s_it.o [1]
  .near.bss          zero     0x000112     0x1  user.o [1]
  .near.bss          zero     0x000113     0x1  user.o [1]
  .near.bss          zero     0x000114     0x1  user.o [1]
  .near.bss          zero     0x000115     0x1  user.o [1]
  .near.bss          zero     0x000116     0x1  user.o [1]
  .near.bss          zero     0x000117     0x1  user.o [1]
  .near.bss          zero     0x000118     0x1  user.o [1]
  .near.bss          zero     0x000119     0x1  user.o [1]
                            - 0x00011a    0xe9

"A2":                                    0x100
  CSTACK                      0x000300   0x100  <Block>
    CSTACK           uninit   0x000300   0x100  <Block tail>
                            - 0x000400   0x100

"A3":                                     0x80
  INTVEC                      0x008000    0x80  <Block>
    .intvec          const    0x008000    0x80  interrupt.o [4]
                            - 0x008080    0x80

"P3":                                   0x1cfd
  .near_func.text    ro code  0x008080   0xa22  user.o [1]
  .near_func.text    ro code  0x008aa2   0x200  soc.o [1]
  .near_func.text    ro code  0x008ca2   0x200  long.o [4]
  .near_func.text    ro code  0x008ea2   0x1ae  stm8s_it.o [1]
  .near_func.text    ro code  0x009050   0x196  Afe_bq769x0_user.o [1]
  .near_func.text    ro code  0x0091e6   0x10b  user.o [1]
  .near_func.text    ro code  0x0092f1    0xff  vreg_util.o [4]
  .near_func.text    ro code  0x0093f0    0xa0  Afe_bq769x0_user.o [1]
  .near_func.text    ro code  0x009490    0x9b  user.o [1]
  .near_func.text    ro code  0x00952b    0x7a  main.o [1]
  .near_func.text    ro code  0x0095a5    0x76  user.o [1]
  .near_func.text    ro code  0x00961b    0x74  user.o [1]
  .near_func.text    ro code  0x00968f    0x67  stm8s_gpio.o [1]
  .near_func.text    ro code  0x0096f6    0x5e  soc.o [1]
  .near_func.text    ro code  0x009754    0x57  user.o [1]
  .near_func.text    ro code  0x0097ab    0x56  stm8s_exti.o [1]
  .near_func.text    ro code  0x009801    0x4e  long_util.o [4]
  .near_func.text    ro code  0x00984f    0x42  user.o [1]
  .near_func.text    ro code  0x009891    0x3c  user.o [1]
  .near_func.text    ro code  0x0098cd    0x38  Afe_bq769x0_user.o [1]
  .near_func.text    ro code  0x009905    0x36  Afe_bq769x0_user.o [1]
  .near_func.text    ro code  0x00993b    0x33  short.o [4]
  .near_func.text    ro code  0x00996e    0x2c  user.o [1]
  .near_func.text    ro code  0x00999a    0x2a  Afe_bq769x0_user.o [1]
  .near_func.text    ro code  0x0099c4    0x29  user.o [1]
  .near_func.text    ro code  0x0099ed    0x28  init_small.o [4]
  .near_func.text    ro code  0x009a15    0x26  Afe_bq769x0_user.o [1]
  .near_func.text    ro code  0x009a3b    0x22  Afe_bq769x0_user.o [1]
  .near_func.text    ro code  0x009a5d    0x21  user.o [1]
  .near_func.text    ro code  0x009a7e    0x1e  init_small.o [4]
  .iar.init_table    const    0x009a9c    0x12  - Linker created -
  .near_func.text    ro code  0x009aae    0x20  user.o [1]
  .near_func.text    ro code  0x009ace    0x1f  dc_util.o [4]
  .near_func.text    ro code  0x009aed    0x17  Afe_bq769x0_user.o [1]
  .near_func.text    ro code  0x009b04    0x17  init.o [4]
  .near_func.text    ro code  0x009b1b    0x16  stm8s_flash.o [1]
  .near_func.text    ro code  0x009b31    0x15  user.o [1]
  .near_func.text    ro code  0x009b46    0x15  user.o [1]
  .near_func.text    ro code  0x009b5b    0x14  __dbg_xxexit.o [3]
  .near_func.text    ro code  0x009b6f    0x13  cstartup.o [4]
  .near_func.text    ro code  0x009b82    0x12  soc.o [1]
  .near_func.text    ro code  0x009b94    0x12  soc.o [1]
  .near_func.text    ro code  0x009ba6    0x10  user.o [1]
  .near_func.text    ro code  0x009bb6     0xe  Afe_bq769x0_user.o [1]
  .near_func.text    ro code  0x009bc4     0xe  soc.o [1]
  .near_func.text    ro code  0x009bd2     0xe  stm8s_it.o [1]
  .near_func.text    ro code  0x009be0     0xe  user.o [1]
  .near_func.text    ro code  0x009bee     0xd  Afe_bq769x0_user.o [1]
  .near_func.text    ro code  0x009bfb     0xd  soc.o [1]
  .near_func.text    ro code  0x009c08     0xc  soc.o [1]
  .near_func.text    ro code  0x009c14     0xb  Afe_bq769x0_user.o [1]
  .near_func.text    ro code  0x009c1f     0xb  Afe_bq769x0_user.o [1]
  .near_func.text    ro code  0x009c2a     0xb  user.o [1]
  .near_func.text    ro code  0x009c35     0xb  user.o [1]
  .near_func.text    ro code  0x009c40     0xb  char.o [4]
  .near_func.text    ro code  0x009c4b     0xa  Afe_bq769x0_user.o [1]
  .near_func.text    ro code  0x009c55     0xa  user.o [1]
  .near_func.text    ro code  0x009c5f     0x9  soc.o [1]
  .near_func.text    ro code  0x009c68     0x9  soc.o [1]
  .near_func.text    ro code  0x009c71     0x9  user.o [1]
  .near_func.text    ro code  0x009c7a     0x9  user.o [1]
  .near_func.text    ro code  0x009c83     0x8  Afe_bq769x0_user.o [1]
  .near_func.text    ro code  0x009c8b     0x8  Afe_bq769x0_user.o [1]
  .near_func.text    ro code  0x009c93     0x8  soc.o [1]
  .near_func.text    ro code  0x009c9b     0x8  soc.o [1]
  .near_func.text    ro code  0x009ca3     0x8  stm8s_it.o [1]
  .near_func.text    ro code  0x009cab     0x8  stm8s_it.o [1]
  .near_func.text    ro code  0x009cb3     0x8  user.o [1]
  .near_func.text    ro code  0x009cbb     0x8  user.o [1]
  .near_func.text    ro code  0x009cc3     0x7  soc.o [1]
  .near_func.text    ro code  0x009cca     0x7  stm8s_flash.o [1]
  .near_func.text    ro code  0x009cd1     0x7  user.o [1]
  .near_func.text    ro code  0x009cd8     0x7  user.o [1]
  .near_func.text    ro code  0x009cdf     0x7  user.o [1]
  .near_func.text    ro code  0x009ce6     0x7  user.o [1]
  .near_func.text    ro code  0x009ced     0x6  Afe_bq769x0_user.o [1]
  .near_func.text    ro code  0x009cf3     0x6  soc.o [1]
  .near_func.text    ro code  0x009cf9     0x6  stm8s_exti.o [1]
  .near_func.text    ro code  0x009cff     0x6  stm8s_it.o [1]
  .near_func.text    ro code  0x009d05     0x6  user.o [1]
  .near_func.text    ro code  0x009d0b     0x6  user.o [1]
  .near_func.text    ro code  0x009d11     0x6  user.o [1]
  .near_func.text    ro code  0x009d17     0x5  user.o [1]
  .near_func.text    ro code  0x009d1c     0x5  user.o [1]
  .near_func.text    ro code  0x009d21     0x5  user.o [1]
  .near_func.text    ro code  0x009d26     0x5  cexit.o [4]
  .near_func.text    ro code  0x009d2b     0x4  stm8s_flash.o [1]
  .near_func.text    ro code  0x009d2f     0x4  stm8s_flash.o [1]
  .near_func.text    ro code  0x009d33     0x3  interrupt.o [4]
  .near_func.text    ro code  0x009d36     0x3  low_level_init.o [4]
  .near_func.text    ro code  0x009d39     0x3  exit.o [4]
  .near_func.text    ro code  0x009d3c     0x3  unhandled_exception.o [4]
  .near_func.text    ro code  0x009d3f     0x2  stm8s_it.o [1]
  .near_func.text    ro code  0x009d41     0x2  stm8s_it.o [1]
  .near_func.text    ro code  0x009d43     0x2  stm8s_it.o [1]
  .near_func.text    ro code  0x009d45     0x2  stm8s_it.o [1]
  .near_func.text    ro code  0x009d47     0x2  stm8s_it.o [1]
  .near_func.text    ro code  0x009d49     0x2  stm8s_it.o [1]
  .near_func.text    ro code  0x009d4b     0x2  stm8s_it.o [1]
  .near_func.text    ro code  0x009d4d     0x2  stm8s_it.o [1]
  .near_func.text    ro code  0x009d4f     0x2  stm8s_it.o [1]
  .near_func.text    ro code  0x009d51     0x2  stm8s_it.o [1]
  .near_func.text    ro code  0x009d53     0x2  stm8s_it.o [1]
  .near_func.text    ro code  0x009d55     0x2  stm8s_it.o [1]
  .near_func.text    ro code  0x009d57     0x2  stm8s_it.o [1]
  .near_func.text    ro code  0x009d59     0x1  stm8s_it.o [1]
  .near_func.text    ro code  0x009d5a     0x1  stm8s_it.o [1]
  .near_func.text    ro code  0x009d5b     0x1  __dbg_break.o [3]
  Initializer bytes  ro data  0x009d5c    0x21  <for P2 s0>
                            - 0x009d7d  0x1cfd


*******************************************************************************
*** INIT TABLE
***

          Address   Size
          -------   ----
Zero (__iar_zero_init2)
    1 destination range, total size 0xe9:
          0x000031  0xe9

Copy (__iar_copy_init2)
    1 source range, total size 0x21:
          0x009d5c  0x21
    1 destination range, total size 0x21:
          0x000010  0x21


*******************************************************************************
*** MODULE SUMMARY
***

    Module                 ro code  ro data  rw data
    ------                 -------  -------  -------
D:\ProjectPath\STMPath\CH79_A0_C-version\CH79_A0\Debug\Obj: [1]
    Afe_bq769x0_user.o         894                 1
    data_def.o                                   221
    main.o                     122
    soc.o                      728       33       33
    stm8s_exti.o                92
    stm8s_flash.o               37
    stm8s_gpio.o               103
    stm8s_it.o                 494                 3
    user.o                   3 812                 8
    ------------------------------------------------
    Total:                   6 282       33      266

command line: [2]
    ------------------------------------------------
    Total:

dbgstm8smd.a: [3]
    __dbg_break.o                1
    __dbg_xxexit.o              20
    ------------------------------------------------
    Total:                      21

dlstm8smn.a: [4]
    cexit.o                      5
    char.o                      11
    cstartup.o                  19
    dc_util.o                   31
    exit.o                       3
    init.o                      23
    init_small.o                70
    interrupt.o                  3      128
    long.o                     512
    long_util.o                 78
    low_level_init.o             3
    short.o                     51
    unhandled_exception.o        3
    vreg_util.o                255
    vregs.o                                       16
    ------------------------------------------------
    Total:                   1 067      128       16

    Linker created                       18      256
----------------------------------------------------
    Grand Total:             7 370      179      538


*******************************************************************************
*** ENTRY LIST
***

Entry                      Address   Size  Type      Object
-----                      -------   ----  ----      ------
?add32_l0_l0_0x           0x008cc8         Code  Gb  long.o [4]
?add32_l0_l0_l1           0x008cc5         Code  Gb  long.o [4]
?b0                       0x000000         Data  Gb  vregs.o [4]
?b1                       0x000001         Data  Gb  vregs.o [4]
?b10                      0x00000a         Data  Gb  vregs.o [4]
?b11                      0x00000b         Data  Gb  vregs.o [4]
?b12                      0x00000c         Data  Gb  vregs.o [4]
?b13                      0x00000d         Data  Gb  vregs.o [4]
?b14                      0x00000e         Data  Gb  vregs.o [4]
?b15                      0x00000f         Data  Gb  vregs.o [4]
?b2                       0x000002         Data  Gb  vregs.o [4]
?b3                       0x000003         Data  Gb  vregs.o [4]
?b4                       0x000004         Data  Gb  vregs.o [4]
?b5                       0x000005         Data  Gb  vregs.o [4]
?b6                       0x000006         Data  Gb  vregs.o [4]
?b7                       0x000007         Data  Gb  vregs.o [4]
?b8                       0x000008         Data  Gb  vregs.o [4]
?b9                       0x000009         Data  Gb  vregs.o [4]
?dc32_l1                  0x009ad5         Code  Gb  dc_util.o [4]
?dc32_px                  0x009ae2         Code  Gb  dc_util.o [4]
?dc8_px                   0x009ace         Code  Gb  dc_util.o [4]
?e0                       0x000001         Data  Gb  vregs.o [4]
?e1                       0x000005         Data  Gb  vregs.o [4]
?e2                       0x000009         Data  Gb  vregs.o [4]
?e3                       0x00000d         Data  Gb  vregs.o [4]
?epilogue_l2              0x00938c         Code  Gb  vreg_util.o [4]
?epilogue_l2_l3           0x009389         Code  Gb  vreg_util.o [4]
?epilogue_w4              0x009390         Code  Gb  vreg_util.o [4]
?inc32_0x_0x              0x008cb7         Code  Gb  long.o [4]
?inc32_l0_l0              0x008cb2         Code  Gb  long.o [4]
?l0                       0x000000         Data  Gb  vregs.o [4]
?l1                       0x000004         Data  Gb  vregs.o [4]
?l2                       0x000008         Data  Gb  vregs.o [4]
?l3                       0x00000c         Data  Gb  vregs.o [4]
?load32_0x_l0             0x009825         Code  Gb  long_util.o [4]
?load32_0x_l1             0x009833         Code  Gb  long_util.o [4]
?load32_0x_l2             0x009841         Code  Gb  long_util.o [4]
?load32_l0_0x             0x009801         Code  Gb  long_util.o [4]
?load32_l1_0x             0x00980d         Code  Gb  long_util.o [4]
?load32_l2_0x             0x009819         Code  Gb  long_util.o [4]
?mov_e0_e1                0x0093a5         Code  Gb  vreg_util.o [4]
?mov_e0_e2                0x0093b2         Code  Gb  vreg_util.o [4]
?mov_e1_e0                0x0093bf         Code  Gb  vreg_util.o [4]
?mov_e1_e2                0x0093cc         Code  Gb  vreg_util.o [4]
?mov_e1_e3                0x0093d9         Code  Gb  vreg_util.o [4]
?mov_e2_e0                0x0093e6         Code  Gb  vreg_util.o [4]
?mov_l0_l1                0x0093a2         Code  Gb  vreg_util.o [4]
?mov_l0_l2                0x0093af         Code  Gb  vreg_util.o [4]
?mov_l1_l0                0x0093bc         Code  Gb  vreg_util.o [4]
?mov_l1_l2                0x0093c9         Code  Gb  vreg_util.o [4]
?mov_l1_l3                0x0093d6         Code  Gb  vreg_util.o [4]
?mov_l2_l0                0x0093e3         Code  Gb  vreg_util.o [4]
?mov_w1_w3                0x0093a8         Code  Gb  vreg_util.o [4]
?mov_w1_w5                0x0093b5         Code  Gb  vreg_util.o [4]
?mov_w3_w1                0x0093c2         Code  Gb  vreg_util.o [4]
?mov_w3_w5                0x0093cf         Code  Gb  vreg_util.o [4]
?mov_w3_w7                0x0093dc         Code  Gb  vreg_util.o [4]
?mov_w4_w1                0x009394         Code  Gb  vreg_util.o [4]
?mov_w5_w1                0x0093e9         Code  Gb  vreg_util.o [4]
?mov_w7_w0                0x00939b         Code  Gb  vreg_util.o [4]
?mul16_x_x_w0             0x00993b         Code  Gb  short.o [4]
?mul32_l0_l0_0x           0x008cfe         Code  Gb  long.o [4]
?mul32_l0_l0_dl           0x008cfb         Code  Gb  long.o [4]
?mul32_l0_l0_l1           0x008d07         Code  Gb  long.o [4]
?neg32_l0_l0              0x008ca2         Code  Gb  long.o [4]
?pop_l0                   0x009355         Code  Gb  vreg_util.o [4]
?pop_l1                   0x009360         Code  Gb  vreg_util.o [4]
?pop_l2                   0x00936b         Code  Gb  vreg_util.o [4]
?pop_l3                   0x009376         Code  Gb  vreg_util.o [4]
?pop_w4                   0x00930e         Code  Gb  vreg_util.o [4]
?pop_w5                   0x009315         Code  Gb  vreg_util.o [4]
?push_l0                  0x009324         Code  Gb  vreg_util.o [4]
?push_l1                  0x009329         Code  Gb  vreg_util.o [4]
?push_l2                  0x00932e         Code  Gb  vreg_util.o [4]
?push_l3                  0x009333         Code  Gb  vreg_util.o [4]
?push_w4                  0x0092f1         Code  Gb  vreg_util.o [4]
?push_w5                  0x0092f6         Code  Gb  vreg_util.o [4]
?scmp32_c_l0_l1           0x008e49         Code  Gb  long.o [4]
?sdiv32_l0_l0_dl          0x008df5         Code  Gb  long.o [4]
?sdiv32_l0_l0_l1          0x008df8         Code  Gb  long.o [4]
?sext16_x_a               0x009967         Code  Gb  short.o [4]
?sext32_l0_a              0x008e95         Code  Gb  long.o [4]
?sext32_l0_x              0x008e8a         Code  Gb  long.o [4]
?sll16_x_x_a              0x009959         Code  Gb  short.o [4]
?sll32_0x_0x_a            0x008e67         Code  Gb  long.o [4]
?sll32_l0_l0_a            0x008e64         Code  Gb  long.o [4]
?sll32_l0_l0_db           0x008e60         Code  Gb  long.o [4]
?sll8_a_a_5               0x009c41         Code  Gb  char.o [4]
?sll8_a_a_6               0x009c40         Code  Gb  char.o [4]
?smod32_l1_l0_l1          0x008df8         Code  Gb  long.o [4]
?srl16_x_x_4              0x009962         Code  Gb  short.o [4]
?srl16_x_x_5              0x009961         Code  Gb  short.o [4]
?srl32_0x_0x_a            0x008e7c         Code  Gb  long.o [4]
?srl32_l0_l0_a            0x008e79         Code  Gb  long.o [4]
?srl32_l0_l0_db           0x008e75         Code  Gb  long.o [4]
?srl8_a_a_5               0x009c46         Code  Gb  char.o [4]
?sub32_l0_l0_0x           0x008ce3         Code  Gb  long.o [4]
?sub32_l0_l0_l1           0x008ce0         Code  Gb  long.o [4]
?ucmp32_c_l0_l1           0x008e3e         Code  Gb  long.o [4]
?udiv32_l0_l0_dl          0x008d85         Code  Gb  long.o [4]
?udiv32_l0_l0_l1          0x008d88         Code  Gb  long.o [4]
?umod32_l1_l0_l1          0x008d88         Code  Gb  long.o [4]
?w0                       0x000000         Data  Gb  vregs.o [4]
?w1                       0x000002         Data  Gb  vregs.o [4]
?w2                       0x000004         Data  Gb  vregs.o [4]
?w3                       0x000006         Data  Gb  vregs.o [4]
?w4                       0x000008         Data  Gb  vregs.o [4]
?w5                       0x00000a         Data  Gb  vregs.o [4]
?w6                       0x00000c         Data  Gb  vregs.o [4]
?w7                       0x00000e         Data  Gb  vregs.o [4]
ADC                       0x008608   0x2f  Code  Gb  user.o [1]
ADC1_IRQHandler           0x009d57    0x2  Code  Gb  stm8s_it.o [1]
ADCGain_Val               0x0000be    0x2  Data  Gb  data_def.o [1]
ADCOffset_Val             0x0000fb    0x1  Data  Gb  data_def.o [1]
ADC_DRH {Abs}           0x00005404    0x1  Data  Wk  user.o [1]
ADC_DRL {Abs}           0x00005405    0x1  Data  Wk  user.o [1]
ADC_TDRH {Abs}          0x00005406    0x1  Data  Wk  user.o [1]
ADC_TDRL {Abs}          0x00005407    0x1  Data  Wk  user.o [1]
ADConverse                0x008646   0x7a  Code  Gb  user.o [1]
AWU_IRQHandler            0x009ca3    0x8  Code  Gb  stm8s_it.o [1]
Adc_value                 0x000071   0x14  Data  Gb  data_def.o [1]
AfeErr_t                  0x0000de    0x2  Data  Gb  data_def.o [1]
Afe_ADC_Enable            0x00912e    0xa  Code  Gb  Afe_bq769x0_user.o [1]
Afe_CC_1Shot_Set          0x009bee    0xd  Code  Gb  Afe_bq769x0_user.o [1]
Afe_CC_Disable            0x009c14    0xb  Code  Gb  Afe_bq769x0_user.o [1]
Afe_CellBalance_Disable
                          0x009138   0x47  Code  Gb  Afe_bq769x0_user.o [1]
Afe_CellBalance_Enable    0x009a15   0x26  Code  Gb  Afe_bq769x0_user.o [1]
Afe_Device_Init           0x00917f   0x67  Code  Gb  Afe_bq769x0_user.o [1]
Afe_EnterShipMode         0x009a3b   0x22  Code  Gb  Afe_bq769x0_user.o [1]
Afe_FET_ChgDis_Cntrl      0x0098e3   0x22  Code  Gb  Afe_bq769x0_user.o [1]
Afe_FET_ChgOff_DisOff     0x0098d8    0xb  Code  Gb  Afe_bq769x0_user.o [1]
Afe_FET_ChgOn_DisOn       0x0098cd    0xb  Code  Gb  Afe_bq769x0_user.o [1]
Afe_Get_Adc               0x009905   0x36  Code  Gb  Afe_bq769x0_user.o [1]
Afe_Get_GainOffset        0x0090dc   0x48  Code  Gb  Afe_bq769x0_user.o [1]
Afe_Get_SysStatus         0x00999a   0x2a  Code  Gb  Afe_bq769x0_user.o [1]
Afe_OCD_Set               0x0090c2    0xd  Code  Gb  Afe_bq769x0_user.o [1]
Afe_OV_UV_Delay_Set       0x0090b7    0xb  Code  Gb  Afe_bq769x0_user.o [1]
Afe_OV_UV_Threshold_Set
                          0x009050   0x4a  Code  Gb  Afe_bq769x0_user.o [1]
Afe_SCD_Set               0x0090cf    0xd  Code  Gb  Afe_bq769x0_user.o [1]
Afe_Temp_Disable          0x009c4b    0xa  Code  Gb  Afe_bq769x0_user.o [1]
Afe_Temp_Enable           0x009124    0xa  Code  Gb  Afe_bq769x0_user.o [1]
Afe_Volt_Val_Get          0x0083da  0x18f  Code  Gb  user.o [1]
Bits_flag                 0x000110    0x1  Data  Gb  data_def.o [1]
Buf                       0x0000a5    0x3  Data  Gb  data_def.o [1]
CC_AD                     0x0000b2    0x2  Data  Gb  data_def.o [1]
CC_CFG_Last               0x000107    0x1  Data  Gb  data_def.o [1]
CC_Val                    0x00009d    0x4  Data  Gb  data_def.o [1]
CC_Volt_Sample_Cnt        0x0000cc    0x2  Data  Gb  data_def.o [1]
CELLBAL1_Last             0x0000fe    0x1  Data  Gb  data_def.o [1]
CELLBAL2_Last             0x0000ff    0x1  Data  Gb  data_def.o [1]
CLK_IRQHandler            0x009d43    0x2  Code  Gb  stm8s_it.o [1]
CLK_PCKENR1 {Abs}       0x000050c7    0x1  Data  Wk  user.o [1]
CLK_PCKENR2 {Abs}       0x000050ca    0x1  Data  Wk  user.o [1]
CRC8_Caculate             0x00984f   0x42  Code  Gb  user.o [1]
CSTACK$$Base              0x000300          --   Gb  - Linker created -
CSTACK$$Limit             0x000400          --   Gb  - Linker created -
CellBal_Cntrl             0x0082f5   0xc5  Code  Gb  user.o [1]
CellBal_Cntrl_Lock        0x000109    0x1  Data  Gb  data_def.o [1]
CellBalance_Cur_Selct     0x0000e0    0x2  Data  Gb  data_def.o [1]
CellBalance_Selct         0x0000ea    0x2  Data  Gb  data_def.o [1]
Cell_Balance_Delay_t      0x0000ee    0x2  Data  Gb  data_def.o [1]
Cell_Volt                 0x000085   0x14  Data  Gb  data_def.o [1]
Cell_Volt_Avg             0x0000b8    0x2  Data  Gb  data_def.o [1]
Cell_Volt_Max             0x0000ba    0x2  Data  Gb  data_def.o [1]
Cell_Volt_Min             0x0000bc    0x2  Data  Gb  data_def.o [1]
Cell_Volt_Sample_Cnt      0x0000ca    0x2  Data  Gb  data_def.o [1]
Cell_Volt_Tol             0x0000b6    0x2  Data  Gb  data_def.o [1]
Check_Val                 0x0000b4    0x2  Data  Gb  data_def.o [1]
ChgCurOv_Re_t             0x0000d0    0x2  Data  Gb  data_def.o [1]
ChgCurOv_t                0x0000ce    0x2  Data  Gb  data_def.o [1]
ChgDis_AbnormalCheck      0x0093f0   0xa0  Code  Gb  Afe_bq769x0_user.o [1]
ChgExchangeMode_Cnt       0x0000f7    0x1  Data  Gb  data_def.o [1]
ChgOv_t                   0x0000a1    0x4  Data  Gb  data_def.o [1]
ChgTemp_cnt               0x0000aa    0x2  Data  Gb  data_def.o [1]
Chg_Current_Val_Small_Errer_t
                          0x0000a8    0x2  Data  Gb  data_def.o [1]
ClearStatus               0x008585   0x70  Code  Gb  user.o [1]
ClrWdt                    0x009b31   0x15  Code  Gb  user.o [1]
CurrentCheck              0x008948   0xa5  Code  Gb  user.o [1]
Current_Val               0x000099    0x4  Data  Gb  data_def.o [1]
Delay_ms                  0x00809f    0xe  Code  Gb  user.o [1]
Delay_time_t              0x0000e8    0x2  Data  Gb  data_def.o [1]
DisCurOv_Re_t             0x0000da    0x2  Data  Gb  data_def.o [1]
DisCurOv_t                0x0000d4    0x2  Data  Gb  data_def.o [1]
DisCurOv_t1               0x0000d6    0x2  Data  Gb  data_def.o [1]
DisCurOv_t2               0x0000d8    0x2  Data  Gb  data_def.o [1]
DisCurShort_Re_t          0x0000dc    0x2  Data  Gb  data_def.o [1]
DisExchangeMode_Cnt       0x0000f8    0x1  Data  Gb  data_def.o [1]
DisOv_t                   0x0000d2    0x2  Data  Gb  data_def.o [1]
DisTemp_Lock_Cnt          0x0000ae    0x2  Data  Gb  data_def.o [1]
DisTemp_cnt               0x0000ac    0x2  Data  Gb  data_def.o [1]
Dis_First_Run_Flag        0x0000f5    0x1  Data  Gb  data_def.o [1]
Dis_First_Run_t           0x0000f6    0x1  Data  Gb  data_def.o [1]
EEPROM_EEC_IRQHandler     0x009d5a    0x1  Code  Gb  stm8s_it.o [1]
EXTI_PORTA_IRQHandler     0x009d45    0x2  Code  Gb  stm8s_it.o [1]
EXTI_PORTB_IRQHandler     0x009d47    0x2  Code  Gb  stm8s_it.o [1]
EXTI_PORTC_IRQHandler     0x009d49    0x2  Code  Gb  stm8s_it.o [1]
EXTI_PORTD_IRQHandler     0x009cab    0x8  Code  Gb  stm8s_it.o [1]
EXTI_PORTE_IRQHandler     0x009d4b    0x2  Code  Gb  stm8s_it.o [1]
EXTI_SetExtIntSensitivity
                          0x0097ab   0x56  Code  Gb  stm8s_exti.o [1]
FLASH_Lock                0x009cca    0x7  Code  Gb  stm8s_flash.o [1]
FLASH_ProgramByte         0x009d2b    0x4  Code  Gb  stm8s_flash.o [1]
FLASH_ReadByte            0x009d2f    0x4  Code  Gb  stm8s_flash.o [1]
FLASH_Unlock              0x009b1b   0x16  Code  Gb  stm8s_flash.o [1]
GPIO_Init                 0x00968f   0x67  Code  Gb  stm8s_gpio.o [1]
I2C_CCRL {Abs}          0x0000521b    0x1  Data  Wk  user.o [1]
I2C_COM_ERROR_Flag        0x0000fa    0x1  Data  Gb  data_def.o [1]
I2C_IRQHandler            0x009cff    0x6  Code  Gb  stm8s_it.o [1]
I2C_Model_Init            0x009a5d   0x21  Code  Gb  user.o [1]
I2C_Read                  0x009490   0x9b  Code  Gb  user.o [1]
I2C_Write                 0x00961b   0x74  Code  Gb  user.o [1]
INTVEC$$Base              0x008000          --   Gb  - Linker created -
INTVEC$$Limit             0x008080          --   Gb  - Linker created -
IWDG_KR {Abs}           0x000050e0    0x1  Data  Wk  user.o [1]
IWDG_RLR {Abs}          0x000050e2    0x1  Data  Wk  user.o [1]
IdleExchangeMode_Cnt      0x0000f9    0x1  Data  Gb  data_def.o [1]
Init_Soc_Flag             0x00010a    0x1  Data  Gb  data_def.o [1]
LedFlash_Off_t            0x0000e4    0x2  Data  Gb  data_def.o [1]
LedFlash_t                0x0000e2    0x2  Data  Gb  data_def.o [1]
LedShow_Cntrl             0x008183  0x154  Code  Gb  user.o [1]
LowPower_Cntrl            0x0080ec   0x97  Code  Gb  user.o [1]
LowPower_Entry_Delay_t    0x0000ec    0x2  Data  Gb  data_def.o [1]
LowPower_MCU_Entry_Flag
                          0x00010b    0x1  Data  Gb  data_def.o [1]
LowPower_Powerdown_Enter
                          0x0080ad   0x34  Code  Gb  user.o [1]
ModeCheck                 0x0086c0  0x133  Code  Gb  user.o [1]
OV_TRIP_Last              0x000105    0x1  Data  Gb  data_def.o [1]
PROTECT1_Last             0x000102    0x1  Data  Gb  data_def.o [1]
PROTECT2_Last             0x000103    0x1  Data  Gb  data_def.o [1]
PROTECT3_Last             0x000104    0x1  Data  Gb  data_def.o [1]
Pack_Volt                 0x0000c0    0x2  Data  Gb  data_def.o [1]
PortInit                  0x0095a5   0x76  Code  Gb  user.o [1]
PowerOff_Delay_t          0x0000e6    0x2  Data  Gb  data_def.o [1]
R_TS2_Val                 0x0000c6    0x2  Data  Gb  data_def.o [1]
Region$$Table$$Base       0x009a9c          --   Gb  - Linker created -
Region$$Table$$Limit      0x009aae          --   Gb  - Linker created -
RevcComData               0x0000f0    0x2  Data  Gb  data_def.o [1]
SOCAhIntergrate           0x0096f6   0x5e  Code  Gb  soc.o [1]
SOCCalculate              0x008bcc   0x9c  Code  Gb  soc.o [1]
SOCCorrectOCV             0x008aa2   0xe9  Code  Gb  soc.o [1]
SOC_Init                  0x009754   0x57  Code  Gb  user.o [1]
SOC_SavedtoEEPROM         0x00996e   0x2c  Code  Gb  user.o [1]
SPI_IRQHandler            0x009d4d    0x2  Code  Gb  stm8s_it.o [1]
SYS_CTRL1                 0x00010e    0x1  Data  Gb  data_def.o [1]
SYS_CTRL1_Last            0x000100    0x1  Data  Gb  data_def.o [1]
SYS_CTRL2                 0x00010f    0x1  Data  Gb  data_def.o [1]
SYS_CTRL2_Last            0x000101    0x1  Data  Gb  data_def.o [1]
SYS_STAT                  0x00010d    0x1  Data  Gb  data_def.o [1]
SYS_STAT_Last             0x0000fd    0x1  Data  Gb  data_def.o [1]
SYS_STAT_Last_tmp         0x0000fc    0x1  Data  Gb  data_def.o [1]
Soc2OcvTbl                0x000010   0x21  Data  Gb  soc.o [1]
SocCalc                   0x000031   0x2b  Data  Gb  data_def.o [1]
SocReg                    0x00005c   0x15  Data  Gb  data_def.o [1]
Soc_OCV_CorrectEn_Flag    0x000108    0x1  Data  Gb  data_def.o [1]
SysInit                   0x009891   0x3c  Code  Gb  user.o [1]
TIM1_CAP_COM_IRQHandler
                          0x009d51    0x2  Code  Gb  stm8s_it.o [1]
TIM1_UPD_OVF_TRG_BRK_IRQHandler
                          0x009d4f    0x2  Code  Gb  stm8s_it.o [1]
TIM2_ARRH {Abs}         0x0000530f    0x1  Data  Wk  user.o [1]
TIM2_ARRL {Abs}         0x00005310    0x1  Data  Wk  user.o [1]
TIM2_CAP_COM_IRQHandler
                          0x009d53    0x2  Code  Gb  stm8s_it.o [1]
TIM2_CNTRH {Abs}        0x0000530c    0x1  Data  Wk  user.o [1]
TIM2_CNTRL {Abs}        0x0000530d    0x1  Data  Wk  user.o [1]
TIM2_UPD_OVF_BRK_IRQHandler
                          0x008ea2  0x1ae  Code  Gb  stm8s_it.o [1]
TIM4_ARR {Abs}          0x00005348    0x1  Data  Wk  user.o [1]
TIM4_CNTR {Abs}         0x00005346    0x1  Data  Wk  user.o [1]
TIM4_UPD_OVF_IRQHandler
                          0x009bd2    0xe  Code  Gb  stm8s_it.o [1]
TLI_IRQHandler            0x009d41    0x2  Code  Gb  stm8s_it.o [1]
TRAP_IRQHandler           0x009d3f    0x2  Code  Gb  stm8s_it.o [1]
TempCheck                 0x0089ed   0x96  Code  Gb  user.o [1]
Temp_Protect_Delay_t      0x0000b0    0x2  Data  Gb  data_def.o [1]
Temp_Val                  0x0000c2    0x2  Data  Gb  data_def.o [1]
Temp_Volt_Sample_Cnt      0x0000c8    0x2  Data  Gb  data_def.o [1]
Timer2Init                0x0099c4   0x29  Code  Gb  user.o [1]
Timer4_Disable            0x008080    0xd  Code  Gb  user.o [1]
Timer4_Init_ms            0x00808d   0x12  Code  Gb  user.o [1]
UART1_RX_IRQHandler       0x009d59    0x1  Code  Gb  stm8s_it.o [1]
UART1_TX_IRQHandler       0x009d55    0x2  Code  Gb  stm8s_it.o [1]
UV_TRIP_Last              0x000106    0x1  Data  Gb  data_def.o [1]
V_TS2_Val                 0x0000c4    0x2  Data  Gb  data_def.o [1]
Var_Init                  0x0091e6  0x10b  Code  Gb  user.o [1]
VoltCheck                 0x008843   0xeb  Code  Gb  user.o [1]
WorkMode                  0x00010c    0x1  Data  Gb  data_def.o [1]
__DebugBreak              0x009d5b    0x1  Code  Gb  __dbg_break.o [3]
__exit                    0x009b5b   0x14  Code  Gb  __dbg_xxexit.o [3]
__iar_copy_init2          0x0099ed         Code  Gb  init_small.o [4]
__iar_data_init2          0x009b04   0x17  Code  Gb  init.o [4]
__iar_program_start       0x009b6f         Code  Gb  cstartup.o [4]
__iar_unhandled_exception
                          0x009d3c         Code  Gb  unhandled_exception.o [4]
__iar_zero_init2          0x009a7e         Code  Gb  init_small.o [4]
__intvec                  0x008000         Data  Gb  interrupt.o [4]
__low_level_init          0x009d36    0x3  Code  Gb  low_level_init.o [4]
_exit                     0x009d26         Code  Gb  cexit.o [4]
_interrupt_1              0x009d3f         Code  Gb  stm8s_it.o [1]
_interrupt_10             0x009d33         Code  Wk  interrupt.o [4]
_interrupt_11             0x009d33         Code  Wk  interrupt.o [4]
_interrupt_12             0x009d4d         Code  Gb  stm8s_it.o [1]
_interrupt_13             0x009d4f         Code  Gb  stm8s_it.o [1]
_interrupt_14             0x009d51         Code  Gb  stm8s_it.o [1]
_interrupt_15             0x008ea2         Code  Gb  stm8s_it.o [1]
_interrupt_16             0x009d53         Code  Gb  stm8s_it.o [1]
_interrupt_17             0x009d33         Code  Wk  interrupt.o [4]
_interrupt_18             0x009d33         Code  Wk  interrupt.o [4]
_interrupt_19             0x009d55         Code  Gb  stm8s_it.o [1]
_interrupt_2              0x009d41         Code  Gb  stm8s_it.o [1]
_interrupt_20             0x009d59         Code  Gb  stm8s_it.o [1]
_interrupt_21             0x009cff         Code  Gb  stm8s_it.o [1]
_interrupt_22             0x009d33         Code  Wk  interrupt.o [4]
_interrupt_23             0x009d33         Code  Wk  interrupt.o [4]
_interrupt_24             0x009d57         Code  Gb  stm8s_it.o [1]
_interrupt_25             0x009bd2         Code  Gb  stm8s_it.o [1]
_interrupt_26             0x009d5a         Code  Gb  stm8s_it.o [1]
_interrupt_27             0x009d33         Code  Wk  interrupt.o [4]
_interrupt_28             0x009d33         Code  Wk  interrupt.o [4]
_interrupt_29             0x009d33         Code  Wk  interrupt.o [4]
_interrupt_3              0x009ca3         Code  Gb  stm8s_it.o [1]
_interrupt_30             0x009d33         Code  Wk  interrupt.o [4]
_interrupt_31             0x009d33         Code  Wk  interrupt.o [4]
_interrupt_4              0x009d43         Code  Gb  stm8s_it.o [1]
_interrupt_5              0x009d45         Code  Gb  stm8s_it.o [1]
_interrupt_6              0x009d47         Code  Gb  stm8s_it.o [1]
_interrupt_7              0x009d49         Code  Gb  stm8s_it.o [1]
_interrupt_8              0x009cab         Code  Gb  stm8s_it.o [1]
_interrupt_9              0x009d4b         Code  Gb  stm8s_it.o [1]
exit                      0x009d39    0x3  Code  Gb  exit.o [4]
main                      0x00952b   0x7a  Code  Gb  main.o [1]


[1] = D:\ProjectPath\STMPath\CH79_A0_C-version\CH79_A0\Debug\Obj
[2] = command line
[3] = dbgstm8smd.a
[4] = dlstm8smn.a

  7 370 bytes of readonly  code memory
    179 bytes of readonly  data memory
    538 bytes of readwrite data memory

Errors: none
Warnings: none
