###############################################################################
#                                                                             #
# IAR C/C++ Compiler V1.31.1.20058 [Evaluation] for STM831/Mar/2016  16:14:37 #
# Copyright 2010-2012 IAR Systems AB.                                         #
#                                                                             #
#    Source file  =  D:\ProjectPath\STMPath\CH79_A0_3nd_Changed\CH79_A0\sys\s #
#                    rc\stm8s_it.c                                            #
#    Command line =  D:\ProjectPath\STMPath\CH79_A0_3nd_Changed\CH79_A0\sys\s #
#                    rc\stm8s_it.c -e -Ohz --debug --code_model small         #
#                    --data_model medium -o D:\ProjectPath\STMPath\CH79_A0_3n #
#                    d_Changed\CH79_A0\Debug\Obj\ --dlib_config "C:\Program   #
#                    Files\IAR Systems\Embedded Workbench 6.0                 #
#                    Evaluation\stm8\LIB\dlstm8smn.h" -lcN                    #
#                    D:\ProjectPath\STMPath\CH79_A0_3nd_Changed\CH79_A0\Debug #
#                    \List\ -I D:\ProjectPath\STMPath\CH79_A0_3nd_Changed\CH7 #
#                    9_A0/user/\ -I D:\ProjectPath\STMPath\CH79_A0_3nd_Change #
#                    d\CH79_A0/user/src/\ -I D:\ProjectPath\STMPath\CH79_A0_3 #
#                    nd_Changed\CH79_A0/user/inc/\ -I                         #
#                    D:\ProjectPath\STMPath\CH79_A0_3nd_Changed\CH79_A0/addon #
#                    /\ -I D:\ProjectPath\STMPath\CH79_A0_3nd_Changed\CH79_A0 #
#                    /addon/src/\ -I D:\ProjectPath\STMPath\CH79_A0_3nd_Chang #
#                    ed\CH79_A0/addon/inc/\ -I D:\ProjectPath\STMPath\CH79_A0 #
#                    _3nd_Changed\CH79_A0/sys/\ -I                            #
#                    D:\ProjectPath\STMPath\CH79_A0_3nd_Changed\CH79_A0/sys/i #
#                    nc/\ -I D:\ProjectPath\STMPath\CH79_A0_3nd_Changed\CH79_ #
#                    A0/sys/src/\ -I D:\ProjectPath\STMPath\CH79_A0_3nd_Chang #
#                    ed\CH79_A0/lib/\ -I D:\ProjectPath\STMPath\CH79_A0_3nd_C #
#                    hanged\CH79_A0/lib/src/\ -I                              #
#                    D:\ProjectPath\STMPath\CH79_A0_3nd_Changed\CH79_A0/lib/i #
#                    nc/\ --vregs 16                                          #
#    List file    =  D:\ProjectPath\STMPath\CH79_A0_3nd_Changed\CH79_A0\Debug #
#                    \List\stm8s_it.lst                                       #
#    Object file  =  D:\ProjectPath\STMPath\CH79_A0_3nd_Changed\CH79_A0\Debug #
#                    \Obj\stm8s_it.o                                          #
#                                                                             #
#                                                                             #
###############################################################################

D:\ProjectPath\STMPath\CH79_A0_3nd_Changed\CH79_A0\sys\src\stm8s_it.c
      1          /**
      2            ******************************************************************************
      3            * @file stm8s_it.c
      4            * @author STMicroelectronics - MCD Application Team
      5            * @version V2.0.0
      6            * @date 15-March-2011
      7            * @brief Main Interrupt Service Routines.
      8            ******************************************************************************
      9            * @attention
     10            *
     11            * THE PRESENT FIRMWARE WHICH IS FOR GUIDANCE ONLY AIMS AT PROVIDING CUSTOMERS
     12            * WITH CODING INFORMATION REGARDING THEIR PRODUCTS IN ORDER FOR THEM TO SAVE
     13            * TIME. AS A RESULT, STMICROELECTRONICS SHALL NOT BE HELD LIABLE FOR ANY
     14            * DIRECT, INDIRECT OR CONSEQUENTIAL DAMAGES WITH RESPECT TO ANY CLAIMS ARISING
     15            * FROM THE CONTENT OF SUCH FIRMWARE AND/OR THE USE MADE BY CUSTOMERS OF THE
     16            * CODING INFORMATION CONTAINED HEREIN IN CONNECTION WITH THEIR PRODUCTS.
     17            *
     18            * <h2><center>&copy; COPYRIGHT 2011 STMicroelectronics</center></h2>
     19            ******************************************************************************
     20            */ 
     21          
     22          /* Includes ------------------------------------------------------------------
     23          */
     24          #include "stm8s_it.h"
     25          #include "stm8s_tim4.h"
     26          #include "sysctrl.h"
     27          //#include "uart.h"
     28          #include "iostm8s003f3.h" 
     29          #include "user.h"
     30          #include "macro_def.h"
     31          
     32          #define   DIS_GIE    asm("sim")
     33          #define   EN_GIE     asm("rim")
     34           
     35            
     36          /** @addtogroup TIM2_OC_ActiveMode
     37            * @{
     38            */
     39          #ifdef _COSMIC_
     40          /**
     41            * @brief  Dummy interrupt routine
     42            * @param  None
     43            * @retval None
     44            */
     45          INTERRUPT_HANDLER(NonHandledInterrupt, 25)
     46          {
     47            /* In order to detect unexpected events during development,
     48               it is recommended to set a breakpoint on the following instruction.
     49            */
     50            nop();
     51          }
     52          #endif /*_COSMIC_*/
     53          
     54          /**
     55            * @brief  TRAP interrupt routine
     56            * @param  None
     57            * @retval None
     58            */
     59          INTERRUPT_HANDLER_TRAP(TRAP_IRQHandler)
     60          {
     61            /* In order to detect unexpected events during development,
     62               it is recommended to set a breakpoint on the following instruction.
     63            */
     64            nop();
     65          }
     66          /**
     67            * @brief  Top Level Interrupt routine
     68            * @param  None
     69            * @retval None
     70            */
     71          INTERRUPT_HANDLER(TLI_IRQHandler, 0)
     72          {
     73            /* In order to detect unexpected events during development,
     74               it is recommended to set a breakpoint on the following instruction.
     75            */
     76            nop();
     77          }
     78          
     79          /**
     80            * @brief  Auto Wake Up Interrupt routine
     81            * @param  None
     82            * @retval None
     83            */
     84          INTERRUPT_HANDLER(AWU_IRQHandler, 1)
     85          {
     86            /* In order to detect unexpected events during development,
     87               it is recommended to set a breakpoint on the following instruction.
     88            */
     89             nop();
     90             AWU->CSR |= 0x00;
     91          }
     92          
     93          /**
     94            * @brief  Clock Controller Interrupt routine
     95            * @param  None
     96            * @retval None
     97            */
     98          INTERRUPT_HANDLER(CLK_IRQHandler, 2)
     99          {
    100            /* In order to detect unexpected events during development,
    101               it is recommended to set a breakpoint on the following instruction.
    102            */
    103            nop();
    104          }
    105          
    106          /**
    107            * @brief  External Interrupt PORTA Interrupt routine
    108            * @param  None
    109            * @retval None
    110            */
    111          INTERRUPT_HANDLER(EXTI_PORTA_IRQHandler, 3)
    112          {
    113            /* In order to detect unexpected events during development,
    114               it is recommended to set a breakpoint on the following instruction.
    115            */ 
    116              nop();
    117             
    118          }
    119          
    120          /**
    121            * @brief  External Interrupt PORTB Interrupt routine
    122            * @param  None
    123            * @retval None
    124            */
    125          INTERRUPT_HANDLER(EXTI_PORTB_IRQHandler, 4)
    126          {
    127            /* In order to detect unexpected events during development,
    128               it is recommended to set a breakpoint on the following instruction.
    129            */
    130            nop(); 
    131            //GPIO_Init(GPIOB, GPIO_PIN_5, GPIO_MODE_IN_PU_NO_IT);        //KEY1
    132          }
    133          ////////////////////////////////////////////////////////////////////////////////////////////////////////////
    134          /**
    135            * @brief  External Interrupt PORTC Interrupt routine
    136            * @param  None
    137            * @retval None
    138            */
    139          INTERRUPT_HANDLER(EXTI_PORTC_IRQHandler, 5)
    140          {
    141            /* In order to detect unexpected events during development,
    142               it is recommended to set a breakpoint on the following instruction.
    143            */
    144            nop();
    145            
    146          }
    147          
    148          /**
    149            * @brief  External Interrupt PORTD Interrupt routine
    150            * @param  None
    151            * @retval None
    152            */
    153          INTERRUPT_HANDLER(EXTI_PORTD_IRQHandler, 6)
    154          {
    155            /* In order to detect unexpected events during development,
    156               it is recommended to set a breakpoint on the following instruction.
    157            */
    158            nop();  
    159            /**/ 
    160            //LED1_ON();
    161            AWU->CSR |= 0x00;
    162            //LowPower_MCU_Entry_Flag = 0;
    163            //LowPower_Entry_Delay_t = 0;
    164          }
    165          
    166          /**
    167            * @brief  External Interrupt PORTE Interrupt routine
    168            * @param  None
    169            * @retval None
    170            */
    171          INTERRUPT_HANDLER(EXTI_PORTE_IRQHandler, 7)
    172          {
    173            /* In order to detect unexpected events during development,
    174               it is recommended to set a breakpoint on the following instruction.
    175            */
    176            nop();
    177          }
    178          #ifdef STM8S903
    179          /**
    180            * @brief  External Interrupt PORTF Interrupt routine
    181            * @param  None
    182            * @retval None
    183            */
    184           INTERRUPT_HANDLER(EXTI_PORTF_IRQHandler, 8)
    185          {
    186            /* In order to detect unexpected events during development,
    187               it is recommended to set a breakpoint on the following instruction.
    188            */
    189            nop();
    190          }
    191          #endif /*STM8S903*/
    192          
    193          #if defined (STM8S208) || defined (STM8AF52Ax)
    194          /**
    195            * @brief CAN RX Interrupt routine.
    196            * @param  None
    197            * @retval None
    198            */
    199           INTERRUPT_HANDLER(CAN_RX_IRQHandler, 8)
    200          {
    201            /* In order to detect unexpected events during development,
    202               it is recommended to set a breakpoint on the following instruction.
    203            */
    204          }
    205          
    206          /**
    207            * @brief  CAN TX Interrupt routine
    208            * @param  None
    209            * @retval None
    210            */
    211           INTERRUPT_HANDLER(CAN_TX_IRQHandler, 9)
    212          {
    213            /* In order to detect unexpected events during development,
    214               it is recommended to set a breakpoint on the following instruction.
    215            */
    216          }
    217          #endif /*STM8S208 || STM8AF52Ax */
    218          
    219          /**
    220            * @brief  SPI Interrupt routine
    221            * @param  None
    222            * @retval None
    223            */
    224          INTERRUPT_HANDLER(SPI_IRQHandler, 10)
    225          {
    226            /* In order to detect unexpected events during development,
    227               it is recommended to set a breakpoint on the following instruction.
    228            */
    229            nop();
    230          }
    231          
    232          /**
    233            * @brief  Timer1 Update/Overflow/Trigger/Break Interrupt routine
    234            * @param  None
    235            * @retval None
    236            */
    237          INTERRUPT_HANDLER(TIM1_UPD_OVF_TRG_BRK_IRQHandler, 11)
    238          {
    239            /* In order to detect unexpected events during development,
    240               it is recommended to set a breakpoint on the following instruction.
    241            */
    242            
    243          //FOR DEBUG  
    244          //1MS INTERRUPT FOR USER CODE 
    245            //TIM1_ClearFlag(TIM1_FLAG_UPDATE);  
    246            //TimerCnt();  
    247          //FOR DEBUG  
    248            nop();
    249          
    250            
    251          }
    252          
    253          /**
    254            * @brief  Timer1 Capture/Compare Interrupt routine
    255            * @param  None
    256            * @retval None
    257            */
    258          INTERRUPT_HANDLER(TIM1_CAP_COM_IRQHandler, 12)
    259          {
    260            /* In order to detect unexpected events during development,
    261               it is recommended to set a breakpoint on the following instruction.
    262            */
    263            nop();
    264          }
    265          
    266          #ifdef STM8S903
    267          /**
    268            * @brief  Timer5 Update/Overflow/Break/Trigger Interrupt routine
    269            * @param  None
    270            * @retval None
    271            */
    272           INTERRUPT_HANDLER(TIM5_UPD_OVF_BRK_TRG_IRQHandler, 13)
    273          {
    274            /* In order to detect unexpected events during development,
    275               it is recommended to set a breakpoint on the following instruction.
    276            */
    277            nop();
    278          }
    279          /**
    280            * @brief  Timer5 Capture/Compare Interrupt routine
    281            * @param  None
    282            * @retval None
    283            */
    284          
    285           INTERRUPT_HANDLER(TIM5_CAP_COM_IRQHandler, 14)
    286          {
    287            /* In order to detect unexpected events during development,
    288               it is recommended to set a breakpoint on the following instruction.
    289            */
    290            nop();
    291          }
    292          
    293          #else /*STM8S208, STM8S207, STM8S105 or STM8S103 or STM8AF62Ax or STM8AF52Ax or STM8AF626x */
    294          /**
    295            * @brief  Timer2 Update/Overflow/Break Interrupt routine
    296            * @param  None
    297            * @retval None
    298            */
    299           INTERRUPT_HANDLER(TIM2_UPD_OVF_BRK_IRQHandler, 13)
    300          {
    301            /* In order to detect unexpected events during development,
    302               it is recommended to set a breakpoint on the following instruction.
    303            */ 
    304            static uint8_t cntr100ms = 0; 
    305            static uint16_t Init_Soc_Flag_Delay = 0; 
    306            nop();
    307            TIM2_SR1 &= ~0x01;
    308            if(ChgExchangeMode_Cnt < 255)
    309            {
    310              ChgExchangeMode_Cnt += 1;
    311            }
    312            if(DisExchangeMode_Cnt < 255)
    313            {
    314              DisExchangeMode_Cnt += 1;
    315            }
    316            if(IdleExchangeMode_Cnt < 255)
    317            {
    318              IdleExchangeMode_Cnt += 1;
    319            }
    320            //===================================SOC
    321            if(Init_Soc_Flag == 0)
    322            {
    323              if((Init_Soc_Flag_Delay++) >= 200)
    324              {
    325                Init_Soc_Flag = 1;
    326                Init_Soc_Flag_Delay = 0;
    327              }
    328            }
    329            //if(Init_Soc_Flag ==1)
    330            {
    331              SOCAhIntergrate(); 
    332              if((cntr100ms++) >= 10)
    333              {
    334                cntr100ms = 0; 
    335                if(Init_Soc_Flag == 1)
    336                {
    337                  SOCCalculate(); // 100ms tick
    338                }
    339              }
    340            } 
    341            //======================================== 
    342            if(WorkMode != IDLE_MODE)
    343            {
    344              if(LedFlash_t < MAX_UINT16_T_NUM)
    345              {
    346                LedFlash_t += 1;
    347              } 
    348            }
    349            else
    350            {
    351              LedFlash_t = 0;
    352            }
    353            //=======================================
    354            if(Temp_Volt_Sample_Cnt < MAX_UINT16_T_NUM)
    355            {  
    356              Temp_Volt_Sample_Cnt += 1;
    357            }
    358            if(Cell_Volt_Sample_Cnt < MAX_UINT16_T_NUM)
    359            {  
    360              Cell_Volt_Sample_Cnt += 1;
    361            }
    362            if(CC_Volt_Sample_Cnt < MAX_UINT16_T_NUM)
    363            {  
    364              CC_Volt_Sample_Cnt += 1;
    365            }
    366            //=======================================
    367            if(WorkMode == CHARGE_MODE)
    368            {
    369              if(Cell_Balance_Delay_t < MAX_UINT16_T_NUM)
    370              {
    371                Cell_Balance_Delay_t += 1;
    372              }
    373              if(ChgOv_t < MAX_UINT16_T_NUM)
    374              {
    375                ChgOv_t += 1;
    376              }
    377              if(ChgCurOv_t < MAX_UINT16_T_NUM)
    378              {
    379                ChgCurOv_t += 1;
    380              }
    381              if(Bits_flag.Bit.ChgCurOv )
    382              {
    383                if(ChgCurOv_Re_t < MAX_UINT16_T_NUM)
    384                {
    385                  ChgCurOv_Re_t += 1;
    386                }
    387              }
    388              else
    389              {
    390                ChgCurOv_Re_t = 0;
    391              }
    392            }
    393            else
    394            {
    395              //=======================================
    396              if(DisOv_t < MAX_UINT16_T_NUM)
    397              {
    398                DisOv_t += 1;
    399              }
    400              //=======================================
    401              /*
    402              if(Bits_flag.Bit.DisOv)
    403              {
    404                if( PowerOff_Delay_t < MAX_UINT16_T_NUM)
    405                {
    406                  PowerOff_Delay_t += 1;
    407                }
    408              }
    409              else
    410              {
    411                PowerOff_Delay_t = 0;
    412              } 
    413              */ 
    414              //=======================================
    415              if(WorkMode == DISCHARGE_MODE)
    416              { 
    417                if(Dis_First_Run_Flag == 0)
    418                {
    419                  if(Dis_First_Run_t < 200)
    420                  {
    421                    Dis_First_Run_t += 1;
    422                  }
    423                }
    424                else
    425                {
    426                  Dis_First_Run_t = 0;
    427                }
    428                //=======================================
    429                if(Bits_flag.Bit.DisCurShort)
    430                {
    431                  if( DisCurShort_Re_t < MAX_UINT16_T_NUM)
    432                  {
    433                    DisCurShort_Re_t += 1;
    434                  }
    435                }
    436                else
    437                {
    438                  DisCurShort_Re_t = 0;
    439                }
    440                //=======================================
    441                if(DisCurOv_t < MAX_UINT16_T_NUM)
    442                {
    443                  DisCurOv_t += 1;
    444                }
    445                //=======================================
    446                if(DisCurOv_t1 < MAX_UINT16_T_NUM)
    447                {
    448                  DisCurOv_t1 += 1;
    449                }
    450                //=======================================
    451                if(DisCurOv_t2 < MAX_UINT16_T_NUM)
    452                {
    453                  DisCurOv_t2 += 1;
    454                }
    455                //=======================================
    456                
    457                if(Bits_flag.Bit.DisCurOv)
    458                {
    459                  if( DisCurOv_Re_t < MAX_UINT16_T_NUM)
    460                  {
    461                    DisCurOv_Re_t += 1;
    462                  }
    463                }
    464                else
    465                {
    466                  DisCurOv_Re_t = 0;
    467                }
    468              } 
    469            }
    470            //=======================================
    471            if(Bits_flag.Bit.AfeErr)
    472            {
    473              if(DEVICE_XREADY_Re_t < MAX_UINT16_T_NUM)
    474              {
    475                DEVICE_XREADY_Re_t += 1;
    476              }
    477              if(AfeErr_t < MAX_UINT16_T_NUM)
    478              {
    479                AfeErr_t += 1;
    480              }
    481            }
    482            else
    483            {
    484              DEVICE_XREADY_Re_t = 0; 
    485            }
    486            //=======================================
    487            if(WorkMode ==IDLE_MODE)
    488            {
    489              if(LowPower_Entry_Delay_t < MAX_UINT16_T_NUM)
    490              {
    491                LowPower_Entry_Delay_t += 1;
    492              }
    493              if(PowerOff_Delay_t < MAX_UINT16_T_NUM)
    494              {
    495                PowerOff_Delay_t += 1;
    496              }
    497              if(LedFlash_Off_t < MAX_UINT16_T_NUM)
    498              {
    499                LedFlash_Off_t += 1;
    500              }
    501              
    502            } 
    503          }
    504          
    505          /**
    506            * @brief  Timer2 Capture/Compare Interrupt routine
    507            * @param  None
    508            * @retval None
    509            */
    510           INTERRUPT_HANDLER(TIM2_CAP_COM_IRQHandler, 14)
    511          {
    512            /* In order to detect unexpected events during development,
    513               it is recommended to set a breakpoint on the following instruction.
    514            */
    515            nop();
    516          }
    517          #endif /*STM8S903*/
    518          
    519          #if defined (STM8S208) || defined(STM8S207) || defined(STM8S105) || defined (STM8AF62Ax) ||\
    520              defined (STM8AF52Ax) || defined (STM8AF626x)
    521          /**
    522            * @brief Timer3 Update/Overflow/Break Interrupt routine.
    523            * @param  None
    524            * @retval None
    525            */
    526           INTERRUPT_HANDLER(TIM3_UPD_OVF_BRK_IRQHandler, 15)
    527          {
    528            /* In order to detect unexpected events during development,
    529               it is recommended to set a breakpoint on the following instruction.
    530            */
    531            nop();
    532          }
    533          
    534          /**
    535            * @brief  Timer3 Capture/Compare Interrupt routine
    536            * @param  None
    537            * @retval None
    538            */
    539           INTERRUPT_HANDLER(TIM3_CAP_COM_IRQHandler, 16)
    540          {
    541            /* In order to detect unexpected events during development,
    542               it is recommended to set a breakpoint on the following instruction.
    543            */
    544            nop();
    545          }
    546          #endif /*STM8S208, STM8S207 or STM8S105 or STM8AF62Ax or STM8AF52Ax or STM8AF626x */
    547          
    548          #if defined (STM8S208) || defined(STM8S207) || defined(STM8S103) || defined (STM8AF62Ax) ||\
    549              defined (STM8AF52Ax) || defined (STM8S903)
    550          /**
    551            * @brief  UART1 TX Interrupt routine
    552            * @param  None
    553            * @retval None
    554            */
    555           INTERRUPT_HANDLER(UART1_TX_IRQHandler, 17)
    556          {
    557            /* In order to detect unexpected events during development,
    558               it is recommended to set a breakpoint on the following instruction.
    559            */
    560            nop();
    561            //UART1_ClearFlag(UART1_FLAG_RXNE); 
    562            //if(*str!=0)
    563            //UART1_SendData8(*srt);
    564            //srt++;
    565          
    566            
    567          }
    568          
    569          /**
    570            * @brief  UART1 RX Interrupt routine
    571            * @param  None
    572            * @retval None
    573            */
    574           INTERRUPT_HANDLER(UART1_RX_IRQHandler, 18)
    575          {
    576            /* In order to detect unexpected events during development,
    577               it is recommended to set a breakpoint on the following instruction.
    578            */
    579            
    580            //UART1_ClearFlag(UART1_FLAG_RXNE); 
    581            //Uart1DataReceived();
    582            //UART1_SR &=0xD7;
    583            //UART_Revc = UART1_DR; 
    584          }
    585          #endif /*STM8S105*/
    586          
    587          /**
    588            * @brief  I2C Interrupt routine
    589            * @param  None
    590            * @retval None
    591            */
    592          INTERRUPT_HANDLER(I2C_IRQHandler, 19)
    593          {
    594            /* In order to detect unexpected events during development,
    595               it is recommended to set a breakpoint on the following instruction.
    596            */
    597            nop();
    598            I2C->SR1 = 0; 
    599          }
    600          
    601          #if defined (STM8S105) || defined (STM8AF626x)
    602          /**
    603            * @brief  UART2 TX interrupt routine.
    604            * @param  None
    605            * @retval None
    606            */
    607           INTERRUPT_HANDLER(UART2_TX_IRQHandler, 20)
    608          {
    609              /* In order to detect unexpected events during development,
    610                 it is recommended to set a breakpoint on the following instruction.
    611              */
    612            nop();
    613            }
    614          
    615          /**
    616            * @brief  UART2 RX interrupt routine.
    617            * @param  None
    618            * @retval None
    619            */
    620           INTERRUPT_HANDLER(UART2_RX_IRQHandler, 21)
    621          {
    622              /* In order to detect unexpected events during development,
    623                 it is recommended to set a breakpoint on the following instruction.
    624              */
    625            nop();
    626            }
    627          #endif /* STM8S105*/
    628          
    629          #if defined(STM8S207) || defined(STM8S208) || defined (STM8AF52Ax) || defined (STM8AF62Ax)
    630          /**
    631            * @brief  UART3 TX interrupt routine.
    632            * @param  None
    633            * @retval None
    634            */
    635           INTERRUPT_HANDLER(UART3_TX_IRQHandler, 20)
    636          {
    637              /* In order to detect unexpected events during development,
    638                 it is recommended to set a breakpoint on the following instruction.
    639              */
    640            nop();
    641            }
    642          
    643          /**
    644            * @brief  UART3 RX interrupt routine.
    645            * @param  None
    646            * @retval None
    647            */
    648           INTERRUPT_HANDLER(UART3_RX_IRQHandler, 21)
    649          {
    650              /* In order to detect unexpected events during development,
    651                 it is recommended to set a breakpoint on the following instruction.
    652              */
    653            nop();
    654            }
    655          #endif /*STM8S208 or STM8S207 or STM8AF52Ax or STM8AF62Ax */
    656          
    657          #if defined(STM8S207) || defined(STM8S208) || defined (STM8AF52Ax) || defined (STM8AF62Ax)
    658          /**
    659            * @brief  ADC2 interrupt routine.
    660            * @param  None
    661            * @retval None
    662            */
    663           INTERRUPT_HANDLER(ADC2_IRQHandler, 22)
    664          {
    665          
    666              /* In order to detect unexpected events during development,
    667                 it is recommended to set a breakpoint on the following instruction.
    668              */
    669            nop();
    670              return;
    671          
    672          }
    673          #else /*STM8S105, STM8S103 or STM8S903 or STM8AF626x */
    674          /**
    675            * @brief  ADC1 interrupt routine.
    676            * @param  None
    677            * @retval None
    678            */
    679           INTERRUPT_HANDLER(ADC1_IRQHandler, 22)
    680          {
    681          
    682              /* In order to detect unexpected events during development,
    683                 it is recommended to set a breakpoint on the following instruction.
    684              */
    685            nop();
    686              return;
    687          
    688          }
    689          #endif /*STM8S208 or STM8S207 or STM8AF52Ax or STM8AF62Ax */
    690          
    691          #ifdef STM8S903
    692          /**
    693            * @brief  Timer6 Update/Overflow/Trigger Interrupt routine
    694            * @param  None
    695            * @retval None
    696            */
    697          INTERRUPT_HANDLER(TIM6_UPD_OVF_TRG_IRQHandler, 23)
    698          {
    699            /* In order to detect unexpected events during development,
    700               it is recommended to set a breakpoint on the following instruction.
    701            */
    702          //200uS INTERRUPT FOR USER CODE 
    703           TIM6_ClearFlag(TIM6_FLAG_UPDATE);
    704          
    705            nop();
    706           //TIM6_SR1 = 0x00;
    707          //--------------------test only
    708          
    709           //GPIO_WriteReverse(GPIOD, GPIO_PIN_2 | GPIO_PIN_3 |GPIO_PIN_4 |GPIO_PIN_5);
    710          
    711            
    712              
    713            }  
    714          #else /*STM8S208, STM8S207, STM8S105 or STM8S103 or STM8AF62Ax or STM8AF52Ax or STM8AF626x */
    715          /**
    716            * @brief  Timer4 Update/Overflow Interrupt routine
    717            * @param  None
    718            * @retval None
    719            */
    720           INTERRUPT_HANDLER(TIM4_UPD_OVF_IRQHandler, 23)
    721          { 
    722            
    723             TIM4->SR1 &= ~0x01;
    724             //-------------------extern unsigned int DisLedW_t,DisLedW_tt; 
    725             if(Delay_time_t > 0)
    726             {
    727               Delay_time_t -= 1;
    728             }
    729             
    730             //==================================== 
    731          }
    732          #endif /*STM8S903*/
    733          
    734          /**
    735            * @brief  Eeprom EEC Interrupt routine
    736            * @param  None
    737            * @retval None
    738            */
    739          INTERRUPT_HANDLER(EEPROM_EEC_IRQHandler, 24)
    740          {
    741            /* In order to detect unexpected events during development,
    742               it is recommended to set a breakpoint on the following instruction.
    743            */
    744          }
    745          
    746          /**
    747            * @}
    748            */
    749          
    750          /******************* (C) COPYRIGHT 2011 STMicroelectronics *****END OF FILE****/

   Section sizes:

     Function/Label                 Bytes
     --------------                 -----
     _A_TIM2_SR1                       1
     TRAP_IRQHandler                   2
     TLI_IRQHandler                    2
     AWU_IRQHandler                    8
     CLK_IRQHandler                    2
     EXTI_PORTA_IRQHandler             2
     EXTI_PORTB_IRQHandler             2
     EXTI_PORTC_IRQHandler             2
     EXTI_PORTD_IRQHandler             8
     EXTI_PORTE_IRQHandler             2
     SPI_IRQHandler                    2
     TIM1_UPD_OVF_TRG_BRK_IRQHandler
                                       2
     TIM1_CAP_COM_IRQHandler           2
     TIM2_UPD_OVF_BRK_IRQHandler     425
     cntr100ms                         1
     Init_Soc_Flag_Delay               2
     TIM2_CAP_COM_IRQHandler           2
     UART1_TX_IRQHandler               2
     UART1_RX_IRQHandler               1
     I2C_IRQHandler                    6
     ADC1_IRQHandler                   2
     TIM4_UPD_OVF_IRQHandler          14
     EEPROM_EEC_IRQHandler             1

 
   3 bytes in section .near.bss
   1 byte  in section .near.noinit
 489 bytes in section .near_func.text
 
 489 bytes of CODE memory
   3 bytes of DATA memory (+ 1 byte shared)

Errors: none
Warnings: none
