###############################################################################
#                                                                             #
# IAR C/C++ Compiler V1.31.1.20058 [Evaluation] for STM830/Mar/2016  14:30:34 #
# Copyright 2010-2012 IAR Systems AB.                                         #
#                                                                             #
#    Source file  =  D:\ProjectPath\GitPath\CH79_A0\sys\src\user.c            #
#    Command line =  D:\ProjectPath\GitPath\CH79_A0\sys\src\user.c -e -Ohz    #
#                    --debug --code_model small --data_model medium -o        #
#                    D:\ProjectPath\GitPath\CH79_A0\Debug\Obj\ --dlib_config  #
#                    "C:\Program Files\IAR Systems\Embedded Workbench 6.0     #
#                    Evaluation\stm8\LIB\dlstm8smn.h" -lcN                    #
#                    D:\ProjectPath\GitPath\CH79_A0\Debug\List\ -I            #
#                    D:\ProjectPath\GitPath\CH79_A0/user/\ -I                 #
#                    D:\ProjectPath\GitPath\CH79_A0/user/src/\ -I             #
#                    D:\ProjectPath\GitPath\CH79_A0/user/inc/\ -I             #
#                    D:\ProjectPath\GitPath\CH79_A0/addon/\ -I                #
#                    D:\ProjectPath\GitPath\CH79_A0/addon/src/\ -I            #
#                    D:\ProjectPath\GitPath\CH79_A0/addon/inc/\ -I            #
#                    D:\ProjectPath\GitPath\CH79_A0/sys/\ -I                  #
#                    D:\ProjectPath\GitPath\CH79_A0/sys/inc/\ -I              #
#                    D:\ProjectPath\GitPath\CH79_A0/sys/src/\ -I              #
#                    D:\ProjectPath\GitPath\CH79_A0/lib/\ -I                  #
#                    D:\ProjectPath\GitPath\CH79_A0/lib/src/\ -I              #
#                    D:\ProjectPath\GitPath\CH79_A0/lib/inc/\ --vregs 16      #
#    List file    =  D:\ProjectPath\GitPath\CH79_A0\Debug\List\user.lst       #
#    Object file  =  D:\ProjectPath\GitPath\CH79_A0\Debug\Obj\user.o          #
#                                                                             #
#                                                                             #
###############################################################################

D:\ProjectPath\GitPath\CH79_A0\sys\src\user.c
      1          
      2          #include "stm8s.h" 
      3          #include "user.h"
      4          #include "macro_def.h"
      5          #include "iostm8s003f3.h"
      6          #include "bq769x0.h"
      7          #include "string.h"
      8          //==================================================================
      9          //==================================================================
     10          //==================================================================
     11          #if 1
     12          void PWM2_Init(void)
     13          { 
     14              CLK_PCKENR1 |= 0xA0; 
     15              TIM2_CR1 =0;              //关闭TIM2
     16              TIM2_IER = 0; 
     17              TIM2_PSCR = 0;  
     18              TIM2_ARRH = 0x07;
     19              TIM2_ARRL = 0xCF;         //16M/(1999+1)=8KHz   //2MHz/(1999+1) = 1KHz 
     20              TIM2_CR1 |= 0x80;         //使能ARP,边沿对齐，向上计数
     21              TIM2_EGR |= 0x01;         //更新TIM1，使PSC有效
     22              TIM2_EGR |= 0x20;         //重新初始化TIM1 
     23              TIM2_CCR1H =0;           
     24              TIM2_CCR1L =0; 
     25              TIM2_CCMR1 =0X68;         //配置TIM2_CH1为PWM1模式输出 
     26              TIM2_CCER1 =0x01;         //Enable TIM2_CH1 channel 
     27              TIM2_CR1 |= 0x01;         //使能TIM2 
     28          }
     29          //==================================================================
     30          //==================================================================
     31          void PWM1_Init(void)
     32          {
     33              CLK_PCKENR1 |= 0x80;
     34              TIM1_CR1 &= ~0x01;      //关闭TIM1 
     35              TIM1_PSCRH = 0;
     36              TIM1_PSCRL = 0;         //不分频2MHz 
     37              TIM1_ARRH = 0x07;
     38              TIM1_ARRL = 0xCF;      //2MHz/(1999+1) = 1KHz 
     39              TIM1_CR1 |= 0x80;      //使能ARP,边沿对齐，向上计数
     40              TIM1_EGR |= 0x01;      //更新TIM1，使PSC有效
     41              TIM1_EGR |= 0x20;      //重新初始化TIM1 
     42              
     43              TIM1_CCR1H = 0;
     44              TIM1_CCR1L = 0; 
     45              TIM1_CCMR1 = 0x68;       //配置TIM1_CH1为PWM1模式输出
     46              TIM1_CCER1 |= 0x01;      //Enable TIM1_CH1 channel
     47              
     48              TIM1_CCR2H = 0;
     49              TIM1_CCR2L = 0;
     50              TIM1_CCMR2 = 0x68;       //配置TIM1_CH2为PWM1模式输出
     51              TIM1_CCER1 |= 0x10;      //Enable TIM1_CH2 channel
     52              
     53              //TIM1_CCR3H = 0x07;
     54              //TIM1_CCR3L = 0xE6;       //占空比50% 
     55              //TIM1_CCMR3 = 0x68;       //配置TIM1_CH3为PWM1模式输出
     56              //TIM1_CCER2 |= 0x01;      //使能TIM1_CH3通道
     57              
     58              //TIM1_CCR4H = 0x03;
     59              //TIM1_CCR4L = 0xE6;       //占空比50%
     60              //TIM1_CCMR4 = 0x68;       //配置TIM1_CH4为PWM1模式输出 
     61              //TIM1_CCER2 |= 0x10;      //Enable TIM1_CH4 channel 
     62              
     63              TIM1_BKR |= 0x80;          //
     64              TIM1_CR1 |= 0x01;          //使能TIM1 
     65          }
     66          //==================================================================
     67          //==================================================================
     68          uint16_t ADC(int channel)
     69          {
     70              unsigned int value =0;
     71              unsigned char tempH,tempL; 
     72              //CLK_PCKENR2 |=0x08; 
     73              ADC_CSR = channel;                // 清除EOC转换结束标志, select channel
     74              nop();  nop(); nop(); nop(); 
     75              ADC_CR1 |= 0x01;                  // 开始单次转换 
     76              nop(); nop(); nop(); nop(); nop();
     77              nop(); nop(); nop(); nop(); nop();
     78              ADC_CR1 |= 0x01;                  // 开始单次转换
     79              nop(); nop(); nop(); nop();
     80              nop(); nop(); nop(); nop();
     81              while(!(ADC_CSR & 0x80))nop();    // 等待单次转换完成 
     82              tempL = ADC_DRL;                  //先 读低8位
     83              tempH = ADC_DRH;                  // 再读高8位，设置数据左对齐
     84              value=(tempH<<8)|tempL;
     85              ADC_CSR &= ~(0x80);               // 清除EOC转换结束标志  
     86              ADC_CR1 &= ~(0x01); 
     87              return(value);  
     88          }
     89          //==================================================================
     90          //==================================================================
     91          uint16_t ADConverse(unsigned char channel)
     92          { 
     93              unsigned int value=0;
     94              unsigned int max_value =0;
     95              unsigned int min_value =0xEFFF;
     96              unsigned char i;  
     97              CLK_PCKENR2 |=0x08;  
     98              for(i =0;i <100;i++)
     99              {
    100                nop();nop();
    101              }
    102              for(i=0;i<18;i++)
    103              {
    104                Adc_value[i] = ADC(channel); 
    105              }
    106              for(i =0;i<18;i++)
    107              {
    108                value +=Adc_value[i];
    109                if(max_value <Adc_value[i])
    110                  max_value =Adc_value[i];
    111                 
    112                if(min_value >Adc_value[i])
    113                  min_value =Adc_value[i];
    114              }
    115              value =value -max_value -min_value;
    116              value >>= 4; 
    117              CLK_PCKENR2 &=~(0x08); 
    118              return value; 
    119          }
    120          //================================================================================
    121          //==================================================================
    122          void SysInit(void)
    123          { 
    124              //-------system clock                                           
    125              CLK_ECKR &= ~0x01;  // external RC Disable                                              
    126              CLK_ICKR = 0x01;    // internal RC enable
    127              while(!(CLK_ICKR & 0x02)); 
    128              CLK_SWCR = 0;       // 禁止时钟切换及相关中断
    129              CLK_CKDIVR = 0x02;  // 主频为Fmaster为Fhsi：16MHz, Fcpu为4MHz  0.25us
    130              //CLK_PCKENR1 = 0;    // 禁止Fmaster 与外设连接
    131              //CLK_PCKENR2 = 0;
    132              /*
    133              //------------------A/D conversion 
    134              CLK_PCKENR2 |= 0x08;           //使能Fmaster与外设ADC模块连接 
    135              ADC_CR1 = 0x00;               // ADC时钟=主时钟/2=8MHZ,单次转换模式Tad =1/8,未使能ADC
    136              ADC_CR2 = 0x08;               // A/D 结果数据右对齐
    137              ADC_CSR = 0x00;               // 清转换结束标志位EOC，
    138              ADC_CR3 = 0x00;
    139              ADC_TDRH = 0xFF;              //禁止施密特触发功能
    140              ADC_TDRL = 0x00; 
    141              nop(); nop();
    142              //ADC_TDRL = 0x14;              // AIN2、AIN4 0b00010100 
    143              CLK_PCKENR2 &=~(0x08);
    144              */
    145          }
    146          //==================================================================
    147          //==================================================================
    148          //---------------WatchDog  LSI 128KHz/2 = 64KHz
    149          /*
    150              预分频系数    PR[2:0]   最短超时(RL[7:0]=0x00)    最长超时(RL[7:0]=0xFF)
    151              /4            0         62.5 μs                  15.90 ms     
    152              /8            1         125 μs                   31.90 ms     
    153              /16           2         250 μs                   63.70 ms     
    154              /32           3         500 μs                   127 ms     
    155              /64           4         1.00 ms                   255 ms     
    156              /128          5         2.00 ms                   510 ms     
    157              /256          6         4.00 ms                   1.02 s     
    158          */
    159          /*  */
    160          void ClrWdt(void)
    161          {
    162              IWDG_KR = 0x55;   //解除保护
    163              IWDG_RLR = 0xFF;  //刷新内容
    164              IWDG_PR = 6; 
    165              IWDG_KR = 0xAA;   //刷新及恢复保护
    166              IWDG_KR = 0xCC;   //独立看门狗启动
    167          } 
    168          
    169          //==================================================================
    170          //==================================================================
    171          void PortInit(void)
    172          { 
    173            GPIO_Init(GPIOA, GPIO_PIN_3, GPIO_MODE_IN_PU_NO_IT);        // LOAD_DETECT
    174            GPIO_Init(GPIOA, GPIO_PIN_2, GPIO_MODE_IN_FL_NO_IT);    // undifine
    175            GPIO_Init(GPIOA, GPIO_PIN_1, GPIO_MODE_OUT_PP_HIGH_FAST);    // undifine
    176            
    177            //GPIO_Init(GPIOB, GPIO_PIN_5, GPIO_MODE_OUT_PP_LOW_FAST);           
    178            //GPIO_Init(GPIOB, GPIO_PIN_4, GPIO_MODE_OUT_PP_LOW_FAST);       
    179           
    180            GPIO_Init(GPIOC, GPIO_PIN_7, GPIO_MODE_OUT_PP_LOW_FAST);//GPIO_MODE_IN_FL_NO_IT);//GPIO_MODE_IN_PU_NO_IT);        //ALERT 
    181            GPIO_Init(GPIOC, GPIO_PIN_6, GPIO_MODE_OUT_PP_LOW_FAST);    //LOAD_DETECT_CTRL
    182            GPIO_Init(GPIOC, GPIO_PIN_5, GPIO_MODE_OUT_PP_LOW_FAST);    //LED1
    183            GPIO_Init(GPIOC, GPIO_PIN_4, GPIO_MODE_OUT_PP_LOW_FAST);    //LED2
    184            GPIO_Init(GPIOC, GPIO_PIN_3, GPIO_MODE_OUT_PP_LOW_FAST);    //LED3 
    185             
    186            GPIO_Init(GPIOD, GPIO_PIN_6, GPIO_MODE_IN_PU_IT);          
    187            GPIO_Init(GPIOD, GPIO_PIN_5, GPIO_MODE_OUT_PP_HIGH_FAST);          
    188            GPIO_Init(GPIOD, GPIO_PIN_4, GPIO_MODE_IN_FL_NO_IT);//GPIO_MODE_OUT_PP_LOW_FAST);    //Wakeup_Afe
    189            GPIO_Init(GPIOD, GPIO_PIN_3, GPIO_MODE_IN_FL_IT);//GPIO_MODE_IN_FL_NO_IT);//GPIO_MODE_IN_PU_NO_IT);//        //Signal_in
    190            GPIO_Init(GPIOD, GPIO_PIN_2, GPIO_MODE_IN_FL_IT);//GPIO_MODE_IN_FL_NO_IT);//GPIO_MODE_IN_PU_NO_IT);          //CHG_DETECT
    191          #if 0
    192            CPU_CFG_GCR |=0x01;                                         //SWIN模式被禁用，SWIM引脚可被用作普通I/O口
    193            GPIO_Init(GPIOD, GPIO_PIN_1, GPIO_MODE_OUT_PP_HIGH_FAST);   //MUC_DO3
    194          #else
    195            GPIO_Init(GPIOD, GPIO_PIN_1, GPIO_MODE_IN_PU_NO_IT);        //SWIN 
    196          #endif
    197            //EXTI_CR1 |=0x40;//上升沿触发//0x80;//下降沿触发
    198            EXTI_SetExtIntSensitivity(EXTI_PORT_GPIOD, EXTI_SENSITIVITY_FALL_ONLY);//Signal_In下降沿触发
    199          /*
    200          	GPIO_MODE_IN_FL_NO_IT 无中断功能的浮动输入。  //ADC input
    201          	
    202          	GPIO_MODE_IN_PU_NO_IT 无中断功能的上拉输入。  //normal digit input
    203          	
    204          	GPIO_MODE_IN_FL_IT 带中断功能的浮动输入。  
    205          	
    206          	GPIO_MODE_IN_PU_IT 带中断功能的上拉输入。	
    207          	
    208          	GPIO_MODE_OUT_OD_LOW_FAST 高速开漏低电平输出，可工作到10MHz。  
    209          	
    210          	GPIO_MODE_OUT_PP_LOW_FAST 高速推挽低电平输出，可工作到10MHz。  
    211          	
    212          	GPIO_MODE_OUT_OD_LOW_SLOW 低速开漏低电平输出，可工作到2MHz。	//undefined port
    213          	
    214          	GPIO_MODE_OUT_PP_LOW_SLOW 低速推挽低电平输出，可工作到2MHz。	
    215          	
    216          	GPIO_MODE_OUT_OD_HIZ_FAST 高速开漏高阻态输出，可工作到10MHz。  
    217          	
    218          	GPIO_MODE_OUT_PP_HIGH_FAST 高速推挽高电平输出，可工作到10MHz。  
    219          	
    220          	GPIO_MODE_OUT_OD_HIZ_SLOW 低速开漏高阻态输出，可工作到2MHz。	
    221          	
    222          	GPIO_MODE_OUT_PP_HIGH_SLOW 低速推挽高电平输出，可工作到2MHz。
    223          */
    224          }
    225          //==================================================================
    226          void PortInit_Backup(void)
    227          { 
    228            GPIO_Init(GPIOA, GPIO_PIN_3, GPIO_MODE_IN_PU_NO_IT);        // LOAD_DETECT
    229            GPIO_Init(GPIOA, GPIO_PIN_2, GPIO_MODE_OUT_PP_LOW_FAST);    // undifine
    230            GPIO_Init(GPIOA, GPIO_PIN_1, GPIO_MODE_OUT_PP_LOW_FAST);    // undifine
    231            
    232            //GPIO_Init(GPIOB, GPIO_PIN_5, GPIO_MODE_IN_PU_NO_IT);           
    233            //GPIO_Init(GPIOB, GPIO_PIN_4, GPIO_MODE_OUT_OD_HIZ_FAST);       
    234           
    235            GPIO_Init(GPIOC, GPIO_PIN_7, GPIO_MODE_OUT_PP_LOW_FAST);//GPIO_MODE_IN_FL_NO_IT);//GPIO_MODE_IN_PU_NO_IT);        //ALERT 
    236            GPIO_Init(GPIOC, GPIO_PIN_6, GPIO_MODE_OUT_PP_LOW_FAST);    //undifine
    237            GPIO_Init(GPIOC, GPIO_PIN_5, GPIO_MODE_OUT_PP_LOW_FAST);    //LED1
    238            GPIO_Init(GPIOC, GPIO_PIN_4, GPIO_MODE_OUT_PP_LOW_FAST);    //LED2
    239            GPIO_Init(GPIOC, GPIO_PIN_3, GPIO_MODE_OUT_PP_LOW_FAST);    //LED3 
    240             
    241            GPIO_Init(GPIOD, GPIO_PIN_6, GPIO_MODE_IN_PU_IT);          
    242            GPIO_Init(GPIOD, GPIO_PIN_5, GPIO_MODE_OUT_PP_HIGH_FAST);          
    243            GPIO_Init(GPIOD, GPIO_PIN_4, GPIO_MODE_OUT_PP_LOW_FAST);    //Wakeup_Afe
    244            GPIO_Init(GPIOD, GPIO_PIN_3, GPIO_MODE_IN_FL_NO_IT);//GPIO_MODE_IN_PU_NO_IT);        //Signal_in
    245            GPIO_Init(GPIOD, GPIO_PIN_2, GPIO_MODE_IN_FL_NO_IT);//GPIO_MODE_IN_PU_NO_IT);        //CHG_DETECT
    246          #if 0
    247            CPU_CFG_GCR |=0x01;                                         //SWIN模式被禁用，SWIM引脚可被用作普通I/O口
    248            GPIO_Init(GPIOD, GPIO_PIN_1, GPIO_MODE_OUT_PP_HIGH_FAST);   //MUC_DO3
    249          #else
    250            GPIO_Init(GPIOD, GPIO_PIN_1, GPIO_MODE_IN_PU_NO_IT);        //SWIN 
    251          #endif
    252            //EXTI_CR1 |=0x40;//上升沿触发//0x80;//下降沿触发
    253            EXTI_SetExtIntSensitivity(EXTI_PORT_GPIOD, EXTI_SENSITIVITY_FALL_ONLY);//Signal_In下降沿触发
    254          /*
    255          	GPIO_MODE_IN_FL_NO_IT 无中断功能的浮动输入。  //ADC input
    256          	
    257          	GPIO_MODE_IN_PU_NO_IT 无中断功能的上拉输入。  //normal digit input
    258          	
    259          	GPIO_MODE_IN_FL_IT 带中断功能的浮动输入。  
    260          	
    261          	GPIO_MODE_IN_PU_IT 带中断功能的上拉输入。	
    262          	
    263          	GPIO_MODE_OUT_OD_LOW_FAST 高速开漏低电平输出，可工作到10MHz。  
    264          	
    265          	GPIO_MODE_OUT_PP_LOW_FAST 高速推挽低电平输出，可工作到10MHz。  
    266          	
    267          	GPIO_MODE_OUT_OD_LOW_SLOW 低速开漏低电平输出，可工作到2MHz。	//undefined port
    268          	
    269          	GPIO_MODE_OUT_PP_LOW_SLOW 低速推挽低电平输出，可工作到2MHz。	
    270          	
    271          	GPIO_MODE_OUT_OD_HIZ_FAST 高速开漏高阻态输出，可工作到10MHz。  
    272          	
    273          	GPIO_MODE_OUT_PP_HIGH_FAST 高速推挽高电平输出，可工作到10MHz。  
    274          	
    275          	GPIO_MODE_OUT_OD_HIZ_SLOW 低速开漏高阻态输出，可工作到2MHz。	
    276          	
    277          	GPIO_MODE_OUT_PP_HIGH_SLOW 低速推挽高电平输出，可工作到2MHz。
    278          */
    279          }
    280          //================================================================== 
    281          /* 配置 UART1
    282              - BaudRate = 9600 baud
    283              - Word Length = 8 Bits
    284              - One Stop Bit
    285              - No parity
    286              - Receive and transmit enabled
    287              - UART1 Clock disabled
    288          */
    289          void Uart_Model_Init(void)
    290          {
    291              //UART1_DeInit(); 
    292              //UART1_Init((uint32_t)9600, UART1_WORDLENGTH_8D, UART1_STOPBITS_1, UART1_PARITY_NO,UART1_SYNCMODE_CLOCK_DISABLE, UART1_MODE_TX_ENABLE);//UART1_MODE_TXRX_ENABLE
    293              //================================================================== 
    294              /*  */
    295              CLK_PCKENR1 |= 0x0C;         // 使能fmaster与UART连接 
    296              UART1_BRR2  =  0x02;         // 设置波特率9600
    297              UART1_BRR1  =  0x68;         // 16M/9600 = 0x0682
    298              UART1_CR1   =  0x00;          //UART使能，一个起始位，8个数据位，禁止奇偶校验，禁止中断
    299              UART1_CR3   =  0x00;          //一个停止位    
    300              UART1_CR2   =  0x08;//  send only //0x0C;           //发送及接收使能 
    301              //UART1_CR2   |= 0x20;          //接收中断使能  
    302          } 
    303          void Uart_SendByte(uint8_t DataByte)      
    304          {   
    305              //===单线通讯时，发送数据时避免影响接收管脚，故发送数据时先禁止接收及其中断
    306              //UART1_CR2 &= ~0x04;
    307              //UART1_CR2 &= ~0x20; 
    308              while(!UART1_SR_TXE);
    309              UART1_DR = DataByte;    
    310              nop(); nop(); nop();
    311              while(!(UART1_SR &0x40)); 
    312              //========数据发送完毕，使能接收及其中断
    313              UART1_SR &= ~0x48;
    314              //UART1_CR2 |= 0x24; 
    315          }  
    316          	
    317          void itoa(char *buf, int i, int base)
    318          {
    319          	#define LEN	20
    320          	char *s;
    321          	int rem;
    322          	static char rev[LEN+1];
    323          
    324          	rev[LEN] = 0;
    325          	if (i == 0)
    326          	{
    327          		(buf)[0] = '0';
    328          		++(buf);
    329          		return;
    330          	}
    331          	s = &rev[LEN];
    332          	while (i)
    333          	{
    334          		rem = i % base;
    335          		if (rem < 10)
    336          			*--s = rem + '0';
    337          		else if (base == 16)
    338          			*--s = "abcdef"[rem - 10];
    339          		i /= base;
    340          	}
    341          	while (*s)
    342          	{
    343          		(buf)[0] = *s++;
    344          		++(buf);
    345          	}
    346          }
    347          
    348          void Uart_SendStr(unsigned char *tx_pData) 
    349          {
    350              unsigned int i, nLen;
    351              ClrWdt();
    352              nLen = strlen(tx_pData);
    353              for(i=0; i<nLen; i++)
    354              {
    355                Uart_SendByte(tx_pData[i]);
    356              }
    357          }
    358          
    359           
    360          void Uart_SendData(unsigned int tx_data, int base) 
    361          {
    362            unsigned char buf[20] = {0};
    363          
    364            itoa((char *)buf, tx_data, base);
    365            
    366            if (base == 16)
    367            {
    368              Uart_SendStr((unsigned char *)"0x");
    369            }
    370            
    371            Uart_SendStr(buf);
    372          }
    373          
    374          
    375          //==================================================================
    376          void I2C_Model_Init(void)
    377          { 
    378            CLK_PCKENR1 |= 0x01;    // Fmaster 与外设I2C连接 
    379            I2C_CR1 = 0;
    380             
    381            //I2C_ITR   = 0x01;    //使能错误中断
    382            I2C_FREQR = 8;//输入时钟为8MHz
    383            
    384            I2C_TRISER = 9;
    385             
    386            //CRR的计算，确定I2C的通信频率f_SCL =1/(T_high + T_low), 100KHz -->T_hgih = T_low =5000ns
    387            //I2C的输入频率f_CK = 1/T_CK, CRR = T_hgih /T_CK;
    388            I2C_CCRL = 80;//40; // 上升沿及下降沿时间5000s, 
    389            I2C_CCRH = 0;  // 标准模式100KHz,  
    390               
    391            I2C_CR1 |= 0x01;//I2C_CR1_PE;
    392            
    393            I2C_CR2 |= 0x04;
    394          }
    395          //================================================================== 
    396          //=======================================================================
    397          //======================================================================= 
    398          //======================================================================= 
    399          void Timer2Init(void)
    400          { 
    401              CLK_PCKENR1 |= 0x20;    // Fmaster 与外设TIM2连接
    402              TIM2_CR1 = 0x84;        // TIM2_ARR寄存器通过缓冲预装载，使能计数器
    403              TIM2_IER = 0x00;        // 禁止中断
    404              //TIM2_EGR = 0x01;        // 允许产生更新事件 
    405              TIM2_PSCR = 0x07;       // 计数器时钟=主时钟/8=16MHZ/128    8us// 相当于计数器周期为 
    406              TIM2_CNTRH = 0;         //     
    407              TIM2_CNTRL = 0;         //     
    408              TIM2_ARRH = 0x04;       //     10ms
    409              TIM2_ARRL = 0xE2;       //   
    410              TIM2_IER |= 0x01;       // 使能更新中断，禁止触发中断  
    411              TIM2_CR1 |= 0x01;        // TIM2_ARR寄存器通过缓冲预装载，使能计数器
    412          } 
    413          //=======================================================================
    414          //==================================================================
    415          //==================================================================
    416          //--Fmaster = CK_PSC =16MHz, CK_PSC prescaler(128) to CK_CNT(8us)   TIM4_SR1.UIF更新中断标志符
    417          void Timer4_Init_us(void)
    418          {
    419              CLK_PCKENR1 |= 0x10;    //Fmaster 与外设TIM4连接
    420              TIM4_IER = 0x00;        // 禁止中断
    421              TIM4_EGR = 0x01;        // 允许产生更新事件 
    422              //TIM4_PSCR = 0x07;       // 计数器时钟=主时钟/128=16MHZ/128  // 相当于计数器周期为8uS
    423              TIM4_PSCR = 0x00;       // 计数器时钟=主时钟/128=16MHZ/1  // 相当于计数器周期为0.0625uS
    424              TIM4_CR1 = 0x15;        // TIM4_ARR寄存器通过缓冲预装载，使能计数器
    425              TIM4_CNTR = 0;          //     
    426              TIM4_ARR = 16;           // 0.0625*16 = 1us  // 6*8us = 200us  
    427              TIM4_IER |= 0x01;       //更新中断使能，禁止触发中断 
    428              TIM4_CR1 |= 0x01; 
    429          } 
    430          void Timer4_Init_ms(void)
    431          {
    432              CLK_PCKENR1 |= 0x10;    //Fmaster 与外设TIM4连接
    433              TIM4_IER = 0x00;        // 禁止中断
    434              TIM4_EGR = 0x01;        // 允许产生更新事件 
    435              TIM4_PSCR = 0x07;       // 计数器时钟=主时钟/128=16MHZ/128  // 相当于计数器周期为8uS 
    436              TIM4_CR1 = 0x15;        // TIM4_ARR寄存器通过缓冲预装载，使能计数器
    437              TIM4_CNTR = 0;          //     
    438              TIM4_ARR = 125;         // 125*8us = 1ms  
    439              TIM4_IER |= 0x01;       //更新中断使能，禁止触发中断 
    440              TIM4_CR1 |= 0x01; 
    441          } 
    442          void Timer4_Disable(void)
    443          {
    444              TIM4_CR1 &= ~0x01;
    445              TIM4_IER &= ~0x01;
    446              CLK_PCKENR1 &= ~0x10;    //Fmaster 与外设TIM4断开连接 
    447          } 
    448          void Delay_us(uint16_t Delay_time)
    449          {
    450            Delay_time_t = Delay_time;
    451            Timer4_Init_us();
    452            while(Delay_time_t > 0);  
    453            Timer4_Disable();
    454          }
    455          void Delay_ms(uint16_t Delay_time)
    456          {
    457            Delay_time_t = Delay_time;
    458            Timer4_Init_ms();
    459            while(Delay_time_t > 0)
    460            {
    461              if(Delay_time_t >= 300)
    462              {  
    463                ;//ClrWdt(); 
    464              } 
    465            }
    466            Timer4_Disable();
    467          }
    468            
    469          //==================================================================
    470          /*
    471            The following equations show how to use the 14-bit ADC readings in TS1, TS2, and TS3 to determine the
    472            resistance of the external 103AT thermistor:
    473              VTSX = (ADC in Decimal) x 382 μV/LSB                     (4)
    474              RTS = (10,000 × VTSX) ÷ (3.3 – VTSX)                   (5)
    475          */
    476          void TempCheck(void)
    477          { 
    478              static uint8_t ChgTemp_cnt =0;
    479              static uint8_t DisTemp_cnt =0;  
    480              
    481              
    482              Temp_Val = V_TS2_Val;//R_TS2_Val;
    483              if(WorkMode == CHARGE_MODE)//if(Bits_flag.Bit.Chg)
    484              {
    485                 if((Temp_Val >ChgTempL_ON) || (Temp_Val < ChgTempH_ON) || (ChgTemp_cnt >= 10))
    486                 {
    487                   if((ChgTemp_cnt ++) >= 10)
    488                   {
    489                     ChgTemp_cnt = 10;
    490                     Bits_flag.Bit.ChgTemp = 1;
    491                   }
    492                 }
    493                 else
    494                 {
    495                   ChgTemp_cnt = 0;
    496                 }
    497                //==========================充电温度保护恢复
    498                if(Bits_flag.Bit.ChgTemp && (Temp_Val < ChgTempL_OFF) && (Temp_Val >ChgTempH_OFF))
    499                {
    500                    ChgTemp_cnt = 0;
    501                    Bits_flag.Bit.ChgTemp = 0;
    502                } 
    503              }
    504              else if(WorkMode == DISCHARGE_MODE)//(Bits_flag.Bit.Dis)
    505              {
    506                ChgTemp_cnt = 0;
    507                if((Temp_Val > DisTempL_ON) || (Temp_Val < DisTempH_ON) || (DisTemp_cnt >= 10)) 
    508                {
    509                  if((DisTemp_cnt ++) >= 10)
    510                  {
    511                    DisTemp_cnt = 10;
    512                    Bits_flag.Bit.DisTemp = 1;
    513                  }
    514                }
    515                else
    516                {
    517                  DisTemp_cnt = 0;
    518                }  
    519                //==========================放电温度保护恢复
    520                if(Bits_flag.Bit.DisTemp && (Temp_Val < DisTempL_OFF) && (Temp_Val > DisTempH_OFF))
    521                {
    522                  DisTemp_cnt = 0;
    523                  Bits_flag.Bit.DisTemp = 0;
    524                } 
    525              }   
    526              //====================================================
    527              
    528            if(SYS_STAT.Bit.DEVICE_XREADY)// || SYS_STAT.Bit.OVRD_ALERT)
    529            {
    530              Bits_flag.Bit.AfeErr = 1;
    531            } 
    532          }
    533          //================================================================== 
    534          //==================================================================
    535          /*      SYS_STAT (0x00)/RESET:0x00
    536                  BIT        7      6           5             4       3   2    1     0
    537                  NAME   CC_READY  RSVD   DEVICE_XREADY   OVRD_ALERT  UV  OV  SCD   OCD
    538          */
    539          void CurrentCheck(void)
    540          {  
    541            if(WorkMode == CHARGE_MODE)
    542            {
    543              if(Current_Val > ChgCurOv_Val_SET)
    544              {
    545                if(ChgCurOv_t >= ChgCurOv_t_SET)
    546                {
    547                  ChgCurOv_t = ChgCurOv_t_SET;
    548                  Bits_flag.Bit.ChgCurOv = 1;
    549                }
    550              }
    551              else
    552              {
    553                ChgCurOv_t = 0;
    554              } 
    555              /*
    556              if(0)//(Bits_flag.Bit.ChgCurOv && ChgCurOv_Re_t >= ChgCurOv_Re_t_SET)
    557              {
    558                ChgCurOv_t = 0; 
    559                ChgCurOv_Re_t = 0;
    560                Bits_flag.Bit.ChgCurOv = 0;
    561              } */
    562            }
    563            else if(WorkMode == DISCHARGE_MODE)//9A,  15A
    564            {
    565              if(SYS_STAT.Bit.OCD || Current_Val > DisCurOv_2_Val_SET || (DisCurOv_t1 >= DisCurOv_t1_SET) || (DisCurOv_t1 >= DisCurOv_t1_SET))
    566              {
    567                if(SYS_STAT.Bit.OCD || (DisCurOv_t2 >= DisCurOv_t2_SET) || (DisCurOv_t1 >= DisCurOv_t1_SET))
    568                {
    569                  DisCurOv_t1 = DisCurOv_t1_SET;
    570                  DisCurOv_t2 = DisCurOv_t2_SET;
    571                  Bits_flag.Bit.DisCurOv = 1;
    572                } 
    573              }
    574              else if(Current_Val > DisCurOv_1_Val_SET)//9A
    575              { 
    576                DisCurOv_t2 = 0;
    577                if(DisCurOv_t1 >= DisCurOv_t1_SET)
    578                {
    579                  DisCurOv_t1 = DisCurOv_t1_SET; 
    580                  Bits_flag.Bit.DisCurOv = 1;
    581                }  
    582              }
    583              else
    584              {
    585                DisCurOv_t1 = 0;
    586                DisCurOv_t2 = 0;
    587              }
    588              /*
    589              if(Current_Val > DisCurOv_Val_SET || SYS_STAT.Bit.OCD || (DisCurOv_t >= DisCurOv_t_SET))
    590              {
    591                if(SYS_STAT.Bit.OCD || (DisCurOv_t >= DisCurOv_t_SET))
    592                {
    593                  DisCurOv_t = DisCurOv_t_SET; 
    594                  Bits_flag.Bit.DisCurOv = 1;
    595                } 
    596              }
    597              else
    598              {
    599                DisCurOv_t = 0;
    600              }
    601              */
    602              /*
    603              if(0)//(Bits_flag.Bit.DisCurOv)// && DisCurOv_Re_t >= DisCurOv_Re_t_SET)
    604              {
    605                //clear the OV bit by writing "1"
    606                if(SYS_STAT.Bit.OCD)
    607                {
    608                  SYS_STAT_Last |= 0x01;
    609                  I2C_Write(SYS_STAT_ADDR,SYS_STAT_Last);
    610                  SYS_STAT_Last &= ~0x01;
    611                }
    612                DisCurOv_t = 0;
    613                DisCurOv_Re_t = 0;
    614                Bits_flag.Bit.DisCurOv = 0;
    615              }*/
    616              
    617              //==========================短路检测
    618              //if(WorkMode != CHARGE_MODE)
    619              {
    620                if( SYS_STAT.Bit.SCD )
    621                {  
    622                   Bits_flag.Bit.DisCurShort = 1; 
    623                }
    624                /*
    625                if(Bits_flag.Bit.DisCurShort && DisCurShort_Re_t >= DisCurShort_Re_t_SET)
    626                { 
    627                  SYS_STAT_Last |= 0x02;   //clear the SCD bit by writing "1" 
    628                  I2C_Write(SYS_STAT_ADDR,SYS_STAT_Last); 
    629                  SYS_STAT_Last &= ~0x02;
    630                  DisCurOv_Re_t = 0;
    631                  SYS_STAT.Bit.SCD = 0;
    632                  Bits_flag.Bit.DisCurShort =0;
    633                }
    634                */
    635              }
    636            }
    637            
    638            
    639          }
    640          //==================================================================
    641          //==================================================================
    642          /*      SYS_STAT (0x00)/RESET:0x00
    643                  BIT        7      6           5             4       3   2    1     0
    644                  NAME   CC_READY  RSVD   DEVICE_XREADY   OVRD_ALERT  UV  OV  SCD   OCD
    645          */
    646          void VoltCheck(void)
    647          { 
    648            static uint8_t First_Run_Flag = 0;
    649            if(WorkMode == CHARGE_MODE)
    650            {
    651              if(Cell_Volt_Max >= CHG_OV_VAL_SET ||SYS_STAT.Bit.OV)
    652              { 
    653                if((ChgOv_t >= ChgOv_t_SET) ||SYS_STAT.Bit.OV)
    654                {
    655                  ChgOv_t = ChgOv_t_SET;
    656                  Bits_flag.Bit.ChgOv = 1;
    657                }
    658              }
    659              else
    660              {
    661                ChgOv_t =0;
    662              }
    663              
    664              if(Bits_flag.Bit.ChgOv && Cell_Volt_Max < CHG_OV_RE_VAL_SET)// Cell_Volt_Avg < CHG_OV_RE_VAL_SET &&
    665              {
    666                //clear the OV bit by writing "1"
    667                if(SYS_STAT.Bit.OV)
    668                {
    669                  SYS_STAT_Last |= 0x04;
    670                  I2C_Write(SYS_STAT_ADDR,SYS_STAT_Last);
    671                  SYS_STAT_Last &= ~0x04;
    672                }
    673                ChgOv_t = 0;
    674                SYS_STAT.Bit.OV = 0;
    675                Bits_flag.Bit.ChgOv = 0;
    676              }
    677                
    678            }
    679            else// if(WorkMode == DISCHARGE_MODE)
    680            {
    681              if(Dis_First_Run_Flag ==0 && WorkMode == DISCHARGE_MODE)
    682              { 
    683                if((Cell_Volt_Avg < 3300) || (Cell_Volt_Min < 3300) || SYS_STAT.Bit.UV)
    684                {
    685                  if(Dis_First_Run_t >= 100)
    686                  {
    687                    Dis_First_Run_t = 100;
    688                    Bits_flag.Bit.DisOv = 1;
    689                    Dis_First_Run_Flag  = 1;
    690                  }
    691                }
    692                else 
    693                {
    694                  if(Dis_First_Run_t >= 50)
    695                  {
    696                    Dis_First_Run_t = 100; 
    697                    Bits_flag.Bit.DisOv = 0;
    698                    Dis_First_Run_Flag  = 1;
    699                    DisOv_t = 0;
    700                    //clear the UV bit by writing "1"
    701                    if(SYS_STAT.Bit.UV)
    702                    {
    703                      SYS_STAT_Last |= 0x08;
    704                      I2C_Write(SYS_STAT_ADDR,SYS_STAT_Last);
    705                      SYS_STAT_Last &= ~0x08;
    706                    }
    707                  }
    708                } 
    709              } 
    710          
    711              if((Cell_Volt_Avg < DIS_UV_VAL_SET) ||(Cell_Volt_Min < DIS_UV_MIN_VAL_SET) || SYS_STAT.Bit.UV)// 
    712              {
    713                if((DisOv_t >= DisOv_t_SET) || SYS_STAT.Bit.UV)
    714                {
    715                  DisOv_t = DisOv_t_SET;
    716                  Bits_flag.Bit.DisOv = 1;
    717                }
    718              }
    719              else
    720              {
    721                DisOv_t = 0;
    722              }
    723              /*
    724              if(Bits_flag.Bit.DisOv && Cell_Volt_Min >= DIS_UV_RE_VAL_SET)//Cell_Volt_Avg >= DIS_UV_RE_VAL_SET && 
    725              {
    726                //clear the UV bit by writing "1"
    727                if(SYS_STAT.Bit.UV)
    728                {
    729                  SYS_STAT_Last |= 0x08;
    730                  I2C_Write(SYS_STAT_ADDR,SYS_STAT_Last);
    731                  SYS_STAT_Last &= ~0x08;
    732                }
    733                DisOv_t = 0;
    734                SYS_STAT.Bit.UV = 0;
    735                Bits_flag.Bit.DisOv = 0;
    736              }
    737              */
    738            }
    739          } 
    740          //==========================================================================
    741          void ModeCheck_Backup(void)
    742          {    
    743            static uint8_t ExchangeMode_Cnt = 0;
    744            uint8_t FET_Status = 0;
    745            if(SYS_CTRL2.Bit.DSG_ON || SYS_CTRL2.Bit.CHG_ON)//SYS_CTRL2_Last << 6 )
    746            {
    747              FET_Status = 0;
    748            }
    749            else
    750            {
    751              FET_Status = 1;
    752            }
    753            
    754            if(!IS_SIGNAL_IN())
    755            {
    756              if(ExchangeMode_Cnt > 0)
    757              {
    758                ExchangeMode_Cnt -= 1;
    759              }
    760              else 
    761              { 
    762                WorkMode = IDLE_MODE;
    763              }
    764            }
    765            else
    766            {
    767              
    768            if((WorkMode == IDLE_MODE && FET_Status == 1 && IS_CHG_DETECT()) || CC_Val >= 5)
    769            { 
    770              if(ExchangeMode_Cnt > 20)
    771              {
    772                ExchangeMode_Cnt -= 1;
    773              }
    774              else if(ExchangeMode_Cnt < 20)
    775              {
    776                ExchangeMode_Cnt += 1;
    777              }
    778              else
    779              { 
    780                ExchangeMode_Cnt = 20;
    781                WorkMode = CHARGE_MODE;
    782                DisOv_t = 0;  
    783                DisCurOv_t = 0;  
    784                DisCurOv_Re_t = 0; 
    785                PowerOff_Delay_t = 0;
    786              }
    787            } 
    788            //else if ((WorkMode == IDLE_MODE && FET_Status == 1 && (IS_LOAD_DETECT() || SYS_CTRL1.Bit.LOAD_PRESENT)) || Current_Val >= 2)//|| || IS_SIGNAL_IN()) IS_SIGNAL_IN() )//IS_LOAD_DETECT())
    789            else if ((WorkMode == IDLE_MODE && FET_Status == 1 && IS_LOAD_DETECT()) || Current_Val >= 2)//|| || IS_SIGNAL_IN()) IS_SIGNAL_IN() )//IS_LOAD_DETECT())
    790            { 
    791              if(ExchangeMode_Cnt > 10)
    792              {
    793                ExchangeMode_Cnt -= 1;
    794              }
    795              else if(ExchangeMode_Cnt < 10)
    796              {
    797                ExchangeMode_Cnt += 1;
    798              }
    799              else
    800              { 
    801                ExchangeMode_Cnt = 10;
    802                WorkMode = DISCHARGE_MODE;
    803                ChgOv_t = 0; 
    804                ChgCurOv_t = 0; 
    805                ChgCurOv_Re_t = 0; 
    806              }
    807            } 
    808            }/*
    809            else if(WorkMode != IDLE_MODE && SYS_CTRL2.Bit.CHG_ON && SYS_CTRL2.Bit.DSG_ON)// 负载接上，小电流或无电流时，关闭CHG_ON，来检测LOAD_PRESENT
    810            { 
    811              SYS_CTRL2_Last &= ~0x03; 
    812              I2C_Write(SYS_CTRL2_ADDR,SYS_CTRL2_Last);
    813              Delay_ms(20);
    814              I2C_Read(SYS_CTRL1_ADDR,&SYS_CTRL1_Last); 
    815              SYS_CTRL1.Byte = SYS_CTRL1_Last;
    816              if(SYS_CTRL1.Bit.LOAD_PRESENT) 
    817              { 
    818                SYS_CTRL2_Last |= 0x03; 
    819                I2C_Write(SYS_CTRL2_ADDR,SYS_CTRL2_Last);
    820              } 
    821              else
    822              {
    823                ExchangeMode_Cnt = 0;
    824                WorkMode = IDLE_MODE; 
    825              } 
    826            }
    827            else 
    828            {
    829              if(ExchangeMode_Cnt > 0)
    830              {
    831                ExchangeMode_Cnt -= 1;
    832              }
    833              else 
    834              { 
    835                WorkMode = IDLE_MODE;
    836              }
    837            }  */
    838            //===========================================
    839            if(WorkMode == CHARGE_MODE)
    840            {
    841                Bits_flag.Bit.DisOv = 0;
    842                Bits_flag.Bit.DisCurShort = 0;
    843                Bits_flag.Bit.DisCurOv = 0;
    844                Bits_flag.Bit.DisTemp = 0;
    845            }
    846            else
    847            {
    848                Bits_flag.Bit.ChgOv = 0;
    849                Bits_flag.Bit.ChgCurOv = 0;
    850                Bits_flag.Bit.ChgTemp = 0;
    851            }
    852          }  
    853          
    854          //==========================================================================
    855          void ModeCheck(void)
    856          {     
    857            static uint8_t Afe_CC_Disable_Lock = 0;
    858            uint8_t FET_Status = 0;
    859            /*
    860            if(SYS_CTRL2.Bit.DSG_ON || SYS_CTRL2.Bit.CHG_ON)//SYS_CTRL2_Last << 6 )
    861            {
    862              FET_Status = 0;
    863            }
    864            else
    865            {
    866              FET_Status = 1;
    867            }
    868            */
    869            //if((FET_Status == 1 && IS_CHG_DETECT()) || CC_Val >= 10)
    870            if(IS_CHG_DETECT() || CC_Val >= 10)
    871            {  
    872              if(ChgExchangeMode_Cnt >= 50)
    873              { 
    874                ChgExchangeMode_Cnt = 100;
    875                DisExchangeMode_Cnt = 0;
    876                IdleExchangeMode_Cnt = 0;
    877                WorkMode = CHARGE_MODE;
    878              }
    879            } 
    880            //else if ((FET_Status == 1 && (IS_LOAD_DETECT() || SYS_CTRL1.Bit.LOAD_PRESENT)) || Current_Val >= 20 || IS_SIGNAL_IN()) 
    881            else if(IS_SIGNAL_IN()) // (FET_Status == 1 && (IS_LOAD_DETECT() || SYS_CTRL1.Bit.LOAD_PRESENT)) || Current_Val >= 20 || 
    882            {  
    883              if(DisExchangeMode_Cnt >= 100)
    884              { 
    885                IdleExchangeMode_Cnt = 0;
    886                ChgExchangeMode_Cnt = 0;
    887                DisExchangeMode_Cnt = 100; 
    888                WorkMode = DISCHARGE_MODE;
    889              }
    890            }/* 
    891            else if(WorkMode == DISCHARGE_MODE && SYS_CTRL2.Bit.CHG_ON && SYS_CTRL2.Bit.DSG_ON)// 负载接上，小电流或无电流时，关闭CHG_ON，来检测LOAD_PRESENT
    892            { 
    893              SYS_CTRL2_Last &= ~0x03; 
    894              I2C_Write(SYS_CTRL2_ADDR,SYS_CTRL2_Last);
    895              Delay_ms(20);
    896              I2C_Read(SYS_CTRL1_ADDR,&SYS_CTRL1_Last); 
    897              SYS_CTRL1.Byte = SYS_CTRL1_Last;
    898              if(SYS_CTRL1.Bit.LOAD_PRESENT) 
    899              { 
    900                SYS_CTRL2_Last |= 0x03; 
    901                I2C_Write(SYS_CTRL2_ADDR,SYS_CTRL2_Last);
    902              } 
    903              else
    904              {
    905                ExchangeMode_Cnt = 0;
    906                WorkMode = IDLE_MODE;  
    907              } 
    908            } */
    909            else 
    910            { 
    911              if(IdleExchangeMode_Cnt >= 100)
    912              { 
    913                IdleExchangeMode_Cnt = 100;
    914                ChgExchangeMode_Cnt = 0;
    915                DisExchangeMode_Cnt = 0;
    916                WorkMode = IDLE_MODE;
    917              }
    918            }
    919            
    920            //=================================
    921            if(WorkMode == IDLE_MODE)
    922            {
    923                Afe_CC_Disable();
    924                Afe_CC_Disable_Lock = 0;
    925            }
    926            else
    927            {
    928              if(Afe_CC_Disable_Lock == 0)
    929              {
    930                Afe_CC_1Shot_Set(); 
    931                Afe_CC_Disable_Lock = 1;
    932              }
    933            }
    934          }
    935          
    936            //===========================================
    937          void ClearStatus(void)
    938          {
    939            if(WorkMode == CHARGE_MODE)
    940            {  
    941              LowPower_MCU_Entry_Flag = 0;
    942              Dis_First_Run_Flag = 0;
    943              Dis_First_Run_t = 0;
    944                DisOv_t = 0;  
    945                //DisCurOv_t = 0;  
    946                //DisCurOv_Re_t = 0; 
    947                PowerOff_Delay_t = 0;
    948                 
    949                Bits_flag.Bit.DisTemp = 0;
    950                //Bits_flag.Bit.DisCurShort = 0; 
    951                
    952                if(Bits_flag.Bit.DisOv || SYS_STAT.Bit.UV)
    953                { 
    954                  if(SYS_STAT.Bit.UV)  //clear the UV bit by writing "1"
    955                  {
    956                    SYS_STAT_Last |= 0x08;
    957                    I2C_Write(SYS_STAT_ADDR,SYS_STAT_Last);
    958                    SYS_STAT_Last &= ~0x08;
    959                  }  
    960                  Bits_flag.Bit.DisOv = 0;
    961                }
    962               /* if(Bits_flag.Bit.DisCurOv || SYS_STAT.Bit.OCD) 
    963                { 
    964                  if(SYS_STAT.Bit.OCD)  //clear the OV bit by writing "1"
    965                  {
    966                    SYS_STAT_Last |= 0x01;
    967                    I2C_Write(SYS_STAT_ADDR,SYS_STAT_Last);
    968                    SYS_STAT_Last &= ~0x01;
    969                  }
    970                  Bits_flag.Bit.DisCurOv = 0;
    971                } */
    972            }/*
    973            else if(WorkMode == DISCHARGE_MODE)
    974            {
    975                ChgOv_t = 0; 
    976                ChgCurOv_t = 0; 
    977                ChgCurOv_Re_t = 0; 
    978                 
    979                Bits_flag.Bit.ChgCurOv = 0;
    980                Bits_flag.Bit.ChgTemp = 0;
    981                if(Bits_flag.Bit.ChgOv || SYS_STAT.Bit.OV)
    982                { 
    983                  if(SYS_STAT.Bit.OV)  //clear the UV bit by writing "1"
    984                  {
    985                    SYS_STAT_Last |= 0x04;
    986                    I2C_Write(SYS_STAT_ADDR,SYS_STAT_Last);
    987                    SYS_STAT_Last &= ~0x04;
    988                  }  
    989                  Bits_flag.Bit.ChgOv = 0;
    990                }
    991            }*/
    992            else if(WorkMode == IDLE_MODE)
    993            {   
    994              Dis_First_Run_Flag = 0;
    995              Dis_First_Run_t = 0;
    996              //if(Bits_flag.Bit.ChgCurOv)// && ChgCurOv_Re_t >= ChgCurOv_Re_t_SET)
    997              {
    998                ChgCurOv_t = 0; 
    999                DisCurOv_t1 = 0;
   1000                DisCurOv_t2 = 0;
   1001                ChgCurOv_Re_t = 0;
   1002                Bits_flag.Bit.ChgCurOv = 0;
   1003              } 
   1004              //=========================================================
   1005              DisCurShort_Re_t = 0;
   1006              if(Bits_flag.Bit.DisCurShort  || SYS_STAT.Bit.SCD) 
   1007              { 
   1008                SYS_STAT_Last |= 0x02;
   1009                I2C_Write(SYS_STAT_ADDR,SYS_STAT_Last); //clear the SCD bit by writing "1" 
   1010                SYS_STAT_Last &= ~0x02;
   1011                Afe_SCD_Set(SCD_THREHOLD_VAL_SET, SCD_DELAY_SET);
   1012                DisCurOv_Re_t = 0;
   1013                SYS_STAT.Bit.SCD = 0;
   1014                Bits_flag.Bit.DisCurShort = 0;
   1015              }
   1016              //=========================================================
   1017              if(Bits_flag.Bit.DisCurOv || SYS_STAT.Bit.OCD) 
   1018              { 
   1019                if(SYS_STAT.Bit.OCD)  //clear the OV bit by writing "1"
   1020                {
   1021                  SYS_STAT_Last |= 0x01;
   1022                  I2C_Write(SYS_STAT_ADDR,SYS_STAT_Last);
   1023                  SYS_STAT_Last &= ~0x01;
   1024                  Afe_OCD_Set(OCD_THREHOLD_VAL_SET, OCD_DELAY_SET);
   1025                }
   1026                Bits_flag.Bit.DisCurOv = 0;
   1027              } 
   1028              //=========================================================
   1029              DisCurOv_t = 0;
   1030              DisCurOv_Re_t = 0;
   1031              Bits_flag.Bit.ChgOv = 0;
   1032              Bits_flag.Bit.ChgCurOv = 0;
   1033              Bits_flag.Bit.ChgTemp = 0;
   1034               
   1035            }
   1036            else
   1037            { 
   1038              LowPower_MCU_Entry_Flag = 0; 
   1039            }
   1040          }  
   1041          //==========================================================================
   1042            /*The ADC transfer function is a linear equation defined as follows:
   1043              V(cell) = GAIN x ADC(cell) + OFFSET
   1044              If the DEVICE_XREADY is set, the voltage register values from the device should not be used. If
   1045            */ 
   1046          void Afe_Volt_Val_Get(void)
   1047          { 
   1048            uint8_t i = 0;
   1049            uint16_t volt_sum = 0;
   1050            uint16_t volt_max = 0;
   1051            uint16_t volt_min = 0xFFFF;
   1052            //====================================250mS
   1053            if(Cell_Volt_Sample_Cnt >= 26)
   1054            {
   1055              Cell_Volt_Sample_Cnt = 0;
   1056              for(i =0;i< 20;i += 2)
   1057              {  
   1058                Adc_value[i/2] = Afe_Get_Adc((VC1_HI_ADDR + i)) & 0x3FFF; //VC1_HI_ADDR =0x0C
   1059                Cell_Volt[i/2] = (uint16_t)((uint32_t)ADCGain_Val *Adc_value[i/2]/1000) + ADCOffset_Val;
   1060                volt_sum += Cell_Volt[i/2];
   1061                if(Cell_Volt[i/2] < volt_min)
   1062                {
   1063                   volt_min = Cell_Volt[i/2];
   1064                }
   1065                if(Cell_Volt[i/2] > volt_max)
   1066                {
   1067                   volt_max = Cell_Volt[i/2];
   1068                }
   1069              } 
   1070              Cell_Volt_Tol = volt_sum; 
   1071              Cell_Volt_Avg = Cell_Volt_Tol/10; 
   1072              Cell_Volt_Max = volt_max; 
   1073              Cell_Volt_Min = volt_min; 
   1074                
   1075            }
   1076            //====================================250mS
   1077            /*  Once converted to digital form, each cell voltage is added up and the summation result stored in the BAT
   1078                registers. This 16-bit value has a nominal LSB of 1.532 mV. */
   1079            //Pack_Volt = (uint16_t)((uint32_t)4 *ADCGain_Val *Afe_Get_Adc(BAT_HI_ADDR)/1000+(10 *ADCOffset_Val));
   1080            //Pack_Volt = (uint16_t)((uint32_t)1532 *Afe_Get_Adc(BAT_HI_ADDR)/1000);
   1081            
   1082            //====================================250mS
   1083            //Positive values are charge current; negative values are discharge current.
   1084            //an average over the 250-ms integration period.
   1085            /*Why does the CC value read not change when I set the CC_ONESHOT bit?
   1086                  The CC_READY bit must be cleared before the CC_ONESHOT bit is set. Note also that the CC_EN bit
   1087                  should be cleared or a CC conversion may already be in progress.
   1088              The full scale range of the CC is ± 270 mV, with a max recommended input range of ± 200 mV, thus yielding an LSB of approximately 8.44 μV.
   1089              The following equation shows how to convert the 16-bit CC reading into an analog voltage if no boardlevel calibration is performed:
   1090              CC Reading (in μV) = [16-bit 2’s Complement Value] × (8.44 μV/LSB) 
   1091            */
   1092            if( SYS_STAT.Bit.CC_READY) //CC_Volt_Sample_Cnt >= 23 &&
   1093            {
   1094              CC_Volt_Sample_Cnt = 0;
   1095              SYS_STAT.Bit.CC_READY = 0;
   1096              CC_AD = Afe_Get_Adc(CC_HI_ADDR); 
   1097              //CC_Val = (int32_t)CC_AD * 820/100; //mA (int32_t)
   1098              CC_Val = (int32_t)820 * CC_AD /100; //mA (int32_t)
   1099              //SYS_STAT_Last |= 0x80;
   1100              //I2C_Write(SYS_STAT_ADDR,SYS_STAT_Last); 
   1101              //SYS_STAT_Last &= ~0x80;
   1102              Afe_CC_1Shot_Set();
   1103              if(CC_Val < -32000)
   1104              {
   1105                CC_Val = -32000;
   1106              }
   1107              else if(CC_Val > 32000)
   1108              {
   1109                CC_Val = 32000;
   1110              }
   1111              Current_Val = CC_Val;
   1112              if(CC_Val < 0)
   1113              {
   1114                Current_Val = -CC_Val;
   1115              }
   1116            }
   1117            //====================================2S 
   1118            if(Temp_Volt_Sample_Cnt >= 210)
   1119            {
   1120              //V_TS2_Val = (uint16_t)((uint32_t)(382 * ((uint16_t)adcval <<8 | tmpval))/1000);//mV
   1121              V_TS2_Val = Afe_Get_Adc(TS2_HI_ADDR) &0x3FFF ;
   1122              V_TS2_Val = (uint16_t)(((uint32_t)382 * V_TS2_Val /1000));  //mV
   1123              V_TS2_Val = (uint16_t)(((uint32_t)1024 * V_TS2_Val /3300));  //mV
   1124              //R_TS2_Val = (uint16_t)((uint32_t)10000 * V_TS2_Val)/(3300 - V_TS2_Val); 
   1125            }
   1126            //=====================================================================================
   1127            
   1128          }
   1129           
   1130          //==========================================================================
   1131          /*
   1132            turn on condition  :    >4.0V && deltaVolt >200mV
   1133            turn off condition :   over charge assert the charging protection
   1134          */ 
   1135          void CellBal_Cntrl(void)
   1136          {
   1137            uint8_t i = 0;
   1138            if(WorkMode == CHARGE_MODE)
   1139            {
   1140              if(Cell_Balance_Delay_t >= 100)
   1141              {
   1142                Cell_Balance_Delay_t = 0;
   1143                if((Cell_Volt_Max >= CELLBALANCE_BEGIN_VAL) && ((Cell_Volt_Max - Cell_Volt_Min) >= CELLBALANCE_DELTA_VAL) && !Bits_flag.Bit.ChgOv && !Bits_flag.Bit.ChgTemp && !Bits_flag.Bit.ChgCurOv)
   1144                {
   1145                  CellBal_Cntrl_Lock = 1;
   1146                  for(i =0; i <10; i++)
   1147                  {
   1148                    if(Cell_Volt[i] > CELLBALANCE_BEGIN_VAL && ((Cell_Volt[i] - Cell_Volt_Min) >= CELLBALANCE_DELTA_VAL))
   1149                    {   
   1150                      CellBalance_Cur_Selct |= (0x0001 << i); 
   1151                    }
   1152                    else
   1153                    {
   1154                      CellBalance_Cur_Selct &= ~(0x0001 << i);
   1155                    }
   1156                  }  
   1157                  CellBalance_Selct = 0x0000;
   1158                  //===================================
   1159                  for(i =0; i <10; i++ )
   1160                  {
   1161                    if((CellBalance_Cur_Selct &(0x0001 <<i)))
   1162                    {
   1163                      CellBalance_Selct |=(0x0001 <<i);
   1164                      if(4 != i)
   1165                      {
   1166                        i +=1; 
   1167                      }
   1168                    }  
   1169                  } 
   1170                  Afe_CellBalance_Enable(CellBalance_Selct);
   1171                } 
   1172                else if(CellBal_Cntrl_Lock ==1)
   1173                { 
   1174                  Afe_CellBalance_Disable();
   1175                } 
   1176              }
   1177            }
   1178            else if(CellBal_Cntrl_Lock ==1)
   1179            {
   1180                Afe_CellBalance_Disable();
   1181            }
   1182          }
   1183           
   1184          //==========================================================================
   1185          /*
   1186          1、充电模式：有异常时，电流异常（LED1及LED2闪烁，周期为1秒），温度异常（LED1、LED2及LED3闪烁，周期为1秒）
   1187                       无异常时，低节电量LED常亮，高节电量的LED闪烁，T = 1s
   1188                          0%----30%     LED1闪烁
   1189                          30%---65%     LED1常亮、LED2闪烁
   1190                          65%---90%     LED1、LED2常亮、LED3闪烁
   1191                          90%           LED全亮
   1192                       
   1193          2、放电模式：有异常时，电流异常（LED1及LED2闪烁，周期为1秒），温度异常（LED1、LED2及LED3闪烁，周期为1秒）
   1194                       无异常时，显示当前电量
   1195                          15%           LED1闪烁 1Hz
   1196                          15%---35%     LED1常亮
   1197                          35%---85%     LED1、LED2常亮
   1198                          85%           LED全亮
   1199          */  
   1200          void LedShow_Cntrl(void)
   1201          {
   1202            // soc 显示
   1203            // 异常后，报警5s后，熄灭
   1204            if(WorkMode == IDLE_MODE)
   1205            {
   1206              LED1_OFF();
   1207              LED2_OFF(); 
   1208              LED3_OFF(); 
   1209            }
   1210            else
   1211            { 
   1212              if(WorkMode == CHARGE_MODE)
   1213              {
   1214                /*
   1215                if(Bits_flag.Bit.ChgCurOv)
   1216                {
   1217                  LED1_OFF();
   1218                  if(LedFlash_t >= 50)
   1219                  {
   1220                    LED2_XOR();
   1221                    LedFlash_t = 0;
   1222                  } 
   1223                  LED3_OFF();  
   1224                }
   1225                else if(Bits_flag.Bit.ChgTemp)
   1226                {
   1227                  LED1_OFF();
   1228                  LED2_OFF();  
   1229                  if(LedFlash_t >= 50)
   1230                  {
   1231                    LED3_XOR();
   1232                    LedFlash_t = 0;
   1233                  } 
   1234                }
   1235                else */
   1236                if(Bits_flag.Bit.ChgOv )//|| SocCalc.soc_rt >= 90)
   1237                {
   1238                  LED1_OFF();
   1239                  LED2_OFF(); 
   1240                  LED3_ON(); 
   1241                } 
   1242                else if(SocCalc.soc_rt >= 80)  // 65%---90%     LED1、LED2常亮、LED3闪烁  
   1243                {
   1244                  LED1_OFF();
   1245                  if(LedFlash_t < 50)
   1246                  {
   1247                    LED2_ON();
   1248                    LED3_OFF(); 
   1249                  } 
   1250                  else if(LedFlash_t < 100)
   1251                  {
   1252                    LED2_OFF();
   1253                    LED3_ON();
   1254                  }
   1255                  else
   1256                  {
   1257                    LedFlash_t = 0;
   1258                  } 
   1259                }
   1260                else if(SocCalc.soc_rt >= 45 )//30%---65%     LED1常亮、LED2闪烁
   1261                {
   1262                  if(LedFlash_t < 50)
   1263                  {
   1264                    LED1_ON();
   1265                    LED2_OFF(); 
   1266                  } 
   1267                  else if(LedFlash_t < 100)
   1268                  {
   1269                    LED1_OFF();
   1270                    LED2_ON();
   1271                  }
   1272                  else
   1273                  {
   1274                    LedFlash_t = 0;
   1275                  } 
   1276                  LED3_OFF();
   1277                }
   1278                else //0%----30%     LED1闪烁
   1279                { 
   1280                  if(LedFlash_t >= 50)
   1281                  {
   1282                    LedFlash_t = 0;
   1283                    LED1_XOR();
   1284                  } 
   1285                  LED2_OFF();
   1286                  LED3_OFF();
   1287                } 
   1288              } 
   1289              else if(WorkMode == DISCHARGE_MODE)
   1290              { 
   1291                /*
   1292                if(Bits_flag.Bit.DisCurOv  || Bits_flag.Bit.DisCurShort)
   1293                {
   1294                  LED1_OFF();
   1295                  if(LedFlash_t >= 50)
   1296                  {
   1297                    LED2_XOR();
   1298                    LedFlash_t = 0;
   1299                  } 
   1300                  LED3_OFF();  
   1301                }
   1302                else if(Bits_flag.Bit.DisTemp)
   1303                {
   1304                  LED1_OFF();
   1305                  LED2_OFF();  
   1306                  if(LedFlash_t >= 50)
   1307                  {
   1308                    LED3_XOR();
   1309                    LedFlash_t = 0;
   1310                  } 
   1311                }
   1312                else */
   1313                if(Bits_flag.Bit.DisOv)
   1314                {
   1315                  LED1_OFF();
   1316                  LED2_OFF(); 
   1317                  LED3_OFF(); 
   1318                }
   1319                else if(SocCalc.soc_rt >= 85)  //85%           LED全亮
   1320                {
   1321                  LED1_OFF();
   1322                  LED2_OFF();
   1323                  LED3_ON();
   1324                }
   1325                else if(SocCalc.soc_rt >= 35) //35%---85%     LED1、LED2常亮
   1326                {
   1327                  LED1_OFF();
   1328                  LED2_ON();
   1329                  LED3_OFF();
   1330                }
   1331                else if(SocCalc.soc_rt >= 15) //15%---35%     LED1常亮
   1332                {
   1333                  LED1_ON();
   1334                  LED2_OFF();
   1335                  LED3_OFF();
   1336                }
   1337                else                             //15%           LED1闪烁 1Hz
   1338                {
   1339                  if(LedFlash_t >= 100)
   1340                  {
   1341                    LedFlash_t = 0;
   1342                    LED1_XOR();
   1343                  }
   1344                  LED2_OFF();
   1345                  LED3_OFF();
   1346                } 
   1347              }
   1348            }
   1349          }
   1350          
   1351          void LedShow_WorkMode(void)
   1352          {
   1353            if(WorkMode == IDLE_MODE)
   1354            {
   1355              //LED1_XOR();
   1356              LED1_ON();
   1357              LED2_OFF(); 
   1358              LED3_OFF(); 
   1359            }
   1360            else if(WorkMode == CHARGE_MODE)
   1361            {
   1362              LED1_OFF();
   1363              //LED2_XOR(); 
   1364              LED2_ON(); 
   1365              LED3_OFF(); 
   1366            }
   1367            else if(WorkMode == DISCHARGE_MODE)
   1368            {
   1369              LED1_OFF();
   1370              LED2_OFF(); 
   1371              LED3_ON(); 
   1372              //LED3_XOR(); 
   1373            }
   1374          }
   1375          //==========================================================================
   1376          void LowPower_Entry_MCU_Set(void)
   1377          {   
   1378            static uint8_t LowPower_Entry_Exit_Cnt = 0;
   1379            if(WorkMode == IDLE_MODE && (LowPower_Entry_Delay_t >= 500 || LowPower_MCU_Entry_Flag == 1))
   1380            { 
   1381              //if(LowPower_MCU_Entry_Flag == 0)
   1382              {
   1383                 Afe_ADC_Disable(); Afe_Temp_Disable();  
   1384              }
   1385              CLK_PCKENR2 = CLK_PCKENR2_AWU;
   1386              AWU_Init(AWU_TIMEBASE_1S); 
   1387              CLK->ICKR |= CLK_ICKR_SWUAH;
   1388              FLASH->CR1 |= 0x04;	  
   1389              EXTI_SetExtIntSensitivity(EXTI_PORT_GPIOD, EXTI_SENSITIVITY_FALL_ONLY);//Signal_In下降沿触发
   1390              ClrWdt();  
   1391              LowPower_MCU_Entry_Flag = 1; 
   1392              halt(); 
   1393              ClrWdt();   
   1394              Delay_ms(5); 
   1395              //======================================
   1396              if(LowPower_MCU_Entry_Flag == 1)
   1397              {
   1398                if((LowPower_Entry_Exit_Cnt ++) >= 100) 
   1399                {
   1400                  LowPower_MCU_Entry_Flag = 0;
   1401                  LowPower_Entry_Exit_Cnt = 0;
   1402                }
   1403              }
   1404              else
   1405              {
   1406                LowPower_Entry_Exit_Cnt = 0;
   1407                CLK_PCKENR2 &= ~CLK_PCKENR2_AWU; 
   1408                CLK->ICKR &= ~CLK_ICKR_SWUAH; 
   1409                Afe_ADC_Enable(); Afe_Temp_Enable();Delay_ms(10); 
   1410              } 
   1411              //=============================================
   1412              LowPower_Entry_Delay_t = 0; 
   1413            }
   1414          } 
   1415          //==========================================================================
   1416          void LowPower_Entry_MCU_Set_Backup(void)
   1417          {   
   1418            if(WorkMode == IDLE_MODE && LowPower_Entry_Delay_t >= 600 && !Bits_flag.Bit.DisOv)
   1419            { 
   1420              Afe_ADC_Disable();
   1421              Afe_Temp_Disable();  
   1422              CLK_PCKENR2 = CLK_PCKENR2_AWU;
   1423              AWU_Init(AWU_TIMEBASE_12S);//AWU_TIMEBASE_30S); 
   1424              CLK->ICKR |= CLK_ICKR_SWUAH;
   1425              FLASH->CR1 |= 0x04;	  
   1426              EXTI_SetExtIntSensitivity(EXTI_PORT_GPIOD, EXTI_SENSITIVITY_FALL_ONLY);//Signal_In下降沿触发
   1427              LowPower_MCU_Entry_Flag = 1; 
   1428              halt(); 
   1429               
   1430              LowPower_Entry_Delay_t = 0;
   1431               
   1432              Delay_ms(100); 
   1433              CLK_PCKENR2 &= ~CLK_PCKENR2_AWU; 
   1434              CLK->ICKR &= ~CLK_ICKR_SWUAH;
   1435              //LowPower_Exit_MCU_Set();
   1436              Afe_ADC_Enable(); 
   1437              Afe_Temp_Enable();
   1438            }
   1439          } 
   1440          void LowPower_Exit_MCU_Set(void)
   1441          {   
   1442          } 
   1443          void LowPower_Powerdown_Enter(void)
   1444          {
   1445            if(PowerOff_Delay_t >= PowerOff_Delay_t_SET)
   1446            {
   1447              while(1)
   1448              { 
   1449                Afe_EnterShipMode(); 
   1450                Delay_ms(1000);
   1451              } 
   1452            }  
   1453          }
   1454          //==============================================================================
   1455          void LowPower_Cntrl(void)
   1456          { 
   1457            if(LowPower_MCU_Entry_Flag ==0)//(0)//
   1458            {
   1459              if(!SYS_CTRL1.Bit.ADC_EN) 
   1460              { 
   1461                Afe_ADC_Enable(); 
   1462              }
   1463              if(!SYS_CTRL1.Bit.TEMP_SEL )
   1464              {
   1465                Afe_Temp_Enable();
   1466              }
   1467            }
   1468            if(WorkMode == CHARGE_MODE)
   1469            {
   1470              return;
   1471            }
   1472            if(Bits_flag.Bit.DisOv)  
   1473            {
   1474              if(!SYS_CTRL2.Bit.DSG_ON && !SYS_CTRL2.Bit.CHG_ON )  
   1475              {
   1476                LowPower_Powerdown_Enter();  
   1477              }
   1478            }
   1479            else
   1480            {
   1481              LowPower_Entry_MCU_Set();  
   1482            }
   1483          }
   1484          
   1485          uint8_t CRC8_Caculate(uint8_t *ptr,uint8_t len)
   1486          {
   1487            uint8_t i;
   1488          	
   1489            uint8_t crc = 0;
   1490          
   1491            uint8_t key = 0x07; //_Poly_07
   1492            while((len--) != 0)
   1493          	
   1494            {
   1495          		
   1496              for(i = 0x80; i != 0; i /= 2)
   1497          		
   1498              {
   1499          			
   1500                if((crc & 0x80) != 0)
   1501          			
   1502                {
   1503          				
   1504                  crc *= 2;
   1505          				
   1506                  crc ^= key;
   1507          			
   1508                }
   1509          			
   1510                else
   1511          				
   1512                {
   1513                  crc *= 2;
   1514          
   1515                }
   1516          			
   1517                if((*ptr & i) != 0)
   1518          				
   1519                {
   1520                  crc ^= key;
   1521                }
   1522          		
   1523              }
   1524          		
   1525              ptr++;
   1526          	
   1527            }
   1528            return (crc);
   1529          
   1530          } 
   1531          
   1532          
   1533          //==========================================================================
   1534          /*
   1535          In a single-byte read transaction, the CRC is calculated after the second start and uses the slave address and data byte.
   1536          */
   1537          void I2C_Read(uint8_t addr,uint8_t *data)//slave device address 0x18
   1538          {      
   1539            uint16_t OverTimeDelay = OverTimeDelay_SET;
   1540            uint8_t CRC_ReData,Retry_Cnt = 5; 
   1541            Buf[0] = SLAVE_ADDR; 
   1542            while(Retry_Cnt > 0)
   1543            {
   1544              //以下见stm8s中文数据手册P251（图96主设备发送模式发送序列图）  
   1545              disableInterrupts(); 
   1546              I2C->CR2 |= 0x04; //ack使能 
   1547              //=============================发送起始位 I2C_Start() 
   1548              while(I2C->SR3 & 0x02){if((OverTimeDelay --) == 0){OverTimeDelay = OverTimeDelay_SET;I2C_COM_ERROR_Flag = 1;break;}}    // 等待总线空闲   检测i2c-SR3 busy位        
   1549              I2C->CR2 |= 0x01;        // 产生起始位     CR2 start位  
   1550              
   1551              //=============================发送器件地址 I2C_SendDAdr(0xD0)
   1552              //EV5：SB=1，读SR1 然后将地址写入DR寄存器将清除该标志。  
   1553              while(!(I2C->SR1 & 0x01));  //等待START发送完 E5  
   1554              I2C->DR = (SLAVE_ADDR << 1) + 0x00;  //发送 器件地址(最后一位是0,表示发送) 
   1555              
   1556              while(!(I2C->SR1 & 0x02 == 0x02)){if((OverTimeDelay --) == 0){OverTimeDelay = OverTimeDelay_SET;break;}}// I2C_COM_ERROR_Flag = 1; //等特7位器件地址发送完并且收到ack,ADDR置1    
   1557              //while(!(I2C->SR1 & 0x02));  //等特7位器件地址发送完并且收到ack,ADDR置1    
   1558              //EV6:ADDR 在软件读取SR1后，对SR3寄存器读操作 将清除该位 
   1559              I2C->SR1; //见P251 读SR1 (实验证明可以不要)  
   1560              I2C->SR3; //然后读SR3 清  ADDR 
   1561              
   1562              if(I2C_COM_ERROR_Flag == 0)
   1563              {
   1564                //=============================DATA 发送寄存器地址 I2C_SendDat()  
   1565                I2C->DR = (u8)(addr);      
   1566                //EV8_2 TxE=1 ，BTF=1，产生停止条件时由硬件清除。   
   1567                while(!(I2C->SR1 & 0x84));  //检测SR1: TXE1(数据寄存器为空"1") BTF(字节发送结束"1")位置(只有当stm8收到ack,TxE才会置1，其实这句相当于判断收到ack没有？)
   1568                //在发送地址和清除ADDR 之后，I2C接口进入主设备接收模式。以下见stm8s中文数据手册P252（图97主设备接收模式接收序列图）  
   1569                
   1570                //=============================I2C_Start()        
   1571                I2C->CR2 |= 0x01;  //产生重复起始位   
   1572                //EV5：SB=1，读SR1 然后将地址写入DR寄存器将清除该标志。  
   1573                while(!(I2C->SR1 & 0x01));  //等待START发送完     
   1574                //ADDRESS (接收)   
   1575                I2C->DR = (SLAVE_ADDR <<1) + 0x01;  //发送MLX90615器件地址(最后一位是1,表示接收)，发送完后自动发送ack(提前是CR2 ack位使能)      
   1576                //EV6:ADDR 在软件读取SR1后，对SR3寄存器读操作 将清除改位   
   1577                
   1578                while(!(I2C->SR1 & 0x02 == 0x02)){if((OverTimeDelay --) == 0){OverTimeDelay = OverTimeDelay_SET;break;}} // I2C_COM_ERROR_Flag = 1;//等特7位器件地址发送完并且收到ack,ADDR置1    
   1579                //while(!(I2C->SR1 & 0x02));  //等特7位器件地址发送完并且收到ack,ADDR置1  
   1580                I2C->SR1; //见P251 读SR1 (实验证明可以不要)  
   1581                I2C->SR3; //然后读SR3 清  ADDR   
   1582                   Buf[0] = 0x31;  Buf[1] = 0;     Buf[2] = 0;           
   1583                //测试EV7 RxNE=1（收到一个字节后RxNE置1） ，判断DR寄存器有数据    
   1584                while(!(I2C->SR1 & 0x40));                                        
   1585                Buf[1] = I2C->DR;//在接收模式下，收到完整字节后,自动发送ack(提前是CR2 ack位使能，不需要专门CR2 ack位置1)                                               
   1586                 
   1587               
   1588                
   1589                //测试EV7 RxNE=1（收到一个字节后RxNE置1） ，判断DR寄存器有数据    
   1590                while(!(I2C->SR1 & 0x40));                                        
   1591                Buf[2] = I2C->DR;//在接收模式下，收到完整字节后,自动发送ack(提前是CR2 ack位使能，不需要专门CR2 ack位置1)  
   1592                  //EV7_1 ：RxNE=1 ，读DR寄存器清除该标志。设置ACK=0和STOP 请求。(在接收最后一个字节前)     
   1593                I2C->SR3;
   1594                I2C->DR; 
   1595                I2C->CR2 &= ~0x04; //ack使能  
   1596                I2C->CR2 |= 0x02;  //停止位产生stop      
   1597                 
   1598                enableInterrupts(); 
   1599                //while((I2C->CR2 & I2C_CR2_STOP));
   1600                CRC_ReData = CRC8_Caculate(Buf,2);
   1601                /*Uart_SendByte(0x11);
   1602                Uart_SendByte(Buf[0]);
   1603                Uart_SendByte(Buf[1]);
   1604                Uart_SendByte(Buf[2]);*/
   1605                if(CRC_ReData == Buf[2])
   1606                {
   1607                  *data = Buf[1];
   1608                  OverTimeDelay = 200; while((OverTimeDelay --) >0);
   1609                  return;
   1610                }
   1611              }
   1612              I2C_COM_ERROR_Flag = 0;
   1613              Retry_Cnt -= 1;
   1614            }
   1615            enableInterrupts(); 
   1616            //Uart_SendByte(0xDD);
   1617            //Uart_SendByte(0xDD);
   1618          }
   1619          
   1620          //==========================================================================
   1621          /*
   1622          In a single-byte write transaction, the CRC is calculated over the slave address, register address, and data.
   1623          */
   1624          void I2C_Write(uint8_t addr,uint8_t data )
   1625          {     
   1626            uint8_t Write_Retry_Cnt = 5,CRC_data = 0;
   1627            uint16_t OverTimeDelay = OverTimeDelay_SET;
   1628            Buf[0] = SLAVE_ADDR <<1 ;
   1629            Buf[1] = addr;
   1630            Buf[2] = data;
   1631            CRC_data = CRC8_Caculate(Buf,3);//slave_addr + reg_addr + data + CRC
   1632            I2C_COM_ERROR_Flag =0;
   1633            
   1634            while(Write_Retry_Cnt > 0)
   1635            { 
   1636              disableInterrupts();
   1637              I2C_CR2 |= 0x04;
   1638              //以下见stm8s中文数据手册P251（图96主设备发送模式发送序列图） 
   1639              //=============================发送起始位 I2C_Start() 
   1640              while(I2C->SR3 & 0x02) {if((OverTimeDelay --) == 0){OverTimeDelay = 500;I2C_COM_ERROR_Flag = 1;break;}}//   // 等待总线空闲   检测i2c-SR3 busy位
   1641              //I2C_CR2 &= ~0x04;        
   1642              I2C->CR2 |= 0x01;        // 产生起始位     CR2 start位    
   1643              //=============================发送器件地址 I2C_SendDAdr(0xD0)
   1644              //EV5：SB=1，读SR1 然后将地址写入DR寄存器将清除该标志。  
   1645              while(!(I2C->SR1 & 0x01));// {if((OverTimeDelay --) == 0){OverTimeDelay = 50;I2C_COM_ERROR_Flag = 1;break;}} //等待START发送完 E5  
   1646              
   1647              I2C->DR = (SLAVE_ADDR <<1) + 0x00;  //发送 器件地址(最后一位是0,表示发送) 
   1648              
   1649              OverTimeDelay = 100; while((OverTimeDelay --) >0);OverTimeDelay = OverTimeDelay_SET;
   1650              //while(!(I2C->SR1 & 0x02 == 0x02)) {if((OverTimeDelay --) == 0){OverTimeDelay = OverTimeDelay_SET;I2C_COM_ERROR_Flag = 0;break;}} // //等特7位器件地址发送完并且收到ack,ADDR置1    
   1651              //EV6:ADDR 在软件读取SR1后，对SR3寄存器读操作 将清除该位 
   1652              I2C->SR1;   
   1653              I2C->SR3; //然后读SR3 清  ADDR 
   1654              if(I2C_COM_ERROR_Flag == 0)
   1655              {
   1656                //I2C_CR2 |= 0x04;
   1657                //=============================DATA 发送寄存器地址 I2C_SendDat()  
   1658                I2C->DR = (u8)(addr);      
   1659                //EV8_2 TxE=1 ，BTF=1，产生停止条件时由硬件清除。   
   1660                while(!(I2C->SR1 & 0x84));//84//0x80  //检测SR1: TXE1(数据寄存器为空"1") BTF(字节发送结束"1")位置(只有当stm8收到ack,TxE才会置1，其实这句相当于判断收到ack没有？)
   1661                 
   1662                //============================= 发送数据  
   1663                I2C->DR = data;  //发送MLX90615器件地址(最后一位是1,表示接收)，发送完后自动发送ack(提前是CR2 ack位使能)    
   1664                while(!(I2C->SR1 & 0x84));  //检测SR1: TXE1(数据寄存器为空"1") BTF(字节发送结束"1")位置(只有当stm8收到ack,TxE才会置1，其实这句相当于判断收到ack没有？)
   1665                //EV8_2：TxE=1，BTF=1，产生停止条件时由硬件清除。  
   1666                
   1667                //============================= 发送数据  
   1668                I2C->DR = CRC_data;    
   1669                while(!(I2C->SR1 & 0x84));  //检测SR1: TXE1(数据寄存器为空"1") BTF(字节发送结束"1")位置(只有当stm8收到ack,TxE才会置1，其实这句相当于判断收到ack没有？)
   1670                //EV8_2：TxE=1，BTF=1，产生停止条件时由硬件清除。  
   1671                
   1672                I2C->DR;  //清除I2C_SR2的BTF位
   1673                I2C->CR2 |= 0x02;  //停止位产生stop  //*注意： 发送停止位时，必须先清除I2C_SR2的BTF位  
   1674                
   1675                enableInterrupts();
   1676                OverTimeDelay = 200; while((OverTimeDelay --) >0);
   1677                if(I2C_COM_ERROR_Flag == 0)
   1678                {  
   1679                  return;
   1680                }
   1681              }
   1682              I2C_COM_ERROR_Flag = 0;
   1683              Write_Retry_Cnt -= 1; 
   1684            } 
   1685            enableInterrupts();
   1686            //Uart_SendByte(0xCC);
   1687            //Uart_SendByte(0xCC);
   1688          }
   1689           
   1690          void I2C_Read_Backup(uint8_t addr,uint8_t *data)//slave device address 0x18
   1691          {      
   1692            uint16_t OverTimeDelay = 50;
   1693            uint8_t CRC_ReData,Retry_Cnt = 5; 
   1694            Buf[0] = SLAVE_ADDR; 
   1695            while(Retry_Cnt > 0)
   1696            {
   1697              //以下见stm8s中文数据手册P251（图96主设备发送模式发送序列图） 
   1698              
   1699              I2C->CR2 |= 0x04; //ack使能 
   1700              //=============================发送起始位 I2C_Start() 
   1701              while(I2C->SR3 & 0x02);//{if((OverTimeDelay --) == 0){OverTimeDelay = 50;break;}}    // 等待总线空闲   检测i2c-SR3 busy位        
   1702              I2C->CR2 |= 0x01;        // 产生起始位     CR2 start位  
   1703              
   1704              //=============================发送器件地址 I2C_SendDAdr(0xD0)
   1705              //EV5：SB=1，读SR1 然后将地址写入DR寄存器将清除该标志。  
   1706              while(!(I2C->SR1 & 0x01));  //等待START发送完 E5  
   1707              I2C->DR = (SLAVE_ADDR << 1) + 0x00;  //发送 器件地址(最后一位是0,表示发送) 
   1708              
   1709              while(!(I2C->SR1 & 0x02 == 0x02)){if((OverTimeDelay --) == 0){OverTimeDelay = 50;break;}}  //等特7位器件地址发送完并且收到ack,ADDR置1    
   1710              //while(!(I2C->SR1 & 0x02));  //等特7位器件地址发送完并且收到ack,ADDR置1    
   1711              //EV6:ADDR 在软件读取SR1后，对SR3寄存器读操作 将清除该位 
   1712              I2C->SR1; //见P251 读SR1 (实验证明可以不要)  
   1713              I2C->SR3; //然后读SR3 清  ADDR 
   1714              
   1715              //=============================DATA 发送寄存器地址 I2C_SendDat()  
   1716              I2C->DR = (u8)(addr);      
   1717              //EV8_2 TxE=1 ，BTF=1，产生停止条件时由硬件清除。   
   1718              while(!(I2C->SR1 & 0x84));  //检测SR1: TXE1(数据寄存器为空"1") BTF(字节发送结束"1")位置(只有当stm8收到ack,TxE才会置1，其实这句相当于判断收到ack没有？)
   1719              //在发送地址和清除ADDR 之后，I2C接口进入主设备接收模式。以下见stm8s中文数据手册P252（图97主设备接收模式接收序列图）  
   1720              
   1721              //=============================I2C_Start()        
   1722              I2C->CR2 |= 0x01;  //产生重复起始位   
   1723              //EV5：SB=1，读SR1 然后将地址写入DR寄存器将清除该标志。  
   1724              while(!(I2C->SR1 & 0x01));  //等待START发送完     
   1725              //ADDRESS (接收)   
   1726              I2C->DR = (SLAVE_ADDR <<1) + 0x01;  //发送MLX90615器件地址(最后一位是1,表示接收)，发送完后自动发送ack(提前是CR2 ack位使能)      
   1727              //EV6:ADDR 在软件读取SR1后，对SR3寄存器读操作 将清除改位   
   1728              
   1729            while(!(I2C->SR1 & 0x02 == 0x02)){if((OverTimeDelay --) == 0){OverTimeDelay = 50;break;}}  //等特7位器件地址发送完并且收到ack,ADDR置1    
   1730            //while(!(I2C->SR1 & 0x02));  //等特7位器件地址发送完并且收到ack,ADDR置1  
   1731              I2C->SR1; //见P251 读SR1 (实验证明可以不要)  
   1732              I2C->SR3; //然后读SR3 清  ADDR   
   1733                 Buf[0] = 0x31;  Buf[1] = 0;     Buf[2] = 0;           
   1734              //测试EV7 RxNE=1（收到一个字节后RxNE置1） ，判断DR寄存器有数据    
   1735              while(!(I2C->SR1 & 0x40));                                        
   1736              Buf[1] = I2C->DR;//在接收模式下，收到完整字节后,自动发送ack(提前是CR2 ack位使能，不需要专门CR2 ack位置1)                                               
   1737               
   1738             
   1739              
   1740              //测试EV7 RxNE=1（收到一个字节后RxNE置1） ，判断DR寄存器有数据    
   1741              while(!(I2C->SR1 & 0x40));                                        
   1742              Buf[2] = I2C->DR;//在接收模式下，收到完整字节后,自动发送ack(提前是CR2 ack位使能，不需要专门CR2 ack位置1)  
   1743                //EV7_1 ：RxNE=1 ，读DR寄存器清除该标志。设置ACK=0和STOP 请求。(在接收最后一个字节前)     
   1744              I2C->SR3;
   1745              I2C->DR; 
   1746              I2C->CR2 &= ~0x04; //ack使能  
   1747              I2C->CR2 |= 0x02;  //停止位产生stop      
   1748               
   1749              //while((I2C->CR2 & I2C_CR2_STOP));
   1750              CRC_ReData = CRC8_Caculate(Buf,2);
   1751              /*Uart_SendByte(0x11);
   1752              Uart_SendByte(Buf[0]);
   1753              Uart_SendByte(Buf[1]);
   1754              Uart_SendByte(Buf[2]);*/
   1755              if(CRC_ReData == Buf[2])
   1756              {
   1757                *data = Buf[1];
   1758                OverTimeDelay =100; while((OverTimeDelay --) >0);
   1759                return;
   1760              }
   1761              Retry_Cnt -= 1;
   1762            } 
   1763            //Uart_SendByte(0xAA);
   1764          }
   1765          
   1766          void I2C_Write_Backup(uint8_t addr,uint8_t data )
   1767          {     
   1768            uint8_t Write_Retry_Cnt = 5,CRC_data = 0;
   1769            uint16_t OverTimeDelay = 50;
   1770            Buf[0] = SLAVE_ADDR <<1 ;
   1771            Buf[1] = addr;
   1772            Buf[2] = data;
   1773            CRC_data = CRC8_Caculate(Buf,3);//slave_addr + reg_addr + data + CRC
   1774            
   1775            while(Write_Retry_Cnt > 0)
   1776            {
   1777              I2C_CR2 |= 0x04;
   1778              //以下见stm8s中文数据手册P251（图96主设备发送模式发送序列图） 
   1779              //=============================发送起始位 I2C_Start() 
   1780              while(I2C->SR3 & 0x02);// {if((OverTimeDelay --) == 0){OverTimeDelay = 50;I2C_COM_ERROR_Flag = 1;break;}}   // 等待总线空闲   检测i2c-SR3 busy位
   1781              //I2C_CR2 &= ~0x04;        
   1782              I2C->CR2 |= 0x01;        // 产生起始位     CR2 start位    
   1783              //=============================发送器件地址 I2C_SendDAdr(0xD0)
   1784              //EV5：SB=1，读SR1 然后将地址写入DR寄存器将清除该标志。  
   1785              while(!(I2C->SR1 & 0x01));// {if((OverTimeDelay --) == 0){OverTimeDelay = 50;I2C_COM_ERROR_Flag = 1;break;}} //等待START发送完 E5  
   1786              
   1787              I2C->DR = (SLAVE_ADDR <<1) + 0x00;  //发送 器件地址(最后一位是0,表示发送) 
   1788              while(!(I2C->SR1 & 0x02 == 0x02)) {if((OverTimeDelay --) == 0){OverTimeDelay = 50;I2C_COM_ERROR_Flag = 1;break;}}  //等特7位器件地址发送完并且收到ack,ADDR置1    
   1789              //EV6:ADDR 在软件读取SR1后，对SR3寄存器读操作 将清除该位 
   1790              I2C->SR1;   
   1791              I2C->SR3; //然后读SR3 清  ADDR 
   1792              
   1793              //I2C_CR2 |= 0x04;
   1794              //=============================DATA 发送寄存器地址 I2C_SendDat()  
   1795              I2C->DR = (u8)(addr);      
   1796              //EV8_2 TxE=1 ，BTF=1，产生停止条件时由硬件清除。   
   1797              while(!(I2C->SR1 & 0x84));//84//0x80  //检测SR1: TXE1(数据寄存器为空"1") BTF(字节发送结束"1")位置(只有当stm8收到ack,TxE才会置1，其实这句相当于判断收到ack没有？)
   1798               
   1799              //============================= 发送数据  
   1800              I2C->DR = data;  //发送MLX90615器件地址(最后一位是1,表示接收)，发送完后自动发送ack(提前是CR2 ack位使能)    
   1801              while(!(I2C->SR1 & 0x84));  //检测SR1: TXE1(数据寄存器为空"1") BTF(字节发送结束"1")位置(只有当stm8收到ack,TxE才会置1，其实这句相当于判断收到ack没有？)
   1802              //EV8_2：TxE=1，BTF=1，产生停止条件时由硬件清除。  
   1803              
   1804              //============================= 发送数据  
   1805              I2C->DR = CRC_data;    
   1806              while(!(I2C->SR1 & 0x84));  //检测SR1: TXE1(数据寄存器为空"1") BTF(字节发送结束"1")位置(只有当stm8收到ack,TxE才会置1，其实这句相当于判断收到ack没有？)
   1807              //EV8_2：TxE=1，BTF=1，产生停止条件时由硬件清除。  
   1808              
   1809              I2C->DR;  //清除I2C_SR2的BTF位
   1810              I2C->CR2 |= 0x02;  //停止位产生stop  //*注意： 发送停止位时，必须先清除I2C_SR2的BTF位  
   1811              
   1812              OverTimeDelay =100; while((OverTimeDelay --) >0);
   1813              if(I2C_COM_ERROR_Flag == 1)
   1814              {
   1815                return;
   1816              }
   1817              I2C_COM_ERROR_Flag = 0;
   1818              Write_Retry_Cnt -= 1; 
   1819            }  
   1820          }
   1821           
   1822          
   1823          void Var_Init(void)
   1824          { 
   1825            uint8_t i = 0;
   1826            
   1827            
   1828             
   1829            ChgExchangeMode_Cnt = 100;
   1830            DisExchangeMode_Cnt = 0;
   1831            IdleExchangeMode_Cnt = 0;
   1832            for(i =0; i <10; i++)
   1833            {
   1834              Adc_value[i] = 0;
   1835              Cell_Volt[i] = 0;
   1836            }
   1837            Temp_Volt_Sample_Cnt = 0;
   1838            Cell_Volt_Sample_Cnt = 0;
   1839            I2C_COM_ERROR_Flag = 0;
   1840            Current_Val = 0;
   1841            ADCOffset_Val = 0;
   1842            CC_Val = 0;
   1843            Cell_Volt_Tol = 0;
   1844            Cell_Volt_Avg = 0;
   1845            Cell_Volt_Max = 0;
   1846            Cell_Volt_Min = 0; 
   1847            ADCGain_Val = 0; 
   1848            Pack_Volt = 0;
   1849            Temp_Val = 0;
   1850            V_TS2_Val = 0; 
   1851            R_TS2_Val = 0; 
   1852            
   1853            SYS_STAT_Last = 0;
   1854            CELLBAL1_Last = 0;
   1855            CELLBAL2_Last = 0;
   1856            SYS_CTRL1_Last = 0;
   1857            SYS_CTRL2_Last = 0; 
   1858            PROTECT1_Last = 0;
   1859            PROTECT2_Last = 0;
   1860            PROTECT3_Last = 0;
   1861            OV_TRIP_Last = 0;
   1862            UV_TRIP_Last = 0;
   1863            CC_CFG_Last = 0;
   1864            
   1865            
   1866            ChgOv_t = 0;
   1867            ChgCurOv_t = 0;
   1868            ChgCurOv_Re_t = 0;  
   1869            DisOv_t = 0;
   1870            DisCurOv_t = 0;
   1871            DisCurOv_t1 = 0;
   1872            DisCurOv_t2 = 0;
   1873            DisCurOv_Re_t = 0;
   1874            DisCurShort_Re_t = 0;
   1875            
   1876            DEVICE_XREADY_Re_t = 0;
   1877            
   1878            CellBalance_Cur_Selct = 0;  
   1879            LedFlash_t = 0;
   1880            PowerOff_Delay_t = 0;
   1881            Delay_time_t = 0;
   1882            
   1883            WorkMode = IDLE_MODE;
   1884            
   1885            SYS_STAT.Byte = 0;
   1886            
   1887            RevcComData.uintdata = 0;
   1888            Bits_flag.Byte = 0;
   1889            
   1890            SocCalc.inAh = 0;
   1891            SocCalc.inAh_bak = 0;
   1892            SocCalc.totalInAh = 0;
   1893            SocCalc.totalInAh_bak = 0;
   1894            SocCalc.outAh = 0;
   1895            SocCalc.outAh_bak = 0;
   1896            SocCalc.totalOutAh = 0;
   1897            SocCalc.totalOutAh_bak = 0;
   1898            SocCalc.curAh = 0;
   1899            SocCalc.ov_cnt = 0;
   1900            SocCalc.uv_cnt = 0;
   1901            SocCalc.stb_cnt = 0;
   1902            SocCalc.soc_rt = 0; 
   1903            
   1904             
   1905          }
   1906          
   1907          #endif

   Section sizes:

     Function/Label                Bytes
     --------------                -----
     _A_PA_IDR                        1
     _A_PC_ODR                        1
     _A_PD_IDR                        1
     _A_CLK_ICKR                      1
     _A_CLK_ECKR                      1
     _A_CLK_SWCR                      1
     _A_CLK_CKDIVR                    1
     CLK_PCKENR1                      1
     CLK_PCKENR2                      1
     IWDG_KR                          1
     _A_IWDG_PR                       1
     IWDG_RLR                         1
     _A_I2C_CR1                       1
     _A_I2C_CR2                       1
     _A_I2C_FREQR                     1
     I2C_CCRL                         1
     _A_I2C_CCRH                      1
     _A_I2C_TRISER                    1
     _A_UART1_SR                      1
     UART1_DR                         1
     UART1_BRR1                       1
     UART1_BRR2                       1
     _A_UART1_CR1                     1
     _A_UART1_CR2                     1
     _A_UART1_CR3                     1
     _A_TIM1_CR1                      1
     _A_TIM1_EGR                      1
     _A_TIM1_CCMR1                    1
     _A_TIM1_CCMR2                    1
     _A_TIM1_CCER1                    1
     TIM1_PSCRH                       1
     TIM1_PSCRL                       1
     TIM1_ARRH                        1
     TIM1_ARRL                        1
     TIM1_CCR1H                       1
     TIM1_CCR1L                       1
     TIM1_CCR2H                       1
     TIM1_CCR2L                       1
     _A_TIM1_BKR                      1
     _A_TIM2_CR1                      1
     _A_TIM2_IER                      1
     _A_TIM2_EGR                      1
     _A_TIM2_CCMR1                    1
     _A_TIM2_CCER1                    1
     TIM2_CNTRH                       1
     TIM2_CNTRL                       1
     _A_TIM2_PSCR                     1
     TIM2_ARRH                        1
     TIM2_ARRL                        1
     TIM2_CCR1H                       1
     TIM2_CCR1L                       1
     _A_TIM4_CR1                      1
     _A_TIM4_IER                      1
     _A_TIM4_EGR                      1
     TIM4_CNTR                        1
     _A_TIM4_PSCR                     1
     TIM4_ARR                         1
     _A_ADC_CSR                       1
     _A_ADC_CR1                       1
     ADC_DRH                          1
     ADC_DRL                          1
     PWM2_Init                       61
     PWM1_Init                       77
     ADC                             47
     ?Subroutine35                   15
     ?Subroutine3                     7
     ADConverse                     122
     SysInit                         22
     ClrWdt                          21
     PortInit                        33
     ?Subroutine38                    6
     ?Subroutine37                    8
     ?Subroutine36                   10
     ?Subroutine44                    6
     ?Subroutine19                   21
     ?Subroutine17                   56
     ?Subroutine43                    6
     ?Subroutine42                   11
     PortInit_Backup                 37
     ?Subroutine39                    6
     Uart_Model_Init                 29
     Uart_SendByte                   25
     itoa                           110
     rev                             21
     Uart_SendStr                    38
     Uart_SendData                   57
     I2C_Model_Init                  33
     Timer2Init                      41
     Timer4_Init_us                  18
     ?Subroutine23                    9
     ?Subroutine22                    9
     ?Subroutine20                   13
     Timer4_Init_ms                  18
     Timer4_Disable                  13
     Delay_us                        14
     Delay_ms                        14
     ?Subroutine25                    6
     TempCheck                      167
     ChgTemp_cnt                      1
     DisTemp_cnt                      1
     ?Subroutine21                    6
     ??Subroutine46_0                 6
     CurrentCheck                   136
     VoltCheck                      216
     ?Subroutine6                     9
     ?Subroutine32                    6
     ?Subroutine2                     8
     ModeCheck_Backup               173
     ?Subroutine7                    10
     ExchangeMode_Cnt                 1
     ModeCheck                      111
     ?Subroutine0                    13
     Afe_CC_Disable_Lock              1
     ClearStatus                    187
     ?Subroutine33                   10
     Afe_Volt_Val_Get               367
     ?Subroutine34                    8
     CellBal_Cntrl                  197
     ?Subroutine31                   10
     ?Subroutine4                     7
     ?Subroutine1                     8
     LedShow_Cntrl                  167
     ?Subroutine30                    5
     ?Subroutine29                    9
     ?Subroutine28                    9
     LedShow_WorkMode                37
     LowPower_Entry_MCU_Set          95
     ?Subroutine27                   11
     ?Subroutine26                   14
     ?Subroutine24                   20
     LowPower_Entry_Exit_Cnt          1
     LowPower_Entry_MCU_Set_Backup   45
     LowPower_Exit_MCU_Set            1
     LowPower_Powerdown_Enter        20
     LowPower_Cntrl                  45
     CRC8_Caculate                   66
     ?Subroutine16                    5
     ?Subroutine15                    5
     ?Subroutine12                    6
     ?Subroutine9                     2
     ??Subroutine45_0                 6
     ?Subroutine41                    9
     ?Subroutine5                    10
     I2C_Read                       155
     ?Subroutine18                   11
     ?Subroutine14                    7
     ?Subroutine40                    7
     ?Subroutine13                   11
     ?Subroutine11                   21
     ?Subroutine10                   16
     I2C_Write                      116
     ?Subroutine8                    32
     I2C_Read_Backup                137
     I2C_Write_Backup               101
     Var_Init                       243
     ?<Constant "abcdef">             7
     ?<Constant {0}>                 20
     ?<Constant "0x">                 3

 
    26 bytes in section .near.bss
    61 bytes in section .near.noinit
    30 bytes in section .near.rodata
 4 118 bytes in section .near_func.text
 
 4 118 bytes of CODE  memory
    30 bytes of CONST memory
    26 bytes of DATA  memory (+ 61 bytes shared)

Errors: none
Warnings: 3
